Archive member included because of file (symbol)

/Users/wavelife/Documents/UOC/TFC/pfc/CMSISv2p00_LPC17xx/Debug/libCMSISv2p00_LPC17xx.a(system_LPC17xx.o)
                              ./cr_startup_lpc17.o (SystemInit)
/Users/wavelife/Documents/UOC/TFC/pfc/LPC1769_UOC_Library/Debug/libLPC1769_UOC_Library.a(log.o)
                              ./main.o (Log_start)
/Users/wavelife/Documents/UOC/TFC/pfc/LPC1769_UOC_Library/Debug/libLPC1769_UOC_Library.a(printf.o)
                              /Users/wavelife/Documents/UOC/TFC/pfc/LPC1769_UOC_Library/Debug/libLPC1769_UOC_Library.a(log.o) (Printf_start)
/Users/wavelife/Documents/UOC/TFC/pfc/LPC1769_UOC_Library/Debug/libLPC1769_UOC_Library.a(uart.o)
                              /Users/wavelife/Documents/UOC/TFC/pfc/LPC1769_UOC_Library/Debug/libLPC1769_UOC_Library.a(printf.o) (UART0Buffer)
/Users/wavelife/Documents/UOC/TFC/pfc/FreeRTOS_Library/Debug/libFreeRTOS_Library.a(port.o)
                              ./cr_startup_lpc17.o (vPortSVCHandler)
/Users/wavelife/Documents/UOC/TFC/pfc/FreeRTOS_Library/Debug/libFreeRTOS_Library.a(basic_io.o)
                              ./main.o (vPrintString)
/Users/wavelife/Documents/UOC/TFC/pfc/FreeRTOS_Library/Debug/libFreeRTOS_Library.a(consoleprint.o)
                              /Users/wavelife/Documents/UOC/TFC/pfc/FreeRTOS_Library/Debug/libFreeRTOS_Library.a(basic_io.o) (consoleprint)
/Users/wavelife/Documents/UOC/TFC/pfc/FreeRTOS_Library/Debug/libFreeRTOS_Library.a(queue.o)
                              ./main.o (xQueueGenericCreate)
/Users/wavelife/Documents/UOC/TFC/pfc/FreeRTOS_Library/Debug/libFreeRTOS_Library.a(tasks.o)
                              ./main.o (xTaskGenericCreate)
/Users/wavelife/Documents/UOC/TFC/pfc/FreeRTOS_Library/Debug/libFreeRTOS_Library.a(heap_2.o)
                              /Users/wavelife/Documents/UOC/TFC/pfc/FreeRTOS_Library/Debug/libFreeRTOS_Library.a(queue.o) (pvPortMalloc)
/Users/wavelife/Documents/UOC/TFC/pfc/FreeRTOS_Library/Debug/libFreeRTOS_Library.a(list.o)
                              /Users/wavelife/Documents/UOC/TFC/pfc/FreeRTOS_Library/Debug/libFreeRTOS_Library.a(queue.o) (vListInitialise)
/Applications/lpcxpresso_7.6.2_326/lpcxpresso/tools/bin/../lib/gcc/arm-none-eabi/4.9.3/../../../../arm-none-eabi/lib/armv7-m/libcr_semihost.a(__sys_write.o)
                              /Users/wavelife/Documents/UOC/TFC/pfc/FreeRTOS_Library/Debug/libFreeRTOS_Library.a(consoleprint.o) (__write)
/Applications/lpcxpresso_7.6.2_326/lpcxpresso/tools/bin/../lib/gcc/arm-none-eabi/4.9.3/../../../../arm-none-eabi/lib/armv7-m/libcr_semihost.a(_cr__main.o)
                              ./cr_startup_lpc17.o (__main)
/Applications/lpcxpresso_7.6.2_326/lpcxpresso/tools/bin/../lib/gcc/arm-none-eabi/4.9.3/../../../../arm-none-eabi/lib/armv7-m/libcr_c.a(memcpy.o)
                              /Users/wavelife/Documents/UOC/TFC/pfc/FreeRTOS_Library/Debug/libFreeRTOS_Library.a(queue.o) (memcpy)
/Applications/lpcxpresso_7.6.2_326/lpcxpresso/tools/bin/../lib/gcc/arm-none-eabi/4.9.3/../../../../arm-none-eabi/lib/armv7-m/libcr_c.a(memset.o)
                              /Users/wavelife/Documents/UOC/TFC/pfc/FreeRTOS_Library/Debug/libFreeRTOS_Library.a(tasks.o) (memset)
/Applications/lpcxpresso_7.6.2_326/lpcxpresso/tools/bin/../lib/gcc/arm-none-eabi/4.9.3/../../../../arm-none-eabi/lib/armv7-m/libcr_c.a(fpprintf.o)
                              /Users/wavelife/Documents/UOC/TFC/pfc/FreeRTOS_Library/Debug/libFreeRTOS_Library.a(basic_io.o) (sprintf)
/Applications/lpcxpresso_7.6.2_326/lpcxpresso/tools/bin/../lib/gcc/arm-none-eabi/4.9.3/../../../../arm-none-eabi/lib/armv7-m/libcr_c.a(initio.o)
                              /Applications/lpcxpresso_7.6.2_326/lpcxpresso/tools/bin/../lib/gcc/arm-none-eabi/4.9.3/../../../../arm-none-eabi/lib/armv7-m/libcr_semihost.a(_cr__main.o) (_initio)
/Applications/lpcxpresso_7.6.2_326/lpcxpresso/tools/bin/../lib/gcc/arm-none-eabi/4.9.3/../../../../arm-none-eabi/lib/armv7-m/libcr_c.a(printf.o)
                              /Applications/lpcxpresso_7.6.2_326/lpcxpresso/tools/bin/../lib/gcc/arm-none-eabi/4.9.3/../../../../arm-none-eabi/lib/armv7-m/libcr_c.a(fpprintf.o) (__vfprintf)
/Applications/lpcxpresso_7.6.2_326/lpcxpresso/tools/bin/../lib/gcc/arm-none-eabi/4.9.3/../../../../arm-none-eabi/lib/armv7-m/libcr_c.a(setvbuf.o)
                              /Applications/lpcxpresso_7.6.2_326/lpcxpresso/tools/bin/../lib/gcc/arm-none-eabi/4.9.3/../../../../arm-none-eabi/lib/armv7-m/libcr_c.a(initio.o) (setvbuf)
/Applications/lpcxpresso_7.6.2_326/lpcxpresso/tools/bin/../lib/gcc/arm-none-eabi/4.9.3/../../../../arm-none-eabi/lib/armv7-m/libcr_c.a(stdio.o)
                              /Applications/lpcxpresso_7.6.2_326/lpcxpresso/tools/bin/../lib/gcc/arm-none-eabi/4.9.3/../../../../arm-none-eabi/lib/armv7-m/libcr_c.a(fpprintf.o) (__Ciob)
/Applications/lpcxpresso_7.6.2_326/lpcxpresso/tools/bin/../lib/gcc/arm-none-eabi/4.9.3/../../../../arm-none-eabi/lib/armv7-m/libcr_c.a(stdlib.o)
[...]
Memory Configuration

Name             Origin             Length             Attributes
MFlash512        0x0000000000000000 0x0000000000080000 xr
RamLoc32         0x0000000010000000 0x0000000000008000 xrw
RamAHB32         0x000000002007c000 0x0000000000008000 xrw
*default*        0x0000000000000000 0xffffffffffffffff

Linker script and memory map

LOAD ./cr_startup_lpc17.o
LOAD ./main.o
LOAD /Users/wavelife/Documents/UOC/TFC/pfc/CMSISv2p00_LPC17xx/Debug/libCMSISv2p00_LPC17xx.a
LOAD /Users/wavelife/Documents/UOC/TFC/pfc/LPC1769_UOC_Library/Debug/libLPC1769_UOC_Library.a
LOAD /Users/wavelife/Documents/UOC/TFC/pfc/FreeRTOS_Library/Debug/libFreeRTOS_Library.a
START GROUP
LOAD /Applications/lpcxpresso_7.6.2_326/lpcxpresso/tools/bin/../lib/gcc/arm-none-eabi/4.9.3/../../../../arm-none-eabi/lib/armv7-m/libcr_semihost.a
LOAD /Applications/lpcxpresso_7.6.2_326/lpcxpresso/tools/bin/../lib/gcc/arm-none-eabi/4.9.3/../../../../arm-none-eabi/lib/armv7-m/libcr_c.a
LOAD /Applications/lpcxpresso_7.6.2_326/lpcxpresso/tools/bin/../lib/gcc/arm-none-eabi/4.9.3/armv7-m/libcr_eabihelpers.a
END GROUP
                0x0000000000080000                __top_MFlash512 = 0x80000
                0x0000000010008000                __top_RamLoc32 = 0x10008000
                0x0000000020084000                __top_RamAHB32 = 0x20084000

.text           0x0000000000000000     0x50f8
 FILL mask 0xff
                0x0000000000000000                __vectors_start__ = ABSOLUTE (.)
 *(.isr_vector)
 .isr_vector    0x0000000000000000       0xcc ./cr_startup_lpc17.o
                0x0000000000000000                g_pfnVectors
                0x00000000000000cc                . = ALIGN (0x4)
                0x00000000000000cc                __section_table_start = .
                0x00000000000000cc                __data_section_table = .
                0x00000000000000cc        0x4 LONG 0x50f8 LOADADDR (.data)
                0x00000000000000d0        0x4 LONG 0x10000000 ADDR (.data)
                0x00000000000000d4        0x4 LONG 0x104 SIZEOF (.data)
                0x00000000000000d8        0x4 LONG 0x50f8 LOADADDR (.data_RAM2)
                0x00000000000000dc        0x4 LONG 0x2007c000 ADDR (.data_RAM2)
                0x00000000000000e0        0x4 LONG 0x0 SIZEOF (.data_RAM2)
                0x00000000000000e4                __data_section_table_end = .
                0x00000000000000e4                __bss_section_table = .
                0x00000000000000e4        0x4 LONG 0x10000108 ADDR (.bss)
                0x00000000000000e8        0x4 LONG 0x5090 SIZEOF (.bss)
                0x00000000000000ec        0x4 LONG 0x2007c000 ADDR (.bss_RAM2)
                0x00000000000000f0        0x4 LONG 0x0 SIZEOF (.bss_RAM2)
                0x00000000000000f4                __bss_section_table_end = .
                0x00000000000000f4                __section_table_end = .
 *(.after_vectors*)
 *(.text*)
 .text.NMI_Handler
                0x00000000000000f4        0x4 ./cr_startup_lpc17.o
                0x00000000000000f4                NMI_Handler
 .text.HardFault_Handler
                0x00000000000000f8        0x4 ./cr_startup_lpc17.o
                0x00000000000000f8                HardFault_Handler
 .text.MemManage_Handler
                0x00000000000000fc        0x4 ./cr_startup_lpc17.o
                0x00000000000000fc                MemManage_Handler
 .text.BusFault_Handler
                0x0000000000000100        0x4 ./cr_startup_lpc17.o
                0x0000000000000100                BusFault_Handler
 .text.UsageFault_Handler
                0x0000000000000104        0x4 ./cr_startup_lpc17.o
                0x0000000000000104                UsageFault_Handler
 .text.DebugMon_Handler
                0x0000000000000108        0x4 ./cr_startup_lpc17.o
                0x0000000000000108                DebugMon_Handler
 .text.IntDefaultHandler
                0x000000000000010c        0x4 ./cr_startup_lpc17.o
                0x000000000000010c                ENET_IRQHandler
                0x000000000000010c                RIT_IRQHandler
                0x000000000000010c                I2C0_IRQHandler
                0x000000000000010c                USBActivity_IRQHandler
                0x000000000000010c                PWM1_IRQHandler
                0x000000000000010c                I2C1_IRQHandler
                0x000000000000010c                EINT2_IRQHandler
                0x000000000000010c                EINT3_IRQHandler
                0x000000000000010c                CANActivity_IRQHandler
                0x000000000000010c                TIMER3_IRQHandler
                0x000000000000010c                IntDefaultHandler
                0x000000000000010c                PLL0_IRQHandler
                0x000000000000010c                CAN_IRQHandler
                0x000000000000010c                PLL1_IRQHandler
                0x000000000000010c                SSP0_IRQHandler
                0x000000000000010c                I2S_IRQHandler
                0x000000000000010c                I2C2_IRQHandler
                0x000000000000010c                RTC_IRQHandler
                0x000000000000010c                TIMER0_IRQHandler
                0x000000000000010c                SPI_IRQHandler
                0x000000000000010c                EINT1_IRQHandler
                0x000000000000010c                TIMER1_IRQHandler
                0x000000000000010c                ADC_IRQHandler
                0x000000000000010c                SSP1_IRQHandler
                0x000000000000010c                USB_IRQHandler
                0x000000000000010c                BOD_IRQHandler
                0x000000000000010c                WDT_IRQHandler
                0x000000000000010c                QEI_IRQHandler
                0x000000000000010c                EINT0_IRQHandler
                0x000000000000010c                DMA_IRQHandler
                0x000000000000010c                MCPWM_IRQHandler
                0x000000000000010c                TIMER2_IRQHandler
 .text.ResetISR
                0x0000000000000110       0x58 ./cr_startup_lpc17.o
                0x0000000000000110                ResetISR
 .text.vReceiverTask
                0x0000000000000168      0x114 ./main.o
 .text.vSenderTask
                0x000000000000027c       0x8c ./main.o
 .text.main     0x0000000000000308       0xd4 ./main.o
                0x0000000000000308                main
 .text.SystemInit
                0x00000000000003dc       0x9c /Users/wavelife/Documents/UOC/TFC/pfc/CMSISv2p00_LPC17xx/Debug/libCMSISv2p00_LPC17xx.a(system_LPC17xx.o)
                0x00000000000003dc                SystemInit
 .text.Log_start
                0x0000000000000478       0x40 /Users/wavelife/Documents/UOC/TFC/pfc/LPC1769_UOC_Library/Debug/libLPC1769_UOC_Library.a(log.o)
                0x0000000000000478                Log_start
 .text.Log_log  0x00000000000004b8       0x9c /Users/wavelife/Documents/UOC/TFC/pfc/LPC1769_UOC_Library/Debug/libLPC1769_UOC_Library.a(log.o)
                0x00000000000004b8                Log_log
 .text.Printf_conf
                0x0000000000000554       0xe4 /Users/wavelife/Documents/UOC/TFC/pfc/LPC1769_UOC_Library/Debug/libLPC1769_UOC_Library.a(printf.o)
                0x0000000000000554                Printf_conf
 .text.Printf_start
                0x0000000000000638       0x70 /Users/wavelife/Documents/UOC/TFC/pfc/LPC1769_UOC_Library/Debug/libLPC1769_UOC_Library.a(printf.o)
                0x0000000000000638                Printf_start
 .text.printf_send
                0x00000000000006a8       0x8c /Users/wavelife/Documents/UOC/TFC/pfc/LPC1769_UOC_Library/Debug/libLPC1769_UOC_Library.a(printf.o)
                0x00000000000006a8                printf_send
 .text.Printf_print
                0x0000000000000734       0x84 /Users/wavelife/Documents/UOC/TFC/pfc/LPC1769_UOC_Library/Debug/libLPC1769_UOC_Library.a(printf.o)
                0x0000000000000734                Printf_print
 .text.Printf_vsprint
                0x00000000000007b8       0x78 /Users/wavelife/Documents/UOC/TFC/pfc/LPC1769_UOC_Library/Debug/libLPC1769_UOC_Library.a(printf.o)
                0x00000000000007b8                Printf_vsprint
 .text.Printf_transactionOn
                0x0000000000000830       0x84 /Users/wavelife/Documents/UOC/TFC/pfc/LPC1769_UOC_Library/Debug/libLPC1769_UOC_Library.a(printf.o)
                0x0000000000000830                Printf_transactionOn
 .text.Printf_transactionOff
                0x00000000000008b4       0x2c /Users/wavelife/Documents/UOC/TFC/pfc/LPC1769_UOC_Library/Debug/libLPC1769_UOC_Library.a(printf.o)
                0x00000000000008b4                Printf_transactionOff
 .text.NVIC_EnableIRQ
                0x00000000000008e0       0x30 /Users/wavelife/Documents/UOC/TFC/pfc/LPC1769_UOC_Library/Debug/libLPC1769_UOC_Library.a(uart.o)
 .text.UART0_IRQHandler
                0x0000000000000910       0xf4 /Users/wavelife/Documents/UOC/TFC/pfc/LPC1769_UOC_Library/Debug/libLPC1769_UOC_Library.a(uart.o)
                0x0000000000000910                UART0_IRQHandler
 .text.UART1_IRQHandler
                0x0000000000000a04       0xf4 /Users/wavelife/Documents/UOC/TFC/pfc/LPC1769_UOC_Library/Debug/libLPC1769_UOC_Library.a(uart.o)
                0x0000000000000a04                UART1_IRQHandler
 .text.UART2_IRQHandler
                0x0000000000000af8       0xf4 /Users/wavelife/Documents/UOC/TFC/pfc/LPC1769_UOC_Library/Debug/libLPC1769_UOC_Library.a(uart.o)
                0x0000000000000af8                UART2_IRQHandler
 .text.UART3_IRQHandler
                0x0000000000000bec       0xf4 /Users/wavelife/Documents/UOC/TFC/pfc/LPC1769_UOC_Library/Debug/libLPC1769_UOC_Library.a(uart.o)
                0x0000000000000bec                UART3_IRQHandler
 .text.UARTInit
                0x0000000000000ce0      0x2d8 /Users/wavelife/Documents/UOC/TFC/pfc/LPC1769_UOC_Library/Debug/libLPC1769_UOC_Library.a(uart.o)
                0x0000000000000ce0                UARTInit
 .text.UARTSend
                0x0000000000000fb8       0xdc /Users/wavelife/Documents/UOC/TFC/pfc/LPC1769_UOC_Library/Debug/libLPC1769_UOC_Library.a(uart.o)
                0x0000000000000fb8                UARTSend
 .text          0x0000000000001094      0x130 /Users/wavelife/Documents/UOC/TFC/pfc/FreeRTOS_Library/Debug/libFreeRTOS_Library.a(port.o)
                0x0000000000001094                pxPortInitialiseStack
                0x00000000000010b0                vPortSVCHandler
                0x00000000000010d0                vPortStartFirstTask
                0x00000000000010e0                xPortStartScheduler
                0x000000000000111c                vPortEndScheduler
                0x0000000000001120                vPortYieldFromISR
                0x0000000000001130                vPortEnterCritical
                0x0000000000001148                vPortExitCritical
                0x0000000000001160                xPortPendSVHandler
                0x000000000000119c                xPortSysTickHandler
 .text          0x00000000000011c4       0x50 /Users/wavelife/Documents/UOC/TFC/pfc/FreeRTOS_Library/Debug/libFreeRTOS_Library.a(basic_io.o)
                0x00000000000011c4                vPrintString
                0x00000000000011e8                vPrintStringAndNumber
 .text          0x0000000000001214       0x14 /Users/wavelife/Documents/UOC/TFC/pfc/FreeRTOS_Library/Debug/libFreeRTOS_Library.a(consoleprint.o)
                0x0000000000001214                consoleprint
 .text          0x0000000000001228      0x574 /Users/wavelife/Documents/UOC/TFC/pfc/FreeRTOS_Library/Debug/libFreeRTOS_Library.a(queue.o)
                0x0000000000001324                xQueueGenericCreate
                0x000000000000138c                xQueueGenericSend
                0x0000000000001468                xQueueCreateMutex
                0x00000000000014b4                xQueueGiveMutexRecursive
                0x00000000000014e4                xQueueGenericSendFromISR
                0x000000000000153c                xQueueGenericReceive
                0x000000000000164c                xQueueTakeMutexRecursive
                0x0000000000001680                xQueueReceiveFromISR
                0x00000000000016dc                uxQueueMessagesWaiting
                0x00000000000016f0                uxQueueMessagesWaitingFromISR
                0x00000000000016f4                vQueueDelete
                0x0000000000001734                ucQueueGetQueueNumber
                0x000000000000173c                vQueueSetQueueNumber
                0x0000000000001744                ucQueueGetQueueType
                0x000000000000174c                xQueueIsQueueEmptyFromISR
                0x0000000000001758                xQueueIsQueueFullFromISR
                0x0000000000001768                vQueueAddToRegistry
 .text          0x000000000000179c      0xc0c /Users/wavelife/Documents/UOC/TFC/pfc/FreeRTOS_Library/Debug/libFreeRTOS_Library.a(tasks.o)
                0x000000000000186c                xTaskGenericCreate
                0x0000000000001a04                vTaskDelete
                0x0000000000001a6c                uxTaskPriorityGet
                0x0000000000001a88                vTaskPrioritySet
                0x0000000000001b20                xTaskIsTaskSuspended
                0x0000000000001b44                vTaskResume
                0x0000000000001ba8                xTaskResumeFromISR
                0x0000000000001c28                vTaskStartScheduler
                0x0000000000001c70                vTaskEndScheduler
                0x0000000000001c8c                vTaskSuspendAll
                0x0000000000001ca0                xTaskGetTickCount
                0x0000000000001cb8                xTaskGetTickCountFromISR
                0x0000000000001cd4                uxTaskGetNumberOfTasks
                0x0000000000001ce0                vTaskIncrementTick
                0x0000000000001dc4                xTaskResumeAll
                0x0000000000001e98                vTaskDelayUntil
                0x0000000000001ef8                vTaskDelay
                0x0000000000001f7c                vTaskList
                0x0000000000002038                vTaskSwitchContext
                0x00000000000020c8                vTaskSuspend
                0x0000000000002174                vTaskPlaceOnEventList
                0x00000000000021b0                xTaskRemoveFromEventList
                0x000000000000221c                vTaskSetTimeOutState
                0x0000000000002230                xTaskCheckForTimeOut
                0x0000000000002290                vTaskMissedYield
                0x00000000000022a0                uxTaskGetTaskNumber
                0x00000000000022ac                vTaskSetTaskNumber
                0x00000000000022b4                uxTaskGetStackHighWaterMark
                0x00000000000022e0                xTaskGetCurrentTaskHandle
                0x00000000000022ec                vTaskPriorityInherit
                0x000000000000235c                vTaskPriorityDisinherit
 .text          0x00000000000023a8      0x11c /Users/wavelife/Documents/UOC/TFC/pfc/FreeRTOS_Library/Debug/libFreeRTOS_Library.a(heap_2.o)
                0x00000000000023a8                pvPortMalloc
                0x0000000000002470                vPortFree
                0x00000000000024b4                xPortGetFreeHeapSize
                0x00000000000024c0                vPortInitialiseBlocks
 .text          0x00000000000024c4       0x9c /Users/wavelife/Documents/UOC/TFC/pfc/FreeRTOS_Library/Debug/libFreeRTOS_Library.a(list.o)
                0x00000000000024c4                vListInitialise
                0x00000000000024dc                vListInitialiseItem
                0x00000000000024e4                vListInsertEnd
                0x0000000000002500                vListInsert
                0x000000000000253c                vListRemove
 .text.__sys_write
                0x0000000000002560        0xc /Applications/lpcxpresso_7.6.2_326/lpcxpresso/tools/bin/../lib/gcc/arm-none-eabi/4.9.3/../../../../arm-none-eabi/lib/armv7-m/libcr_semihost.a(__sys_write.o)
                0x0000000000002560                __write
                0x0000000000002560                __sys_write
 .text.__main   0x000000000000256c       0x14 /Applications/lpcxpresso_7.6.2_326/lpcxpresso/tools/bin/../lib/gcc/arm-none-eabi/4.9.3/../../../../arm-none-eabi/lib/armv7-m/libcr_semihost.a(_cr__main.o)
                0x000000000000256c                __main
                0x000000000000256c                __CR_SEMIHOST
 .text.memcpy   0x0000000000002580        0x4 /Applications/lpcxpresso_7.6.2_326/lpcxpresso/tools/bin/../lib/gcc/arm-none-eabi/4.9.3/../../../../arm-none-eabi/lib/armv7-m/libcr_c.a(memcpy.o)
                0x0000000000002580                memcpy
 .text.memset   0x0000000000002584        0x4 /Applications/lpcxpresso_7.6.2_326/lpcxpresso/tools/bin/../lib/gcc/arm-none-eabi/4.9.3/../../../../arm-none-eabi/lib/armv7-m/libcr_c.a(memset.o)
                0x0000000000002584                memset
 .text.fp_round
                0x0000000000002588       0x4a /Applications/lpcxpresso_7.6.2_326/lpcxpresso/tools/bin/../lib/gcc/arm-none-eabi/4.9.3/../../../../arm-none-eabi/lib/armv7-m/libcr_c.a(fpprintf.o)
 .text.pr_dec.constprop.1
                0x00000000000025d2       0x26 /Applications/lpcxpresso_7.6.2_326/lpcxpresso/tools/bin/../lib/gcc/arm-none-eabi/4.9.3/../../../../arm-none-eabi/lib/armv7-m/libcr_c.a(fpprintf.o)
 .text.sprintf  0x00000000000025f8       0x6c /Applications/lpcxpresso_7.6.2_326/lpcxpresso/tools/bin/../lib/gcc/arm-none-eabi/4.9.3/../../../../arm-none-eabi/lib/armv7-m/libcr_c.a(fpprintf.o)
                0x00000000000025f8                sprintf
 *fill*         0x0000000000002664        0x4 
 .text.fp_display
                0x0000000000002668      0x900 /Applications/lpcxpresso_7.6.2_326/lpcxpresso/tools/bin/../lib/gcc/arm-none-eabi/4.9.3/../../../../arm-none-eabi/lib/armv7-m/libcr_c.a(fpprintf.o)
 .text.vsprintf
                0x0000000000002f68       0x5c /Applications/lpcxpresso_7.6.2_326/lpcxpresso/tools/bin/../lib/gcc/arm-none-eabi/4.9.3/../../../../arm-none-eabi/lib/armv7-m/libcr_c.a(fpprintf.o)
                0x0000000000002f68                vsprintf
 .text.vsnprintf
                0x0000000000002fc4       0x5c /Applications/lpcxpresso_7.6.2_326/lpcxpresso/tools/bin/../lib/gcc/arm-none-eabi/4.9.3/../../../../arm-none-eabi/lib/armv7-m/libcr_c.a(fpprintf.o)
                0x0000000000002fc4                vsnprintf
 .text.printf   0x0000000000003020       0x54 /Applications/lpcxpresso_7.6.2_326/lpcxpresso/tools/bin/../lib/gcc/arm-none-eabi/4.9.3/../../../../arm-none-eabi/lib/armv7-m/libcr_c.a(fpprintf.o)
                0x0000000000003020                printf
 .text._initio  0x0000000000003074       0xa4 /Applications/lpcxpresso_7.6.2_326/lpcxpresso/tools/bin/../lib/gcc/arm-none-eabi/4.9.3/../../../../arm-none-eabi/lib/armv7-m/libcr_c.a(initio.o)
                0x0000000000003074                _initio
 .text.__vfprintf
                0x0000000000003118      0xca4 /Applications/lpcxpresso_7.6.2_326/lpcxpresso/tools/bin/../lib/gcc/arm-none-eabi/4.9.3/../../../../arm-none-eabi/lib/armv7-m/libcr_c.a(printf.o)
                0x0000000000003118                __vfprintf
 .text.setvbuf  0x0000000000003dbc       0x40 /Applications/lpcxpresso_7.6.2_326/lpcxpresso/tools/bin/../lib/gcc/arm-none-eabi/4.9.3/../../../../arm-none-eabi/lib/armv7-m/libcr_c.a(setvbuf.o)
                0x0000000000003dbc                setvbuf
 .text.rand     0x0000000000003dfc       0x3c /Applications/lpcxpresso_7.6.2_326/lpcxpresso/tools/bin/../lib/gcc/arm-none-eabi/4.9.3/../../../../arm-none-eabi/lib/armv7-m/libcr_c.a(stdlib.o)
                0x0000000000003dfc                rand
 .text.srand    0x0000000000003e38       0x3c /Applications/lpcxpresso_7.6.2_326/lpcxpresso/tools/bin/../lib/gcc/arm-none-eabi/4.9.3/../../../../arm-none-eabi/lib/armv7-m/libcr_c.a(stdlib.o)
                0x0000000000003e38                srand
 .text.strcat   0x0000000000003e74       0x1e /Applications/lpcxpresso_7.6.2_326/lpcxpresso/tools/bin/../lib/gcc/arm-none-eabi/4.9.3/../../../../arm-none-eabi/lib/armv7-m/libcr_c.a(strcat.o)
                0x0000000000003e74                strcat
 .text.strcpy   0x0000000000003e92       0x42 /Applications/lpcxpresso_7.6.2_326/lpcxpresso/tools/bin/../lib/gcc/arm-none-eabi/4.9.3/../../../../arm-none-eabi/lib/armv7-m/libcr_c.a(strcpy.o)
                0x0000000000003e92                strcpy
 .text.strlen   0x0000000000003ed4       0x4a /Applications/lpcxpresso_7.6.2_326/lpcxpresso/tools/bin/../lib/gcc/arm-none-eabi/4.9.3/../../../../arm-none-eabi/lib/armv7-m/libcr_c.a(strlen.o)
                0x0000000000003ed4                strlen
 .text.strncpy  0x0000000000003f1e       0x58 /Applications/lpcxpresso_7.6.2_326/lpcxpresso/tools/bin/../lib/gcc/arm-none-eabi/4.9.3/../../../../arm-none-eabi/lib/armv7-m/libcr_c.a(strncpy.o)
                0x0000000000003f1e                strncpy
 .text._deferredlazyseek
                0x0000000000003f76       0x44 /Applications/lpcxpresso_7.6.2_326/lpcxpresso/tools/bin/../lib/gcc/arm-none-eabi/4.9.3/../../../../arm-none-eabi/lib/armv7-m/libcr_c.a(_deferredlazyseek.o)
                0x0000000000003f76                _deferredlazyseek
 .text.__flsbuf
                0x0000000000003fba      0x142 /Applications/lpcxpresso_7.6.2_326/lpcxpresso/tools/bin/../lib/gcc/arm-none-eabi/4.9.3/../../../../arm-none-eabi/lib/armv7-m/libcr_c.a(_deferredlazyseek.o)
                0x0000000000003fba                __flsbuf
 .text._fdopen  0x00000000000040fc       0x6a /Applications/lpcxpresso_7.6.2_326/lpcxpresso/tools/bin/../lib/gcc/arm-none-eabi/4.9.3/../../../../arm-none-eabi/lib/armv7-m/libcr_c.a(_fdopen.o)
                0x00000000000040fc                _fdopen
 .text._fflush  0x0000000000004166       0x58 /Applications/lpcxpresso_7.6.2_326/lpcxpresso/tools/bin/../lib/gcc/arm-none-eabi/4.9.3/../../../../arm-none-eabi/lib/armv7-m/libcr_c.a(_fflush.o)
                0x0000000000004166                _fflush
 .text._frexpl  0x00000000000041be       0x5a /Applications/lpcxpresso_7.6.2_326/lpcxpresso/tools/bin/../lib/gcc/arm-none-eabi/4.9.3/../../../../arm-none-eabi/lib/armv7-m/libcr_c.a(_frexpl.o)
                0x00000000000041be                _frexpl
 .text._ldexpl  0x0000000000004218       0x4c /Applications/lpcxpresso_7.6.2_326/lpcxpresso/tools/bin/../lib/gcc/arm-none-eabi/4.9.3/../../../../arm-none-eabi/lib/armv7-m/libcr_c.a(_ldexpl.o)
                0x0000000000004218                _ldexpl
 .text._Cwritebuf
                0x0000000000004264       0x70 /Applications/lpcxpresso_7.6.2_326/lpcxpresso/tools/bin/../lib/gcc/arm-none-eabi/4.9.3/../../../../arm-none-eabi/lib/armv7-m/libcr_c.a(_writebuf.o)
                0x0000000000004264                _Cwritebuf
 .text.malloc   0x00000000000042d4       0xcc /Applications/lpcxpresso_7.6.2_326/lpcxpresso/tools/bin/../lib/gcc/arm-none-eabi/4.9.3/../../../../arm-none-eabi/lib/armv7-m/libcr_c.a(alloc.o)
                0x00000000000042d4                malloc
 .text.free     0x00000000000043a0       0x30 /Applications/lpcxpresso_7.6.2_326/lpcxpresso/tools/bin/../lib/gcc/arm-none-eabi/4.9.3/../../../../arm-none-eabi/lib/armv7-m/libcr_c.a(alloc.o)
                0x00000000000043a0                free
 .text._Csys_alloc
                0x00000000000043d0       0x20 /Applications/lpcxpresso_7.6.2_326/lpcxpresso/tools/bin/../lib/gcc/arm-none-eabi/4.9.3/../../../../arm-none-eabi/lib/armv7-m/libcr_c.a(alloc.o)
                0x00000000000043d0                _Csys_alloc
 .text.fclose   0x00000000000043f0       0x6c /Applications/lpcxpresso_7.6.2_326/lpcxpresso/tools/bin/../lib/gcc/arm-none-eabi/4.9.3/../../../../arm-none-eabi/lib/armv7-m/libcr_c.a(fclose.o)
                0x00000000000043f0                fclose
 .text.fflush   0x000000000000445c       0x30 /Applications/lpcxpresso_7.6.2_326/lpcxpresso/tools/bin/../lib/gcc/arm-none-eabi/4.9.3/../../../../arm-none-eabi/lib/armv7-m/libcr_c.a(fflush.o)
                0x000000000000445c                fflush
 .text.fseek    0x000000000000448c      0x110 /Applications/lpcxpresso_7.6.2_326/lpcxpresso/tools/bin/../lib/gcc/arm-none-eabi/4.9.3/../../../../arm-none-eabi/lib/armv7-m/libcr_c.a(fseek.o)
                0x000000000000448c                fseek
 .text.ftell    0x000000000000459c       0x4c /Applications/lpcxpresso_7.6.2_326/lpcxpresso/tools/bin/../lib/gcc/arm-none-eabi/4.9.3/../../../../arm-none-eabi/lib/armv7-m/libcr_c.a(ftell.o)
                0x000000000000459c                ftell
 .text.remove   0x00000000000045e8       0x14 /Applications/lpcxpresso_7.6.2_326/lpcxpresso/tools/bin/../lib/gcc/arm-none-eabi/4.9.3/../../../../arm-none-eabi/lib/armv7-m/libcr_c.a(remove.o)
                0x00000000000045e8                remove
 .text._sbrk    0x00000000000045fc       0x40 /Applications/lpcxpresso_7.6.2_326/lpcxpresso/tools/bin/../lib/gcc/arm-none-eabi/4.9.3/../../../../arm-none-eabi/lib/armv7-m/libcr_c.a(_cr_sbrk.o)
                0x00000000000045fc                _sbrk
 .text._do_fflush
                0x000000000000463c       0x44 /Applications/lpcxpresso_7.6.2_326/lpcxpresso/tools/bin/../lib/gcc/arm-none-eabi/4.9.3/../../../../arm-none-eabi/lib/armv7-m/libcr_c.a(_do_fflush.o)
                0x000000000000463c                _do_fflush
 .text.__check_heap_overflow
                0x0000000000004680       0x18 /Applications/lpcxpresso_7.6.2_326/lpcxpresso/tools/bin/../lib/gcc/arm-none-eabi/4.9.3/../../../../arm-none-eabi/lib/armv7-m/libcr_c.a(_cr_check_heap.o)
                0x0000000000004680                __check_heap_overflow
 .text.__aeabi_dmul
                0x0000000000004698      0x120 /Applications/lpcxpresso_7.6.2_326/lpcxpresso/tools/bin/../lib/gcc/arm-none-eabi/4.9.3/armv7-m/libcr_eabihelpers.a(double.o)
                0x0000000000004698                __aeabi_dmul
 .text.__aeabi_ddiv
                0x00000000000047b8      0x150 /Applications/lpcxpresso_7.6.2_326/lpcxpresso/tools/bin/../lib/gcc/arm-none-eabi/4.9.3/armv7-m/libcr_eabihelpers.a(double.o)
                0x00000000000047b8                __aeabi_ddiv
 .text.__aeabi_dsub
                0x0000000000004908      0x1d8 /Applications/lpcxpresso_7.6.2_326/lpcxpresso/tools/bin/../lib/gcc/arm-none-eabi/4.9.3/armv7-m/libcr_eabihelpers.a(double.o)
                0x0000000000004908                __aeabi_dsub
 .text.__aeabi_dadd
                0x0000000000004ae0      0x134 /Applications/lpcxpresso_7.6.2_326/lpcxpresso/tools/bin/../lib/gcc/arm-none-eabi/4.9.3/armv7-m/libcr_eabihelpers.a(double.o)
                0x0000000000004ae0                __aeabi_dadd
 .text.__aeabi_d2iz
                0x0000000000004c14       0x40 /Applications/lpcxpresso_7.6.2_326/lpcxpresso/tools/bin/../lib/gcc/arm-none-eabi/4.9.3/armv7-m/libcr_eabihelpers.a(double.o)
                0x0000000000004c14                __aeabi_d2iz
 .text.__bhs_ui2d
                0x0000000000004c54       0x48 /Applications/lpcxpresso_7.6.2_326/lpcxpresso/tools/bin/../lib/gcc/arm-none-eabi/4.9.3/armv7-m/libcr_eabihelpers.a(double.o)
                0x0000000000004c54                __bhs_ui2d
 .text.__aeabi_i2d
                0x0000000000004c9c       0x14 /Applications/lpcxpresso_7.6.2_326/lpcxpresso/tools/bin/../lib/gcc/arm-none-eabi/4.9.3/armv7-m/libcr_eabihelpers.a(double.o)
                0x0000000000004c9c                __aeabi_i2d
 .text.__aeabi_dcmpeq
                0x0000000000004cb0       0x2c /Applications/lpcxpresso_7.6.2_326/lpcxpresso/tools/bin/../lib/gcc/arm-none-eabi/4.9.3/armv7-m/libcr_eabihelpers.a(double.o)
                0x0000000000004cb0                __aeabi_dcmpeq
 .text.__aeabi_dcmplt
                0x0000000000004cdc       0x5c /Applications/lpcxpresso_7.6.2_326/lpcxpresso/tools/bin/../lib/gcc/arm-none-eabi/4.9.3/armv7-m/libcr_eabihelpers.a(double.o)
                0x0000000000004cdc                __aeabi_dcmplt
 .text.__aeabi_dcmple
                0x0000000000004d38       0x5c /Applications/lpcxpresso_7.6.2_326/lpcxpresso/tools/bin/../lib/gcc/arm-none-eabi/4.9.3/armv7-m/libcr_eabihelpers.a(double.o)
                0x0000000000004d38                __aeabi_dcmple
 .text.__aeabi_dcmpge
                0x0000000000004d94       0x5c /Applications/lpcxpresso_7.6.2_326/lpcxpresso/tools/bin/../lib/gcc/arm-none-eabi/4.9.3/armv7-m/libcr_eabihelpers.a(double.o)
                0x0000000000004d94                __aeabi_dcmpge
 .text.__aeabi_memcpy
                0x0000000000004df0       0x34 /Applications/lpcxpresso_7.6.2_326/lpcxpresso/tools/bin/../lib/gcc/arm-none-eabi/4.9.3/armv7-m/libcr_eabihelpers.a(memcpy.o)
                0x0000000000004df0                __aeabi_memcpy
                0x0000000000004dfa                __aeabi_memcpy4
                0x0000000000004dfa                __aeabi_memcpy8
 .text.__aeabi_memset_lowlevel
                0x0000000000004e24       0x32 /Applications/lpcxpresso_7.6.2_326/lpcxpresso/tools/bin/../lib/gcc/arm-none-eabi/4.9.3/armv7-m/libcr_eabihelpers.a(memcpy.o)
                0x0000000000004e24                __aeabi_lowlevel_memset
 *fill*         0x0000000000004e56        0x2 
 .text.__sys_appexit
                0x0000000000004e58        0xc /Applications/lpcxpresso_7.6.2_326/lpcxpresso/tools/bin/../lib/gcc/arm-none-eabi/4.9.3/../../../../arm-none-eabi/lib/armv7-m/libcr_semihost.a(__sys_appexit.o)
                0x0000000000004e58                __exit
                0x0000000000004e58                __sys_appexit
 .text.__sys_close
                0x0000000000004e64        0xc /Applications/lpcxpresso_7.6.2_326/lpcxpresso/tools/bin/../lib/gcc/arm-none-eabi/4.9.3/../../../../arm-none-eabi/lib/armv7-m/libcr_semihost.a(__sys_close.o)
                0x0000000000004e64                __sys_close
 .text.__sys_flen
                0x0000000000004e70        0xc /Applications/lpcxpresso_7.6.2_326/lpcxpresso/tools/bin/../lib/gcc/arm-none-eabi/4.9.3/../../../../arm-none-eabi/lib/armv7-m/libcr_semihost.a(__sys_flen.o)
                0x0000000000004e70                __sys_flen
 .text.__sys_istty
                0x0000000000004e7c        0xc /Applications/lpcxpresso_7.6.2_326/lpcxpresso/tools/bin/../lib/gcc/arm-none-eabi/4.9.3/../../../../arm-none-eabi/lib/armv7-m/libcr_semihost.a(__sys_istty.o)
                0x0000000000004e7c                __sys_istty
 .text.__sys_remove
                0x0000000000004e88        0xc /Applications/lpcxpresso_7.6.2_326/lpcxpresso/tools/bin/../lib/gcc/arm-none-eabi/4.9.3/../../../../arm-none-eabi/lib/armv7-m/libcr_semihost.a(__sys_remove.o)
                0x0000000000004e88                __sys_remove
 .text.__sys_seek
                0x0000000000004e94        0xc /Applications/lpcxpresso_7.6.2_326/lpcxpresso/tools/bin/../lib/gcc/arm-none-eabi/4.9.3/../../../../arm-none-eabi/lib/armv7-m/libcr_semihost.a(__sys_seek.o)
                0x0000000000004e94                __sys_seek
 .text.__sys_tmpnam
                0x0000000000004ea0        0xc /Applications/lpcxpresso_7.6.2_326/lpcxpresso/tools/bin/../lib/gcc/arm-none-eabi/4.9.3/../../../../arm-none-eabi/lib/armv7-m/libcr_semihost.a(__sys_tmpnam.o)
                0x0000000000004ea0                __sys_tmpnam
 *(.rodata .rodata.* .constdata .constdata.*)
 .rodata.str1.4
                0x0000000000004eac      0x13a ./main.o
                                        0x140 (size before relaxing)
 *fill*         0x0000000000004fe6        0x2 
 .rodata        0x0000000000004fe8       0x5c /Users/wavelife/Documents/UOC/TFC/pfc/LPC1769_UOC_Library/Debug/libLPC1769_UOC_Library.a(log.o)
 .rodata.str1.4
                0x0000000000005044        0x8 /Users/wavelife/Documents/UOC/TFC/pfc/FreeRTOS_Library/Debug/libFreeRTOS_Library.a(basic_io.o)
 .rodata.str1.4
                0x000000000000504c       0x1c /Users/wavelife/Documents/UOC/TFC/pfc/FreeRTOS_Library/Debug/libFreeRTOS_Library.a(tasks.o)
                                         0x20 (size before relaxing)
 .rodata.str1.1
                0x0000000000005068       0x34 /Applications/lpcxpresso_7.6.2_326/lpcxpresso/tools/bin/../lib/gcc/arm-none-eabi/4.9.3/../../../../arm-none-eabi/lib/armv7-m/libcr_c.a(fpprintf.o)
                                         0x35 (size before relaxing)
 .rodata.str1.1
                0x000000000000509c        0x4 /Applications/lpcxpresso_7.6.2_326/lpcxpresso/tools/bin/../lib/gcc/arm-none-eabi/4.9.3/../../../../arm-none-eabi/lib/armv7-m/libcr_c.a(initio.o)
 .rodata.str1.1
                0x00000000000050a0       0x31 /Applications/lpcxpresso_7.6.2_326/lpcxpresso/tools/bin/../lib/gcc/arm-none-eabi/4.9.3/../../../../arm-none-eabi/lib/armv7-m/libcr_c.a(printf.o)
                                         0x38 (size before relaxing)
 .rodata.str1.1
                0x00000000000050d1       0x18 /Applications/lpcxpresso_7.6.2_326/lpcxpresso/tools/bin/../lib/gcc/arm-none-eabi/4.9.3/../../../../arm-none-eabi/lib/armv7-m/libcr_c.a(alloc.o)
 *fill*         0x00000000000050e9        0x7 
 .rodata.__huge_vall
                0x00000000000050f0        0x8 /Applications/lpcxpresso_7.6.2_326/lpcxpresso/tools/bin/../lib/gcc/arm-none-eabi/4.9.3/../../../../arm-none-eabi/lib/armv7-m/libcr_c.a(_hugeval.o)
                0x00000000000050f0                __huge_vall
                0x00000000000050f8                . = ALIGN (0x4)

.glue_7         0x00000000000050f8        0x0
 .glue_7        0x0000000000000000        0x0 linker stubs

.glue_7t        0x00000000000050f8        0x0
 .glue_7t       0x0000000000000000        0x0 linker stubs

.vfp11_veneer   0x00000000000050f8        0x0
 .vfp11_veneer  0x0000000000000000        0x0 linker stubs

.v4_bx          0x00000000000050f8        0x0
 .v4_bx         0x0000000000000000        0x0 linker stubs

.iplt           0x00000000000050f8        0x0
 .iplt          0x0000000000000000        0x0 ./cr_startup_lpc17.o

.rel.dyn        0x00000000000050f8        0x0
 .rel.iplt      0x0000000000000000        0x0 ./cr_startup_lpc17.o

.ARM.extab
 *(.ARM.extab* .gnu.linkonce.armextab.*)
                0x00000000000050f8                __exidx_start = .

.ARM.exidx
 *(.ARM.exidx* .gnu.linkonce.armexidx.*)
                0x00000000000050f8                __exidx_end = .
                0x00000000000050f8                _etext = .

.data_RAM2      0x000000002007c000        0x0 load address 0x00000000000050f8
 FILL mask 0xff
                0x000000002007c000                PROVIDE (__start_data_RAM2, .)
 *(.ramfunc.$RAM2)
 *(.ramfunc.$RamAHB32)
 *(.data.$RAM2*)
 *(.data.$RamAHB32*)
                0x000000002007c000                . = ALIGN (0x4)
                0x000000002007c000                PROVIDE (__end_data_RAM2, .)

.uninit_RESERVED
                0x0000000010000000        0x0
 *(.bss.$RESERVED*)
                0x0000000010000000                . = ALIGN (0x4)
                0x0000000010000000                _end_uninit_RESERVED = .

.data           0x0000000010000000      0x104 load address 0x00000000000050f8
 FILL mask 0xff
                0x0000000010000000                _data = .
 *(vtable)
 *(.ramfunc*)
 *(.data*)
 .data.SystemCoreClock
                0x0000000010000000        0x4 /Users/wavelife/Documents/UOC/TFC/pfc/CMSISv2p00_LPC17xx/Debug/libCMSISv2p00_LPC17xx.a(system_LPC17xx.o)
                0x0000000010000000                SystemCoreClock
 .data.uart_port
                0x0000000010000004        0x1 /Users/wavelife/Documents/UOC/TFC/pfc/LPC1769_UOC_Library/Debug/libLPC1769_UOC_Library.a(log.o)
                0x0000000010000004                uart_port
 *fill*         0x0000000010000005        0x3 
 .data.pxPreviousWakeTime
                0x0000000010000008        0x4 /Users/wavelife/Documents/UOC/TFC/pfc/LPC1769_UOC_Library/Debug/libLPC1769_UOC_Library.a(log.o)
                0x0000000010000008                pxPreviousWakeTime
 .data.transaction_id
                0x000000001000000c        0x1 /Users/wavelife/Documents/UOC/TFC/pfc/LPC1769_UOC_Library/Debug/libLPC1769_UOC_Library.a(printf.o)
                0x000000001000000c                transaction_id
 .data.UART0TxEmpty
                0x000000001000000d        0x1 /Users/wavelife/Documents/UOC/TFC/pfc/LPC1769_UOC_Library/Debug/libLPC1769_UOC_Library.a(uart.o)
                0x000000001000000d                UART0TxEmpty
 .data.UART1TxEmpty
                0x000000001000000e        0x1 /Users/wavelife/Documents/UOC/TFC/pfc/LPC1769_UOC_Library/Debug/libLPC1769_UOC_Library.a(uart.o)
                0x000000001000000e                UART1TxEmpty
 .data.UART2TxEmpty
                0x000000001000000f        0x1 /Users/wavelife/Documents/UOC/TFC/pfc/LPC1769_UOC_Library/Debug/libLPC1769_UOC_Library.a(uart.o)
                0x000000001000000f                UART2TxEmpty
 .data.UART3TxEmpty
                0x0000000010000010        0x1 /Users/wavelife/Documents/UOC/TFC/pfc/LPC1769_UOC_Library/Debug/libLPC1769_UOC_Library.a(uart.o)
                0x0000000010000010                UART3TxEmpty
 *fill*         0x0000000010000011        0x3 
 .data          0x0000000010000014        0x4 /Users/wavelife/Documents/UOC/TFC/pfc/FreeRTOS_Library/Debug/libFreeRTOS_Library.a(port.o)
 .data          0x0000000010000018        0x4 /Users/wavelife/Documents/UOC/TFC/pfc/FreeRTOS_Library/Debug/libFreeRTOS_Library.a(tasks.o)
 .data          0x000000001000001c        0x4 /Users/wavelife/Documents/UOC/TFC/pfc/FreeRTOS_Library/Debug/libFreeRTOS_Library.a(heap_2.o)
 .data._random_number_seed
                0x0000000010000020       0xdc /Applications/lpcxpresso_7.6.2_326/lpcxpresso/tools/bin/../lib/gcc/arm-none-eabi/4.9.3/../../../../arm-none-eabi/lib/armv7-m/libcr_c.a(stdlib.o)
 .data._random_j
                0x00000000100000fc        0x4 /Applications/lpcxpresso_7.6.2_326/lpcxpresso/tools/bin/../lib/gcc/arm-none-eabi/4.9.3/../../../../arm-none-eabi/lib/armv7-m/libcr_c.a(stdlib.o)
 .data._random_k
                0x0000000010000100        0x4 /Applications/lpcxpresso_7.6.2_326/lpcxpresso/tools/bin/../lib/gcc/arm-none-eabi/4.9.3/../../../../arm-none-eabi/lib/armv7-m/libcr_c.a(stdlib.o)
                0x0000000010000104                . = ALIGN (0x4)
                0x0000000010000104                _edata = .

.igot.plt       0x0000000010000104        0x0 load address 0x00000000000051fc
 .igot.plt      0x0000000000000000        0x0 ./cr_startup_lpc17.o

.bss_RAM2       0x000000002007c000        0x0
                0x000000002007c000                PROVIDE (__start_bss_RAM2, .)
 *(.bss.$RAM2*)
 *(.bss.$RamAHB32*)
                0x000000002007c000                . = ALIGN (0x4)
                0x000000002007c000                PROVIDE (__end_bss_RAM2, .)

.bss            0x0000000010000108     0x5090
                0x0000000010000108                _bss = .
 *(.bss*)
 .bss.xSemUART0
                0x0000000010000108        0x4 /Users/wavelife/Documents/UOC/TFC/pfc/LPC1769_UOC_Library/Debug/libLPC1769_UOC_Library.a(printf.o)
                0x0000000010000108                xSemUART0
 .bss.xSemUART1
                0x000000001000010c        0x4 /Users/wavelife/Documents/UOC/TFC/pfc/LPC1769_UOC_Library/Debug/libLPC1769_UOC_Library.a(printf.o)
                0x000000001000010c                xSemUART1
 .bss.xSemUART2
                0x0000000010000110        0x4 /Users/wavelife/Documents/UOC/TFC/pfc/LPC1769_UOC_Library/Debug/libLPC1769_UOC_Library.a(printf.o)
                0x0000000010000110                xSemUART2
 .bss.xSemUART3
                0x0000000010000114        0x4 /Users/wavelife/Documents/UOC/TFC/pfc/LPC1769_UOC_Library/Debug/libLPC1769_UOC_Library.a(printf.o)
                0x0000000010000114                xSemUART3
 .bss.transaction_sem
                0x0000000010000118        0x4 /Users/wavelife/Documents/UOC/TFC/pfc/LPC1769_UOC_Library/Debug/libLPC1769_UOC_Library.a(printf.o)
                0x0000000010000118                transaction_sem
 .bss.transaction_mode
                0x000000001000011c        0x1 /Users/wavelife/Documents/UOC/TFC/pfc/LPC1769_UOC_Library/Debug/libLPC1769_UOC_Library.a(printf.o)
                0x000000001000011c                transaction_mode
 *fill*         0x000000001000011d        0x3 
 .bss.UART0Count
                0x0000000010000120        0x4 /Users/wavelife/Documents/UOC/TFC/pfc/LPC1769_UOC_Library/Debug/libLPC1769_UOC_Library.a(uart.o)
                0x0000000010000120                UART0Count
 .bss.UART1Count
                0x0000000010000124        0x4 /Users/wavelife/Documents/UOC/TFC/pfc/LPC1769_UOC_Library/Debug/libLPC1769_UOC_Library.a(uart.o)
                0x0000000010000124                UART1Count
 .bss.UART2Count
                0x0000000010000128        0x4 /Users/wavelife/Documents/UOC/TFC/pfc/LPC1769_UOC_Library/Debug/libLPC1769_UOC_Library.a(uart.o)
                0x0000000010000128                UART2Count
 .bss.UART3Count
                0x000000001000012c        0x4 /Users/wavelife/Documents/UOC/TFC/pfc/LPC1769_UOC_Library/Debug/libLPC1769_UOC_Library.a(uart.o)
                0x000000001000012c                UART3Count
 .bss           0x0000000010000130       0x34 /Users/wavelife/Documents/UOC/TFC/pfc/FreeRTOS_Library/Debug/libFreeRTOS_Library.a(basic_io.o)
 .bss           0x0000000010000164      0x134 /Users/wavelife/Documents/UOC/TFC/pfc/FreeRTOS_Library/Debug/libFreeRTOS_Library.a(tasks.o)
                0x0000000010000164                pxCurrentTCB
 .bss           0x0000000010000298     0x4c18 /Users/wavelife/Documents/UOC/TFC/pfc/FreeRTOS_Library/Debug/libFreeRTOS_Library.a(heap_2.o)
 .bss.errno     0x0000000010004eb0        0x4 /Applications/lpcxpresso_7.6.2_326/lpcxpresso/tools/bin/../lib/gcc/arm-none-eabi/4.9.3/../../../../arm-none-eabi/lib/armv7-m/libcr_c.a(errno.o)
                0x0000000010004eb0                errno
 *(COMMON)
 COMMON         0x0000000010004eb4       0x26 ./main.o
                0x0000000010004eb4                xMutex
                0x0000000010004eb8                xQueue
                0x0000000010004ebc                str
 *fill*         0x0000000010004eda        0x2 
 COMMON         0x0000000010004edc       0x10 /Users/wavelife/Documents/UOC/TFC/pfc/LPC1769_UOC_Library/Debug/libLPC1769_UOC_Library.a(printf.o)
                0x0000000010004edc                lpc_uart_ier
                0x0000000010004ee0                xSemUART
                0x0000000010004ee4                uart_buffer
                0x0000000010004ee8                uart_count
 COMMON         0x0000000010004eec      0x110 /Users/wavelife/Documents/UOC/TFC/pfc/LPC1769_UOC_Library/Debug/libLPC1769_UOC_Library.a(uart.o)
                0x0000000010004eec                UART1Buffer
                0x0000000010004f2c                UART2Status
                0x0000000010004f30                UART3Status
                0x0000000010004f34                UART0Buffer
                0x0000000010004f74                UART1Status
                0x0000000010004f78                UART3Buffer
                0x0000000010004fb8                UART2Buffer
                0x0000000010004ff8                UART0Status
 COMMON         0x0000000010004ffc       0x50 /Users/wavelife/Documents/UOC/TFC/pfc/FreeRTOS_Library/Debug/libFreeRTOS_Library.a(queue.o)
                0x0000000010004ffc                xQueueRegistry
 COMMON         0x000000001000504c        0x4 /Applications/lpcxpresso_7.6.2_326/lpcxpresso/tools/bin/../lib/gcc/arm-none-eabi/4.9.3/../../../../arm-none-eabi/lib/armv7-m/libcr_c.a(initio.o)
                0x000000001000504c                _extra
 COMMON         0x0000000010005050      0x140 /Applications/lpcxpresso_7.6.2_326/lpcxpresso/tools/bin/../lib/gcc/arm-none-eabi/4.9.3/../../../../arm-none-eabi/lib/armv7-m/libcr_c.a(stdio.o)
                0x0000000010005050                __Ciob
 COMMON         0x0000000010005190        0x8 /Applications/lpcxpresso_7.6.2_326/lpcxpresso/tools/bin/../lib/gcc/arm-none-eabi/4.9.3/../../../../arm-none-eabi/lib/armv7-m/libcr_c.a(__init_alloc.o)
                0x0000000010005190                __heaps
                0x0000000010005194                __end_of_heap
                0x0000000010005198                . = ALIGN (0x4)
                0x0000000010005198                _ebss = .
                0x0000000010005198                PROVIDE (end, .)

.noinit_RAM2    0x000000002007c000        0x0
 *(.noinit.$RAM2*)
 *(.noinit.$RamAHB32*)
                0x000000002007c000                . = ALIGN (0x4)

.noinit         0x0000000010005198        0x0
                0x0000000010005198                _noinit = .
 *(.noinit*)
                0x0000000010005198                . = ALIGN (0x4)
                0x0000000010005198                _end_noinit = .
                0x0000000010005198                PROVIDE (_pvHeapStart, DEFINED (__user_heap_base)?__user_heap_base:.)
                0x0000000010008000                PROVIDE (_vStackTop, DEFINED (__user_stack_top)?__user_stack_top:(__top_RamLoc32 - 0x0))
OUTPUT(Testing01.axf elf32-littlearm)

.debug_info     0x0000000000000000     0x5b41
 .debug_info    0x0000000000000000      0x1d6 ./cr_startup_lpc17.o
 .debug_info    0x00000000000001d6      0x9f4 ./main.o
 .debug_info    0x0000000000000bca      0x318 /Users/wavelife/Documents/UOC/TFC/pfc/CMSISv2p00_LPC17xx/Debug/libCMSISv2p00_LPC17xx.a(system_LPC17xx.o)
 .debug_info    0x0000000000000ee2      0x18f /Users/wavelife/Documents/UOC/TFC/pfc/LPC1769_UOC_Library/Debug/libLPC1769_UOC_Library.a(log.o)
 .debug_info    0x0000000000001071      0x95d /Users/wavelife/Documents/UOC/TFC/pfc/LPC1769_UOC_Library/Debug/libLPC1769_UOC_Library.a(printf.o)
 .debug_info    0x00000000000019ce      0xe8f /Users/wavelife/Documents/UOC/TFC/pfc/LPC1769_UOC_Library/Debug/libLPC1769_UOC_Library.a(uart.o)
 .debug_info    0x000000000000285d      0x1e8 /Users/wavelife/Documents/UOC/TFC/pfc/FreeRTOS_Library/Debug/libFreeRTOS_Library.a(port.o)
 .debug_info    0x0000000000002a45      0x1e8 /Users/wavelife/Documents/UOC/TFC/pfc/FreeRTOS_Library/Debug/libFreeRTOS_Library.a(basic_io.o)
 .debug_info    0x0000000000002c2d      0x115 /Users/wavelife/Documents/UOC/TFC/pfc/FreeRTOS_Library/Debug/libFreeRTOS_Library.a(consoleprint.o)
 .debug_info    0x0000000000002d42      0xf91 /Users/wavelife/Documents/UOC/TFC/pfc/FreeRTOS_Library/Debug/libFreeRTOS_Library.a(queue.o)
 .debug_info    0x0000000000003cd3     0x1932 /Users/wavelife/Documents/UOC/TFC/pfc/FreeRTOS_Library/Debug/libFreeRTOS_Library.a(tasks.o)
 .debug_info    0x0000000000005605      0x2dd /Users/wavelife/Documents/UOC/TFC/pfc/FreeRTOS_Library/Debug/libFreeRTOS_Library.a(heap_2.o)
 .debug_info    0x00000000000058e2      0x25f /Users/wavelife/Documents/UOC/TFC/pfc/FreeRTOS_Library/Debug/libFreeRTOS_Library.a(list.o)

.debug_abbrev   0x0000000000000000     0x13df
 .debug_abbrev  0x0000000000000000       0xe2 ./cr_startup_lpc17.o
 .debug_abbrev  0x00000000000000e2      0x21d ./main.o
 .debug_abbrev  0x00000000000002ff       0xe6 /Users/wavelife/Documents/UOC/TFC/pfc/CMSISv2p00_LPC17xx/Debug/libCMSISv2p00_LPC17xx.a(system_LPC17xx.o)
 .debug_abbrev  0x00000000000003e5       0xca /Users/wavelife/Documents/UOC/TFC/pfc/LPC1769_UOC_Library/Debug/libLPC1769_UOC_Library.a(log.o)
 .debug_abbrev  0x00000000000004af      0x1e0 /Users/wavelife/Documents/UOC/TFC/pfc/LPC1769_UOC_Library/Debug/libLPC1769_UOC_Library.a(printf.o)
 .debug_abbrev  0x000000000000068f      0x1fb /Users/wavelife/Documents/UOC/TFC/pfc/LPC1769_UOC_Library/Debug/libLPC1769_UOC_Library.a(uart.o)
 .debug_abbrev  0x000000000000088a      0x136 /Users/wavelife/Documents/UOC/TFC/pfc/FreeRTOS_Library/Debug/libFreeRTOS_Library.a(port.o)
 .debug_abbrev  0x00000000000009c0      0x11a /Users/wavelife/Documents/UOC/TFC/pfc/FreeRTOS_Library/Debug/libFreeRTOS_Library.a(basic_io.o)
 .debug_abbrev  0x0000000000000ada       0xe6 /Users/wavelife/Documents/UOC/TFC/pfc/FreeRTOS_Library/Debug/libFreeRTOS_Library.a(consoleprint.o)
 .debug_abbrev  0x0000000000000bc0      0x287 /Users/wavelife/Documents/UOC/TFC/pfc/FreeRTOS_Library/Debug/libFreeRTOS_Library.a(queue.o)
 .debug_abbrev  0x0000000000000e47      0x31b /Users/wavelife/Documents/UOC/TFC/pfc/FreeRTOS_Library/Debug/libFreeRTOS_Library.a(tasks.o)
 .debug_abbrev  0x0000000000001162      0x1af /Users/wavelife/Documents/UOC/TFC/pfc/FreeRTOS_Library/Debug/libFreeRTOS_Library.a(heap_2.o)
 .debug_abbrev  0x0000000000001311       0xce /Users/wavelife/Documents/UOC/TFC/pfc/FreeRTOS_Library/Debug/libFreeRTOS_Library.a(list.o)

.debug_loc      0x0000000000000000     0x1b9a
 .debug_loc     0x0000000000000000       0x2b ./cr_startup_lpc17.o
 .debug_loc     0x000000000000002b       0x7b ./main.o
 .debug_loc     0x00000000000000a6       0x5f /Users/wavelife/Documents/UOC/TFC/pfc/FreeRTOS_Library/Debug/libFreeRTOS_Library.a(port.o)
 .debug_loc     0x0000000000000105       0x84 /Users/wavelife/Documents/UOC/TFC/pfc/FreeRTOS_Library/Debug/libFreeRTOS_Library.a(basic_io.o)
 .debug_loc     0x0000000000000189       0x3c /Users/wavelife/Documents/UOC/TFC/pfc/FreeRTOS_Library/Debug/libFreeRTOS_Library.a(consoleprint.o)
 .debug_loc     0x00000000000001c5      0x90d /Users/wavelife/Documents/UOC/TFC/pfc/FreeRTOS_Library/Debug/libFreeRTOS_Library.a(queue.o)
 .debug_loc     0x0000000000000ad2      0xe57 /Users/wavelife/Documents/UOC/TFC/pfc/FreeRTOS_Library/Debug/libFreeRTOS_Library.a(tasks.o)
 .debug_loc     0x0000000000001929      0x22d /Users/wavelife/Documents/UOC/TFC/pfc/FreeRTOS_Library/Debug/libFreeRTOS_Library.a(heap_2.o)
 .debug_loc     0x0000000000001b56       0x44 /Users/wavelife/Documents/UOC/TFC/pfc/FreeRTOS_Library/Debug/libFreeRTOS_Library.a(list.o)

.debug_aranges  0x0000000000000000      0x2a8
 .debug_aranges
                0x0000000000000000       0x70 ./cr_startup_lpc17.o
 .debug_aranges
                0x0000000000000070       0x50 ./main.o
 .debug_aranges
                0x00000000000000c0       0x28 /Users/wavelife/Documents/UOC/TFC/pfc/CMSISv2p00_LPC17xx/Debug/libCMSISv2p00_LPC17xx.a(system_LPC17xx.o)
 .debug_aranges
                0x00000000000000e8       0x28 /Users/wavelife/Documents/UOC/TFC/pfc/LPC1769_UOC_Library/Debug/libLPC1769_UOC_Library.a(log.o)
 .debug_aranges
                0x0000000000000110       0x68 /Users/wavelife/Documents/UOC/TFC/pfc/LPC1769_UOC_Library/Debug/libLPC1769_UOC_Library.a(printf.o)
 .debug_aranges
                0x0000000000000178       0x50 /Users/wavelife/Documents/UOC/TFC/pfc/LPC1769_UOC_Library/Debug/libLPC1769_UOC_Library.a(uart.o)
 .debug_aranges
                0x00000000000001c8       0x20 /Users/wavelife/Documents/UOC/TFC/pfc/FreeRTOS_Library/Debug/libFreeRTOS_Library.a(port.o)
 .debug_aranges
                0x00000000000001e8       0x20 /Users/wavelife/Documents/UOC/TFC/pfc/FreeRTOS_Library/Debug/libFreeRTOS_Library.a(basic_io.o)
 .debug_aranges
                0x0000000000000208       0x20 /Users/wavelife/Documents/UOC/TFC/pfc/FreeRTOS_Library/Debug/libFreeRTOS_Library.a(consoleprint.o)
 .debug_aranges
                0x0000000000000228       0x20 /Users/wavelife/Documents/UOC/TFC/pfc/FreeRTOS_Library/Debug/libFreeRTOS_Library.a(queue.o)
 .debug_aranges
                0x0000000000000248       0x20 /Users/wavelife/Documents/UOC/TFC/pfc/FreeRTOS_Library/Debug/libFreeRTOS_Library.a(tasks.o)
 .debug_aranges
                0x0000000000000268       0x20 /Users/wavelife/Documents/UOC/TFC/pfc/FreeRTOS_Library/Debug/libFreeRTOS_Library.a(heap_2.o)
 .debug_aranges
                0x0000000000000288       0x20 /Users/wavelife/Documents/UOC/TFC/pfc/FreeRTOS_Library/Debug/libFreeRTOS_Library.a(list.o)

.debug_ranges   0x0000000000000000      0x208
 .debug_ranges  0x0000000000000000       0x60 ./cr_startup_lpc17.o
 .debug_ranges  0x0000000000000060       0x88 ./main.o
 .debug_ranges  0x00000000000000e8       0x18 /Users/wavelife/Documents/UOC/TFC/pfc/CMSISv2p00_LPC17xx/Debug/libCMSISv2p00_LPC17xx.a(system_LPC17xx.o)
 .debug_ranges  0x0000000000000100       0x18 /Users/wavelife/Documents/UOC/TFC/pfc/LPC1769_UOC_Library/Debug/libLPC1769_UOC_Library.a(log.o)
 .debug_ranges  0x0000000000000118       0x58 /Users/wavelife/Documents/UOC/TFC/pfc/LPC1769_UOC_Library/Debug/libLPC1769_UOC_Library.a(printf.o)
 .debug_ranges  0x0000000000000170       0x40 /Users/wavelife/Documents/UOC/TFC/pfc/LPC1769_UOC_Library/Debug/libLPC1769_UOC_Library.a(uart.o)
 .debug_ranges  0x00000000000001b0       0x10 /Users/wavelife/Documents/UOC/TFC/pfc/FreeRTOS_Library/Debug/libFreeRTOS_Library.a(port.o)
 .debug_ranges  0x00000000000001c0       0x48 /Users/wavelife/Documents/UOC/TFC/pfc/FreeRTOS_Library/Debug/libFreeRTOS_Library.a(tasks.o)

.debug_macro    0x0000000000000000     0x4739
 .debug_macro   0x0000000000000000       0x52 ./cr_startup_lpc17.o
 .debug_macro   0x0000000000000052      0x86e ./cr_startup_lpc17.o
 .debug_macro   0x00000000000008c0       0x10 ./cr_startup_lpc17.o
 .debug_macro   0x00000000000008d0      0x12d ./cr_startup_lpc17.o
 .debug_macro   0x00000000000009fd      0x5b2 ./cr_startup_lpc17.o
 .debug_macro   0x0000000000000faf       0xc4 ./main.o
 .debug_macro   0x0000000000001073       0x16 ./main.o
 .debug_macro   0x0000000000001089       0x46 ./main.o
 .debug_macro   0x00000000000010cf      0x136 ./main.o
 .debug_macro   0x0000000000001205       0xa3 ./main.o
 .debug_macro   0x00000000000012a8       0x12 ./main.o
 .debug_macro   0x00000000000012ba       0x1e ./main.o
 .debug_macro   0x00000000000012d8      0x1b6 ./main.o
 .debug_macro   0x000000000000148e       0x48 ./main.o
 .debug_macro   0x00000000000014d6       0x56 ./main.o
 .debug_macro   0x000000000000152c       0x8f ./main.o
 .debug_macro   0x00000000000015bb       0x69 ./main.o
 .debug_macro   0x0000000000001624      0x12b /Users/wavelife/Documents/UOC/TFC/pfc/CMSISv2p00_LPC17xx/Debug/libCMSISv2p00_LPC17xx.a(system_LPC17xx.o)
 .debug_macro   0x000000000000174f      0x874 /Users/wavelife/Documents/UOC/TFC/pfc/CMSISv2p00_LPC17xx/Debug/libCMSISv2p00_LPC17xx.a(system_LPC17xx.o)
 .debug_macro   0x0000000000001fc3       0x22 /Users/wavelife/Documents/UOC/TFC/pfc/CMSISv2p00_LPC17xx/Debug/libCMSISv2p00_LPC17xx.a(system_LPC17xx.o)
 .debug_macro   0x0000000000001fe5       0x2e /Users/wavelife/Documents/UOC/TFC/pfc/CMSISv2p00_LPC17xx/Debug/libCMSISv2p00_LPC17xx.a(system_LPC17xx.o)
 .debug_macro   0x0000000000002013       0x18 /Users/wavelife/Documents/UOC/TFC/pfc/CMSISv2p00_LPC17xx/Debug/libCMSISv2p00_LPC17xx.a(system_LPC17xx.o)
 .debug_macro   0x000000000000202b      0x7af /Users/wavelife/Documents/UOC/TFC/pfc/CMSISv2p00_LPC17xx/Debug/libCMSISv2p00_LPC17xx.a(system_LPC17xx.o)
 .debug_macro   0x00000000000027da      0x2c7 /Users/wavelife/Documents/UOC/TFC/pfc/CMSISv2p00_LPC17xx/Debug/libCMSISv2p00_LPC17xx.a(system_LPC17xx.o)
 .debug_macro   0x0000000000002aa1       0xd7 /Users/wavelife/Documents/UOC/TFC/pfc/LPC1769_UOC_Library/Debug/libLPC1769_UOC_Library.a(log.o)
 .debug_macro   0x0000000000002b78      0x87a /Users/wavelife/Documents/UOC/TFC/pfc/LPC1769_UOC_Library/Debug/libLPC1769_UOC_Library.a(log.o)
 .debug_macro   0x00000000000033f2       0x1c /Users/wavelife/Documents/UOC/TFC/pfc/LPC1769_UOC_Library/Debug/libLPC1769_UOC_Library.a(log.o)
 .debug_macro   0x000000000000340e       0x16 /Users/wavelife/Documents/UOC/TFC/pfc/LPC1769_UOC_Library/Debug/libLPC1769_UOC_Library.a(log.o)
 .debug_macro   0x0000000000003424      0x142 /Users/wavelife/Documents/UOC/TFC/pfc/LPC1769_UOC_Library/Debug/libLPC1769_UOC_Library.a(printf.o)
 .debug_macro   0x0000000000003566       0xa0 /Users/wavelife/Documents/UOC/TFC/pfc/LPC1769_UOC_Library/Debug/libLPC1769_UOC_Library.a(printf.o)
 .debug_macro   0x0000000000003606       0x10 /Users/wavelife/Documents/UOC/TFC/pfc/LPC1769_UOC_Library/Debug/libLPC1769_UOC_Library.a(printf.o)
 .debug_macro   0x0000000000003616      0x136 /Users/wavelife/Documents/UOC/TFC/pfc/LPC1769_UOC_Library/Debug/libLPC1769_UOC_Library.a(printf.o)
 .debug_macro   0x000000000000374c       0x70 /Users/wavelife/Documents/UOC/TFC/pfc/LPC1769_UOC_Library/Debug/libLPC1769_UOC_Library.a(printf.o)
 .debug_macro   0x00000000000037bc       0x87 /Users/wavelife/Documents/UOC/TFC/pfc/LPC1769_UOC_Library/Debug/libLPC1769_UOC_Library.a(uart.o)
 .debug_macro   0x0000000000003843       0x1c /Users/wavelife/Documents/UOC/TFC/pfc/LPC1769_UOC_Library/Debug/libLPC1769_UOC_Library.a(uart.o)
 .debug_macro   0x000000000000385f       0xda /Users/wavelife/Documents/UOC/TFC/pfc/FreeRTOS_Library/Debug/libFreeRTOS_Library.a(port.o)
 .debug_macro   0x0000000000003939      0x862 /Users/wavelife/Documents/UOC/TFC/pfc/FreeRTOS_Library/Debug/libFreeRTOS_Library.a(port.o)
 .debug_macro   0x000000000000419b       0xbb /Users/wavelife/Documents/UOC/TFC/pfc/FreeRTOS_Library/Debug/libFreeRTOS_Library.a(basic_io.o)
 .debug_macro   0x0000000000004256       0x5a /Users/wavelife/Documents/UOC/TFC/pfc/FreeRTOS_Library/Debug/libFreeRTOS_Library.a(consoleprint.o)
 .debug_macro   0x00000000000042b0      0x133 /Users/wavelife/Documents/UOC/TFC/pfc/FreeRTOS_Library/Debug/libFreeRTOS_Library.a(queue.o)
 .debug_macro   0x00000000000043e3       0x28 /Users/wavelife/Documents/UOC/TFC/pfc/FreeRTOS_Library/Debug/libFreeRTOS_Library.a(queue.o)
 .debug_macro   0x000000000000440b      0x133 /Users/wavelife/Documents/UOC/TFC/pfc/FreeRTOS_Library/Debug/libFreeRTOS_Library.a(tasks.o)
 .debug_macro   0x000000000000453e       0x22 /Users/wavelife/Documents/UOC/TFC/pfc/FreeRTOS_Library/Debug/libFreeRTOS_Library.a(tasks.o)
 .debug_macro   0x0000000000004560       0x5b /Users/wavelife/Documents/UOC/TFC/pfc/FreeRTOS_Library/Debug/libFreeRTOS_Library.a(tasks.o)
 .debug_macro   0x00000000000045bb       0x16 /Users/wavelife/Documents/UOC/TFC/pfc/FreeRTOS_Library/Debug/libFreeRTOS_Library.a(tasks.o)
 .debug_macro   0x00000000000045d1       0xcb /Users/wavelife/Documents/UOC/TFC/pfc/FreeRTOS_Library/Debug/libFreeRTOS_Library.a(heap_2.o)
 .debug_macro   0x000000000000469c       0x9d /Users/wavelife/Documents/UOC/TFC/pfc/FreeRTOS_Library/Debug/libFreeRTOS_Library.a(list.o)

.debug_line     0x0000000000000000     0x246b
 .debug_line    0x0000000000000000      0x248 ./cr_startup_lpc17.o
 .debug_line    0x0000000000000248      0x318 ./main.o
 .debug_line    0x0000000000000560      0x1d3 /Users/wavelife/Documents/UOC/TFC/pfc/CMSISv2p00_LPC17xx/Debug/libCMSISv2p00_LPC17xx.a(system_LPC17xx.o)
 .debug_line    0x0000000000000733      0x294 /Users/wavelife/Documents/UOC/TFC/pfc/LPC1769_UOC_Library/Debug/libLPC1769_UOC_Library.a(log.o)
 .debug_line    0x00000000000009c7      0x475 /Users/wavelife/Documents/UOC/TFC/pfc/LPC1769_UOC_Library/Debug/libLPC1769_UOC_Library.a(printf.o)
 .debug_line    0x0000000000000e3c      0x364 /Users/wavelife/Documents/UOC/TFC/pfc/LPC1769_UOC_Library/Debug/libLPC1769_UOC_Library.a(uart.o)
 .debug_line    0x00000000000011a0      0x233 /Users/wavelife/Documents/UOC/TFC/pfc/FreeRTOS_Library/Debug/libFreeRTOS_Library.a(port.o)
 .debug_line    0x00000000000013d3      0x239 /Users/wavelife/Documents/UOC/TFC/pfc/FreeRTOS_Library/Debug/libFreeRTOS_Library.a(basic_io.o)
 .debug_line    0x000000000000160c      0x137 /Users/wavelife/Documents/UOC/TFC/pfc/FreeRTOS_Library/Debug/libFreeRTOS_Library.a(consoleprint.o)
 .debug_line    0x0000000000001743      0x36c /Users/wavelife/Documents/UOC/TFC/pfc/FreeRTOS_Library/Debug/libFreeRTOS_Library.a(queue.o)
 .debug_line    0x0000000000001aaf      0x531 /Users/wavelife/Documents/UOC/TFC/pfc/FreeRTOS_Library/Debug/libFreeRTOS_Library.a(tasks.o)
 .debug_line    0x0000000000001fe0      0x263 /Users/wavelife/Documents/UOC/TFC/pfc/FreeRTOS_Library/Debug/libFreeRTOS_Library.a(heap_2.o)
 .debug_line    0x0000000000002243      0x228 /Users/wavelife/Documents/UOC/TFC/pfc/FreeRTOS_Library/Debug/libFreeRTOS_Library.a(list.o)

.debug_str      0x0000000000000000     0xdec7
 .debug_str     0x0000000000000000     0x3c9e ./cr_startup_lpc17.o
                                       0x3d29 (size before relaxing)
 .debug_str     0x0000000000003c9e     0x2d51 ./main.o
                                       0x577f (size before relaxing)
 .debug_str     0x00000000000069ef     0x462b /Users/wavelife/Documents/UOC/TFC/pfc/CMSISv2p00_LPC17xx/Debug/libCMSISv2p00_LPC17xx.a(system_LPC17xx.o)
                                       0x8107 (size before relaxing)
 .debug_str     0x000000000000b01a      0x261 /Users/wavelife/Documents/UOC/TFC/pfc/LPC1769_UOC_Library/Debug/libLPC1769_UOC_Library.a(log.o)
                                       0x59df (size before relaxing)
 .debug_str     0x000000000000b27b      0x563 /Users/wavelife/Documents/UOC/TFC/pfc/LPC1769_UOC_Library/Debug/libLPC1769_UOC_Library.a(printf.o)
                                       0xaea2 (size before relaxing)
 .debug_str     0x000000000000b7de      0x46c /Users/wavelife/Documents/UOC/TFC/pfc/LPC1769_UOC_Library/Debug/libLPC1769_UOC_Library.a(uart.o)
                                       0x84a6 (size before relaxing)
 .debug_str     0x000000000000bc4a      0x426 /Users/wavelife/Documents/UOC/TFC/pfc/FreeRTOS_Library/Debug/libFreeRTOS_Library.a(port.o)
                                       0x49da (size before relaxing)
 .debug_str     0x000000000000c070       0x9c /Users/wavelife/Documents/UOC/TFC/pfc/FreeRTOS_Library/Debug/libFreeRTOS_Library.a(basic_io.o)
                                       0x4926 (size before relaxing)
 .debug_str     0x000000000000c10c       0x4b /Users/wavelife/Documents/UOC/TFC/pfc/FreeRTOS_Library/Debug/libFreeRTOS_Library.a(consoleprint.o)
                                       0x2c56 (size before relaxing)
 .debug_str     0x000000000000c157      0x82c /Users/wavelife/Documents/UOC/TFC/pfc/FreeRTOS_Library/Debug/libFreeRTOS_Library.a(queue.o)
                                       0x509a (size before relaxing)
 .debug_str     0x000000000000c983     0x10c2 /Users/wavelife/Documents/UOC/TFC/pfc/FreeRTOS_Library/Debug/libFreeRTOS_Library.a(tasks.o)
                                       0x5d6a (size before relaxing)
 .debug_str     0x000000000000da45      0x442 /Users/wavelife/Documents/UOC/TFC/pfc/FreeRTOS_Library/Debug/libFreeRTOS_Library.a(heap_2.o)
                                       0x4b79 (size before relaxing)
 .debug_str     0x000000000000de87       0x40 /Users/wavelife/Documents/UOC/TFC/pfc/FreeRTOS_Library/Debug/libFreeRTOS_Library.a(list.o)
                                       0x449b (size before relaxing)

.comment        0x0000000000000000       0x70
 .comment       0x0000000000000000       0x70 ./cr_startup_lpc17.o
                                         0x71 (size before relaxing)
 .comment       0x0000000000000000       0x71 ./main.o
 .comment       0x0000000000000000       0x71 /Users/wavelife/Documents/UOC/TFC/pfc/CMSISv2p00_LPC17xx/Debug/libCMSISv2p00_LPC17xx.a(system_LPC17xx.o)
 .comment       0x0000000000000000       0x71 /Users/wavelife/Documents/UOC/TFC/pfc/LPC1769_UOC_Library/Debug/libLPC1769_UOC_Library.a(log.o)
 .comment       0x0000000000000000       0x71 /Users/wavelife/Documents/UOC/TFC/pfc/LPC1769_UOC_Library/Debug/libLPC1769_UOC_Library.a(printf.o)
 .comment       0x0000000000000000       0x71 /Users/wavelife/Documents/UOC/TFC/pfc/LPC1769_UOC_Library/Debug/libLPC1769_UOC_Library.a(uart.o)
 .comment       0x0000000000000000       0x71 /Users/wavelife/Documents/UOC/TFC/pfc/FreeRTOS_Library/Debug/libFreeRTOS_Library.a(port.o)
 .comment       0x0000000000000000       0x71 /Users/wavelife/Documents/UOC/TFC/pfc/FreeRTOS_Library/Debug/libFreeRTOS_Library.a(basic_io.o)
 .comment       0x0000000000000000       0x71 /Users/wavelife/Documents/UOC/TFC/pfc/FreeRTOS_Library/Debug/libFreeRTOS_Library.a(consoleprint.o)
 .comment       0x0000000000000000       0x71 /Users/wavelife/Documents/UOC/TFC/pfc/FreeRTOS_Library/Debug/libFreeRTOS_Library.a(queue.o)
 .comment       0x0000000000000000       0x71 /Users/wavelife/Documents/UOC/TFC/pfc/FreeRTOS_Library/Debug/libFreeRTOS_Library.a(tasks.o)
 .comment       0x0000000000000000       0x71 /Users/wavelife/Documents/UOC/TFC/pfc/FreeRTOS_Library/Debug/libFreeRTOS_Library.a(heap_2.o)
 .comment       0x0000000000000000       0x71 /Users/wavelife/Documents/UOC/TFC/pfc/FreeRTOS_Library/Debug/libFreeRTOS_Library.a(list.o)
 .comment       0x0000000000000000       0x71 /Applications/lpcxpresso_7.6.2_326/lpcxpresso/tools/bin/../lib/gcc/arm-none-eabi/4.9.3/../../../../arm-none-eabi/lib/armv7-m/libcr_semihost.a(_cr__main.o)
 .comment       0x0000000000000000       0x71 /Applications/lpcxpresso_7.6.2_326/lpcxpresso/tools/bin/../lib/gcc/arm-none-eabi/4.9.3/../../../../arm-none-eabi/lib/armv7-m/libcr_c.a(memcpy.o)
 .comment       0x0000000000000000       0x71 /Applications/lpcxpresso_7.6.2_326/lpcxpresso/tools/bin/../lib/gcc/arm-none-eabi/4.9.3/../../../../arm-none-eabi/lib/armv7-m/libcr_c.a(memset.o)
 .comment       0x0000000000000000       0x71 /Applications/lpcxpresso_7.6.2_326/lpcxpresso/tools/bin/../lib/gcc/arm-none-eabi/4.9.3/../../../../arm-none-eabi/lib/armv7-m/libcr_c.a(fpprintf.o)
 .comment       0x0000000000000000       0x71 /Applications/lpcxpresso_7.6.2_326/lpcxpresso/tools/bin/../lib/gcc/arm-none-eabi/4.9.3/../../../../arm-none-eabi/lib/armv7-m/libcr_c.a(initio.o)
 .comment       0x0000000000000000       0x71 /Applications/lpcxpresso_7.6.2_326/lpcxpresso/tools/bin/../lib/gcc/arm-none-eabi/4.9.3/../../../../arm-none-eabi/lib/armv7-m/libcr_c.a(printf.o)
 .comment       0x0000000000000000       0x71 /Applications/lpcxpresso_7.6.2_326/lpcxpresso/tools/bin/../lib/gcc/arm-none-eabi/4.9.3/../../../../arm-none-eabi/lib/armv7-m/libcr_c.a(setvbuf.o)
 .comment       0x0000000000000000       0x71 /Applications/lpcxpresso_7.6.2_326/lpcxpresso/tools/bin/../lib/gcc/arm-none-eabi/4.9.3/../../../../arm-none-eabi/lib/armv7-m/libcr_c.a(stdio.o)
 .comment       0x0000000000000000       0x71 /Applications/lpcxpresso_7.6.2_326/lpcxpresso/tools/bin/../lib/gcc/arm-none-eabi/4.9.3/../../../../arm-none-eabi/lib/armv7-m/libcr_c.a(stdlib.o)
 .comment       0x0000000000000000       0x71 /Applications/lpcxpresso_7.6.2_326/lpcxpresso/tools/bin/../lib/gcc/arm-none-eabi/4.9.3/../../../../arm-none-eabi/lib/armv7-m/libcr_c.a(strcat.o)
 .comment       0x0000000000000000       0x71 /Applications/lpcxpresso_7.6.2_326/lpcxpresso/tools/bin/../lib/gcc/arm-none-eabi/4.9.3/../../../../arm-none-eabi/lib/armv7-m/libcr_c.a(strcpy.o)
 .comment       0x0000000000000000       0x71 /Applications/lpcxpresso_7.6.2_326/lpcxpresso/tools/bin/../lib/gcc/arm-none-eabi/4.9.3/../../../../arm-none-eabi/lib/armv7-m/libcr_c.a(strlen.o)
 .comment       0x0000000000000000       0x71 /Applications/lpcxpresso_7.6.2_326/lpcxpresso/tools/bin/../lib/gcc/arm-none-eabi/4.9.3/../../../../arm-none-eabi/lib/armv7-m/libcr_c.a(strncpy.o)
 .comment       0x0000000000000000       0x71 /Applications/lpcxpresso_7.6.2_326/lpcxpresso/tools/bin/../lib/gcc/arm-none-eabi/4.9.3/../../../../arm-none-eabi/lib/armv7-m/libcr_c.a(_deferredlazyseek.o)
 .comment       0x0000000000000000       0x71 /Applications/lpcxpresso_7.6.2_326/lpcxpresso/tools/bin/../lib/gcc/arm-none-eabi/4.9.3/../../../../arm-none-eabi/lib/armv7-m/libcr_c.a(_fdopen.o)
 .comment       0x0000000000000000       0x71 /Applications/lpcxpresso_7.6.2_326/lpcxpresso/tools/bin/../lib/gcc/arm-none-eabi/4.9.3/../../../../arm-none-eabi/lib/armv7-m/libcr_c.a(_fflush.o)
 .comment       0x0000000000000000       0x71 /Applications/lpcxpresso_7.6.2_326/lpcxpresso/tools/bin/../lib/gcc/arm-none-eabi/4.9.3/../../../../arm-none-eabi/lib/armv7-m/libcr_c.a(_frexpl.o)
 .comment       0x0000000000000000       0x71 /Applications/lpcxpresso_7.6.2_326/lpcxpresso/tools/bin/../lib/gcc/arm-none-eabi/4.9.3/../../../../arm-none-eabi/lib/armv7-m/libcr_c.a(_ldexpl.o)
 .comment       0x0000000000000000       0x71 /Applications/lpcxpresso_7.6.2_326/lpcxpresso/tools/bin/../lib/gcc/arm-none-eabi/4.9.3/../../../../arm-none-eabi/lib/armv7-m/libcr_c.a(_writebuf.o)
 .comment       0x0000000000000000       0x71 /Applications/lpcxpresso_7.6.2_326/lpcxpresso/tools/bin/../lib/gcc/arm-none-eabi/4.9.3/../../../../arm-none-eabi/lib/armv7-m/libcr_c.a(alloc.o)
 .comment       0x0000000000000000       0x71 /Applications/lpcxpresso_7.6.2_326/lpcxpresso/tools/bin/../lib/gcc/arm-none-eabi/4.9.3/../../../../arm-none-eabi/lib/armv7-m/libcr_c.a(errno.o)
 .comment       0x0000000000000000       0x71 /Applications/lpcxpresso_7.6.2_326/lpcxpresso/tools/bin/../lib/gcc/arm-none-eabi/4.9.3/../../../../arm-none-eabi/lib/armv7-m/libcr_c.a(fclose.o)
 .comment       0x0000000000000000       0x71 /Applications/lpcxpresso_7.6.2_326/lpcxpresso/tools/bin/../lib/gcc/arm-none-eabi/4.9.3/../../../../arm-none-eabi/lib/armv7-m/libcr_c.a(fflush.o)
 .comment       0x0000000000000000       0x71 /Applications/lpcxpresso_7.6.2_326/lpcxpresso/tools/bin/../lib/gcc/arm-none-eabi/4.9.3/../../../../arm-none-eabi/lib/armv7-m/libcr_c.a(fseek.o)
 .comment       0x0000000000000000       0x71 /Applications/lpcxpresso_7.6.2_326/lpcxpresso/tools/bin/../lib/gcc/arm-none-eabi/4.9.3/../../../../arm-none-eabi/lib/armv7-m/libcr_c.a(ftell.o)
 .comment       0x0000000000000000       0x71 /Applications/lpcxpresso_7.6.2_326/lpcxpresso/tools/bin/../lib/gcc/arm-none-eabi/4.9.3/../../../../arm-none-eabi/lib/armv7-m/libcr_c.a(remove.o)
 .comment       0x0000000000000000       0x71 /Applications/lpcxpresso_7.6.2_326/lpcxpresso/tools/bin/../lib/gcc/arm-none-eabi/4.9.3/../../../../arm-none-eabi/lib/armv7-m/libcr_c.a(__init_alloc.o)
 .comment       0x0000000000000000       0x71 /Applications/lpcxpresso_7.6.2_326/lpcxpresso/tools/bin/../lib/gcc/arm-none-eabi/4.9.3/../../../../arm-none-eabi/lib/armv7-m/libcr_c.a(_cr_sbrk.o)
 .comment       0x0000000000000000       0x71 /Applications/lpcxpresso_7.6.2_326/lpcxpresso/tools/bin/../lib/gcc/arm-none-eabi/4.9.3/../../../../arm-none-eabi/lib/armv7-m/libcr_c.a(_do_fflush.o)
 .comment       0x0000000000000000       0x71 /Applications/lpcxpresso_7.6.2_326/lpcxpresso/tools/bin/../lib/gcc/arm-none-eabi/4.9.3/../../../../arm-none-eabi/lib/armv7-m/libcr_c.a(_hugeval.o)
 .comment       0x0000000000000000       0x71 /Applications/lpcxpresso_7.6.2_326/lpcxpresso/tools/bin/../lib/gcc/arm-none-eabi/4.9.3/../../../../arm-none-eabi/lib/armv7-m/libcr_c.a(_cr_check_heap.o)
 .comment       0x0000000000000000       0x71 /Applications/lpcxpresso_7.6.2_326/lpcxpresso/tools/bin/../lib/gcc/arm-none-eabi/4.9.3/armv7-m/libcr_eabihelpers.a(double.o)

.ARM.attributes
                0x0000000000000000       0x31
 .ARM.attributes
                0x0000000000000000       0x33 ./cr_startup_lpc17.o
 .ARM.attributes
                0x0000000000000033       0x33 ./main.o
 .ARM.attributes
                0x0000000000000066       0x33 /Users/wavelife/Documents/UOC/TFC/pfc/CMSISv2p00_LPC17xx/Debug/libCMSISv2p00_LPC17xx.a(system_LPC17xx.o)
 .ARM.attributes
                0x0000000000000099       0x33 /Users/wavelife/Documents/UOC/TFC/pfc/LPC1769_UOC_Library/Debug/libLPC1769_UOC_Library.a(log.o)
 .ARM.attributes
                0x00000000000000cc       0x33 /Users/wavelife/Documents/UOC/TFC/pfc/LPC1769_UOC_Library/Debug/libLPC1769_UOC_Library.a(printf.o)
 .ARM.attributes
                0x00000000000000ff       0x33 /Users/wavelife/Documents/UOC/TFC/pfc/LPC1769_UOC_Library/Debug/libLPC1769_UOC_Library.a(uart.o)
 .ARM.attributes
                0x0000000000000132       0x33 /Users/wavelife/Documents/UOC/TFC/pfc/FreeRTOS_Library/Debug/libFreeRTOS_Library.a(port.o)
 .ARM.attributes
                0x0000000000000165       0x33 /Users/wavelife/Documents/UOC/TFC/pfc/FreeRTOS_Library/Debug/libFreeRTOS_Library.a(basic_io.o)
 .ARM.attributes
                0x0000000000000198       0x33 /Users/wavelife/Documents/UOC/TFC/pfc/FreeRTOS_Library/Debug/libFreeRTOS_Library.a(consoleprint.o)
 .ARM.attributes
                0x00000000000001cb       0x33 /Users/wavelife/Documents/UOC/TFC/pfc/FreeRTOS_Library/Debug/libFreeRTOS_Library.a(queue.o)
 .ARM.attributes
                0x00000000000001fe       0x33 /Users/wavelife/Documents/UOC/TFC/pfc/FreeRTOS_Library/Debug/libFreeRTOS_Library.a(tasks.o)
 .ARM.attributes
                0x0000000000000231       0x33 /Users/wavelife/Documents/UOC/TFC/pfc/FreeRTOS_Library/Debug/libFreeRTOS_Library.a(heap_2.o)
 .ARM.attributes
                0x0000000000000264       0x33 /Users/wavelife/Documents/UOC/TFC/pfc/FreeRTOS_Library/Debug/libFreeRTOS_Library.a(list.o)
 .ARM.attributes
                0x0000000000000297       0x21 /Applications/lpcxpresso_7.6.2_326/lpcxpresso/tools/bin/../lib/gcc/arm-none-eabi/4.9.3/../../../../arm-none-eabi/lib/armv7-m/libcr_semihost.a(__sys_write.o)
 .ARM.attributes
                0x00000000000002b8       0x33 /Applications/lpcxpresso_7.6.2_326/lpcxpresso/tools/bin/../lib/gcc/arm-none-eabi/4.9.3/../../../../arm-none-eabi/lib/armv7-m/libcr_semihost.a(_cr__main.o)
 .ARM.attributes
                0x00000000000002eb       0x33 /Applications/lpcxpresso_7.6.2_326/lpcxpresso/tools/bin/../lib/gcc/arm-none-eabi/4.9.3/../../../../arm-none-eabi/lib/armv7-m/libcr_c.a(memcpy.o)
 .ARM.attributes
                0x000000000000031e       0x33 /Applications/lpcxpresso_7.6.2_326/lpcxpresso/tools/bin/../lib/gcc/arm-none-eabi/4.9.3/../../../../arm-none-eabi/lib/armv7-m/libcr_c.a(memset.o)
 .ARM.attributes
                0x0000000000000351       0x33 /Applications/lpcxpresso_7.6.2_326/lpcxpresso/tools/bin/../lib/gcc/arm-none-eabi/4.9.3/../../../../arm-none-eabi/lib/armv7-m/libcr_c.a(fpprintf.o)
 .ARM.attributes
                0x0000000000000384       0x33 /Applications/lpcxpresso_7.6.2_326/lpcxpresso/tools/bin/../lib/gcc/arm-none-eabi/4.9.3/../../../../arm-none-eabi/lib/armv7-m/libcr_c.a(initio.o)
 .ARM.attributes
                0x00000000000003b7       0x33 /Applications/lpcxpresso_7.6.2_326/lpcxpresso/tools/bin/../lib/gcc/arm-none-eabi/4.9.3/../../../../arm-none-eabi/lib/armv7-m/libcr_c.a(printf.o)
 .ARM.attributes
                0x00000000000003ea       0x33 /Applications/lpcxpresso_7.6.2_326/lpcxpresso/tools/bin/../lib/gcc/arm-none-eabi/4.9.3/../../../../arm-none-eabi/lib/armv7-m/libcr_c.a(setvbuf.o)
 .ARM.attributes
                0x000000000000041d       0x33 /Applications/lpcxpresso_7.6.2_326/lpcxpresso/tools/bin/../lib/gcc/arm-none-eabi/4.9.3/../../../../arm-none-eabi/lib/armv7-m/libcr_c.a(stdio.o)
 .ARM.attributes
                0x0000000000000450       0x33 /Applications/lpcxpresso_7.6.2_326/lpcxpresso/tools/bin/../lib/gcc/arm-none-eabi/4.9.3/../../../../arm-none-eabi/lib/armv7-m/libcr_c.a(stdlib.o)
 .ARM.attributes
                0x0000000000000483       0x33 /Applications/lpcxpresso_7.6.2_326/lpcxpresso/tools/bin/../lib/gcc/arm-none-eabi/4.9.3/../../../../arm-none-eabi/lib/armv7-m/libcr_c.a(strcat.o)
 .ARM.attributes
                0x00000000000004b6       0x33 /Applications/lpcxpresso_7.6.2_326/lpcxpresso/tools/bin/../lib/gcc/arm-none-eabi/4.9.3/../../../../arm-none-eabi/lib/armv7-m/libcr_c.a(strcpy.o)
 .ARM.attributes
                0x00000000000004e9       0x33 /Applications/lpcxpresso_7.6.2_326/lpcxpresso/tools/bin/../lib/gcc/arm-none-eabi/4.9.3/../../../../arm-none-eabi/lib/armv7-m/libcr_c.a(strlen.o)
 .ARM.attributes
                0x000000000000051c       0x33 /Applications/lpcxpresso_7.6.2_326/lpcxpresso/tools/bin/../lib/gcc/arm-none-eabi/4.9.3/../../../../arm-none-eabi/lib/armv7-m/libcr_c.a(strncpy.o)
 .ARM.attributes
                0x000000000000054f       0x33 /Applications/lpcxpresso_7.6.2_326/lpcxpresso/tools/bin/../lib/gcc/arm-none-eabi/4.9.3/../../../../arm-none-eabi/lib/armv7-m/libcr_c.a(_deferredlazyseek.o)
 .ARM.attributes
                0x0000000000000582       0x33 /Applications/lpcxpresso_7.6.2_326/lpcxpresso/tools/bin/../lib/gcc/arm-none-eabi/4.9.3/../../../../arm-none-eabi/lib/armv7-m/libcr_c.a(_fdopen.o)
 .ARM.attributes
                0x00000000000005b5       0x33 /Applications/lpcxpresso_7.6.2_326/lpcxpresso/tools/bin/../lib/gcc/arm-none-eabi/4.9.3/../../../../arm-none-eabi/lib/armv7-m/libcr_c.a(_fflush.o)
 .ARM.attributes
                0x00000000000005e8       0x33 /Applications/lpcxpresso_7.6.2_326/lpcxpresso/tools/bin/../lib/gcc/arm-none-eabi/4.9.3/../../../../arm-none-eabi/lib/armv7-m/libcr_c.a(_frexpl.o)
 .ARM.attributes
                0x000000000000061b       0x33 /Applications/lpcxpresso_7.6.2_326/lpcxpresso/tools/bin/../lib/gcc/arm-none-eabi/4.9.3/../../../../arm-none-eabi/lib/armv7-m/libcr_c.a(_ldexpl.o)
 .ARM.attributes
                0x000000000000064e       0x33 /Applications/lpcxpresso_7.6.2_326/lpcxpresso/tools/bin/../lib/gcc/arm-none-eabi/4.9.3/../../../../arm-none-eabi/lib/armv7-m/libcr_c.a(_writebuf.o)
 .ARM.attributes
                0x0000000000000681       0x33 /Applications/lpcxpresso_7.6.2_326/lpcxpresso/tools/bin/../lib/gcc/arm-none-eabi/4.9.3/../../../../arm-none-eabi/lib/armv7-m/libcr_c.a(alloc.o)
 .ARM.attributes
                0x00000000000006b4       0x33 /Applications/lpcxpresso_7.6.2_326/lpcxpresso/tools/bin/../lib/gcc/arm-none-eabi/4.9.3/../../../../arm-none-eabi/lib/armv7-m/libcr_c.a(errno.o)
 .ARM.attributes
                0x00000000000006e7       0x33 /Applications/lpcxpresso_7.6.2_326/lpcxpresso/tools/bin/../lib/gcc/arm-none-eabi/4.9.3/../../../../arm-none-eabi/lib/armv7-m/libcr_c.a(fclose.o)
 .ARM.attributes
                0x000000000000071a       0x33 /Applications/lpcxpresso_7.6.2_326/lpcxpresso/tools/bin/../lib/gcc/arm-none-eabi/4.9.3/../../../../arm-none-eabi/lib/armv7-m/libcr_c.a(fflush.o)
 .ARM.attributes
                0x000000000000074d       0x33 /Applications/lpcxpresso_7.6.2_326/lpcxpresso/tools/bin/../lib/gcc/arm-none-eabi/4.9.3/../../../../arm-none-eabi/lib/armv7-m/libcr_c.a(fseek.o)
 .ARM.attributes
                0x0000000000000780       0x33 /Applications/lpcxpresso_7.6.2_326/lpcxpresso/tools/bin/../lib/gcc/arm-none-eabi/4.9.3/../../../../arm-none-eabi/lib/armv7-m/libcr_c.a(ftell.o)
 .ARM.attributes
                0x00000000000007b3       0x33 /Applications/lpcxpresso_7.6.2_326/lpcxpresso/tools/bin/../lib/gcc/arm-none-eabi/4.9.3/../../../../arm-none-eabi/lib/armv7-m/libcr_c.a(remove.o)
 .ARM.attributes
                0x00000000000007e6       0x33 /Applications/lpcxpresso_7.6.2_326/lpcxpresso/tools/bin/../lib/gcc/arm-none-eabi/4.9.3/../../../../arm-none-eabi/lib/armv7-m/libcr_c.a(__init_alloc.o)
 .ARM.attributes
                0x0000000000000819       0x33 /Applications/lpcxpresso_7.6.2_326/lpcxpresso/tools/bin/../lib/gcc/arm-none-eabi/4.9.3/../../../../arm-none-eabi/lib/armv7-m/libcr_c.a(_cr_sbrk.o)
 .ARM.attributes
                0x000000000000084c       0x33 /Applications/lpcxpresso_7.6.2_326/lpcxpresso/tools/bin/../lib/gcc/arm-none-eabi/4.9.3/../../../../arm-none-eabi/lib/armv7-m/libcr_c.a(_do_fflush.o)
 .ARM.attributes
                0x000000000000087f       0x33 /Applications/lpcxpresso_7.6.2_326/lpcxpresso/tools/bin/../lib/gcc/arm-none-eabi/4.9.3/../../../../arm-none-eabi/lib/armv7-m/libcr_c.a(_hugeval.o)
 .ARM.attributes
                0x00000000000008b2       0x33 /Applications/lpcxpresso_7.6.2_326/lpcxpresso/tools/bin/../lib/gcc/arm-none-eabi/4.9.3/../../../../arm-none-eabi/lib/armv7-m/libcr_c.a(_cr_check_heap.o)
 .ARM.attributes
                0x00000000000008e5       0x33 /Applications/lpcxpresso_7.6.2_326/lpcxpresso/tools/bin/../lib/gcc/arm-none-eabi/4.9.3/armv7-m/libcr_eabihelpers.a(double.o)
 .ARM.attributes
                0x0000000000000918       0x21 /Applications/lpcxpresso_7.6.2_326/lpcxpresso/tools/bin/../lib/gcc/arm-none-eabi/4.9.3/armv7-m/libcr_eabihelpers.a(memcpy.o)
 .ARM.attributes
                0x0000000000000939       0x21 /Applications/lpcxpresso_7.6.2_326/lpcxpresso/tools/bin/../lib/gcc/arm-none-eabi/4.9.3/../../../../arm-none-eabi/lib/armv7-m/libcr_semihost.a(__sys_appexit.o)
 .ARM.attributes
                0x000000000000095a       0x21 /Applications/lpcxpresso_7.6.2_326/lpcxpresso/tools/bin/../lib/gcc/arm-none-eabi/4.9.3/../../../../arm-none-eabi/lib/armv7-m/libcr_semihost.a(__sys_close.o)
 .ARM.attributes
                0x000000000000097b       0x21 /Applications/lpcxpresso_7.6.2_326/lpcxpresso/tools/bin/../lib/gcc/arm-none-eabi/4.9.3/../../../../arm-none-eabi/lib/armv7-m/libcr_semihost.a(__sys_flen.o)
 .ARM.attributes
                0x000000000000099c       0x21 /Applications/lpcxpresso_7.6.2_326/lpcxpresso/tools/bin/../lib/gcc/arm-none-eabi/4.9.3/../../../../arm-none-eabi/lib/armv7-m/libcr_semihost.a(__sys_istty.o)
 .ARM.attributes
                0x00000000000009bd       0x21 /Applications/lpcxpresso_7.6.2_326/lpcxpresso/tools/bin/../lib/gcc/arm-none-eabi/4.9.3/../../../../arm-none-eabi/lib/armv7-m/libcr_semihost.a(__sys_remove.o)
 .ARM.attributes
                0x00000000000009de       0x21 /Applications/lpcxpresso_7.6.2_326/lpcxpresso/tools/bin/../lib/gcc/arm-none-eabi/4.9.3/../../../../arm-none-eabi/lib/armv7-m/libcr_semihost.a(__sys_seek.o)
 .ARM.attributes
                0x00000000000009ff       0x21 /Applications/lpcxpresso_7.6.2_326/lpcxpresso/tools/bin/../lib/gcc/arm-none-eabi/4.9.3/../../../../arm-none-eabi/lib/armv7-m/libcr_semihost.a(__sys_tmpnam.o)

.debug_frame    0x0000000000000000      0xc5c
 .debug_frame   0x0000000000000000       0xc8 ./cr_startup_lpc17.o
 .debug_frame   0x00000000000000c8       0xb0 ./main.o
 .debug_frame   0x0000000000000178       0x3c /Users/wavelife/Documents/UOC/TFC/pfc/CMSISv2p00_LPC17xx/Debug/libCMSISv2p00_LPC17xx.a(system_LPC17xx.o)
 .debug_frame   0x00000000000001b4       0x6c /Users/wavelife/Documents/UOC/TFC/pfc/LPC1769_UOC_Library/Debug/libLPC1769_UOC_Library.a(log.o)
 .debug_frame   0x0000000000000220      0x184 /Users/wavelife/Documents/UOC/TFC/pfc/LPC1769_UOC_Library/Debug/libLPC1769_UOC_Library.a(printf.o)
 .debug_frame   0x00000000000003a4      0x128 /Users/wavelife/Documents/UOC/TFC/pfc/LPC1769_UOC_Library/Debug/libLPC1769_UOC_Library.a(uart.o)
 .debug_frame   0x00000000000004cc       0xc0 /Users/wavelife/Documents/UOC/TFC/pfc/FreeRTOS_Library/Debug/libFreeRTOS_Library.a(port.o)
 .debug_frame   0x000000000000058c       0x48 /Users/wavelife/Documents/UOC/TFC/pfc/FreeRTOS_Library/Debug/libFreeRTOS_Library.a(basic_io.o)
 .debug_frame   0x00000000000005d4       0x28 /Users/wavelife/Documents/UOC/TFC/pfc/FreeRTOS_Library/Debug/libFreeRTOS_Library.a(consoleprint.o)
 .debug_frame   0x00000000000005fc      0x210 /Users/wavelife/Documents/UOC/TFC/pfc/FreeRTOS_Library/Debug/libFreeRTOS_Library.a(queue.o)
 .debug_frame   0x000000000000080c      0x374 /Users/wavelife/Documents/UOC/TFC/pfc/FreeRTOS_Library/Debug/libFreeRTOS_Library.a(tasks.o)
 .debug_frame   0x0000000000000b80       0x70 /Users/wavelife/Documents/UOC/TFC/pfc/FreeRTOS_Library/Debug/libFreeRTOS_Library.a(heap_2.o)
 .debug_frame   0x0000000000000bf0       0x6c /Users/wavelife/Documents/UOC/TFC/pfc/FreeRTOS_Library/Debug/libFreeRTOS_Library.a(list.o)
