Archive member included because of file (symbol)

/Users/wavelife/Documents/UOC/TFC/pfc/LPC1769_UOC_Library/Debug/libLPC1769_UOC_Library.a(log.o)
                              ./main.o (Log_start)
/Users/wavelife/Documents/UOC/TFC/pfc/LPC1769_UOC_Library/Debug/libLPC1769_UOC_Library.a(printf.o)
                              ./main.o (Printf_start)
/Users/wavelife/Documents/UOC/TFC/pfc/LPC1769_UOC_Library/Debug/libLPC1769_UOC_Library.a(uart.o)
                              ./main.o (UART0Buffer)
/Users/wavelife/Documents/UOC/TFC/pfc/CMSISv2p00_LPC17xx/Debug/libCMSISv2p00_LPC17xx.a(system_LPC17xx.o)
                              ./cr_startup_lpc17.o (SystemInit)
/Users/wavelife/Documents/UOC/TFC/pfc/FreeRTOS_Library/Debug/libFreeRTOS_Library.a(queue.o)
                              /Users/wavelife/Documents/UOC/TFC/pfc/LPC1769_UOC_Library/Debug/libLPC1769_UOC_Library.a(printf.o) (xQueueGenericCreate)
/Users/wavelife/Documents/UOC/TFC/pfc/FreeRTOS_Library/Debug/libFreeRTOS_Library.a(tasks.o)
                              ./main.o (xTaskGenericCreate)
/Users/wavelife/Documents/UOC/TFC/pfc/FreeRTOS_Library/Debug/libFreeRTOS_Library.a(heap_2.o)
                              /Users/wavelife/Documents/UOC/TFC/pfc/FreeRTOS_Library/Debug/libFreeRTOS_Library.a(queue.o) (pvPortMalloc)
/Users/wavelife/Documents/UOC/TFC/pfc/FreeRTOS_Library/Debug/libFreeRTOS_Library.a(port.o)
                              /Users/wavelife/Documents/UOC/TFC/pfc/FreeRTOS_Library/Debug/libFreeRTOS_Library.a(tasks.o) (pxPortInitialiseStack)
/Users/wavelife/Documents/UOC/TFC/pfc/FreeRTOS_Library/Debug/libFreeRTOS_Library.a(list.o)
                              /Users/wavelife/Documents/UOC/TFC/pfc/FreeRTOS_Library/Debug/libFreeRTOS_Library.a(queue.o) (vListInitialise)
/Applications/lpcxpresso_7.6.2_326/lpcxpresso/tools/bin/../lib/gcc/arm-none-eabi/4.9.3/../../../../arm-none-eabi/lib/armv7-m/libcr_nohost.a(_cr__main.o)
                              ./cr_startup_lpc17.o (__main)
/Applications/lpcxpresso_7.6.2_326/lpcxpresso/tools/bin/../lib/gcc/arm-none-eabi/4.9.3/../../../../arm-none-eabi/lib/armv7-m/libcr_c.a(memcpy.o)
                              /Users/wavelife/Documents/UOC/TFC/pfc/FreeRTOS_Library/Debug/libFreeRTOS_Library.a(queue.o) (memcpy)
/Applications/lpcxpresso_7.6.2_326/lpcxpresso/tools/bin/../lib/gcc/arm-none-eabi/4.9.3/../../../../arm-none-eabi/lib/armv7-m/libcr_c.a(memset.o)
                              ./main.o (memset)
/Applications/lpcxpresso_7.6.2_326/lpcxpresso/tools/bin/../lib/gcc/arm-none-eabi/4.9.3/../../../../arm-none-eabi/lib/armv7-m/libcr_c.a(fpprintf.o)
                              /Users/wavelife/Documents/UOC/TFC/pfc/FreeRTOS_Library/Debug/libFreeRTOS_Library.a(tasks.o) (sprintf)
/Applications/lpcxpresso_7.6.2_326/lpcxpresso/tools/bin/../lib/gcc/arm-none-eabi/4.9.3/../../../../arm-none-eabi/lib/armv7-m/libcr_c.a(initio.o)
                              /Applications/lpcxpresso_7.6.2_326/lpcxpresso/tools/bin/../lib/gcc/arm-none-eabi/4.9.3/../../../../arm-none-eabi/lib/armv7-m/libcr_nohost.a(_cr__main.o) (_initio)
/Applications/lpcxpresso_7.6.2_326/lpcxpresso/tools/bin/../lib/gcc/arm-none-eabi/4.9.3/../../../../arm-none-eabi/lib/armv7-m/libcr_c.a(printf.o)
                              /Applications/lpcxpresso_7.6.2_326/lpcxpresso/tools/bin/../lib/gcc/arm-none-eabi/4.9.3/../../../../arm-none-eabi/lib/armv7-m/libcr_c.a(fpprintf.o) (__vfprintf)
/Applications/lpcxpresso_7.6.2_326/lpcxpresso/tools/bin/../lib/gcc/arm-none-eabi/4.9.3/../../../../arm-none-eabi/lib/armv7-m/libcr_c.a(setvbuf.o)
                              /Applications/lpcxpresso_7.6.2_326/lpcxpresso/tools/bin/../lib/gcc/arm-none-eabi/4.9.3/../../../../arm-none-eabi/lib/armv7-m/libcr_c.a(initio.o) (setvbuf)
/Applications/lpcxpresso_7.6.2_326/lpcxpresso/tools/bin/../lib/gcc/arm-none-eabi/4.9.3/../../../../arm-none-eabi/lib/armv7-m/libcr_c.a(stdio.o)
                              /Applications/lpcxpresso_7.6.2_326/lpcxpresso/tools/bin/../lib/gcc/arm-none-eabi/4.9.3/../../../../arm-none-eabi/lib/armv7-m/libcr_c.a(fpprintf.o) (__Ciob)
/Applications/lpcxpresso_7.6.2_326/lpcxpresso/tools/bin/../lib/gcc/arm-none-eabi/4.9.3/../../../../arm-none-eabi/lib/armv7-m/libcr_c.a(strcat.o)
                              /Users/wavelife/Documents/UOC/TFC/pfc/FreeRTOS_Library/Debug/libFreeRTOS_Library.a(tasks.o) (strcat)
/Applications/lpcxpresso_7.6.2_326/lpcxpresso/tools/bin/../lib/gcc/arm-none-eabi/4.9.3/../../../../arm-none-eabi/lib/armv7-m/libcr_c.a(strlen.o)
                              ./main.o (strlen)
/Applications/lpcxpresso_7.6.2_326/lpcxpresso/tools/bin/../lib/gcc/arm-none-eabi/4.9.3/../../../../arm-none-eabi/lib/armv7-m/libcr_c.a(strncpy.o)
                              /Users/wavelife/Documents/UOC/TFC/pfc/LPC1769_UOC_Library/Debug/libLPC1769_UOC_Library.a(printf.o) (strncpy)
/Applications/lpcxpresso_7.6.2_326/lpcxpresso/tools/bin/../lib/gcc/arm-none-eabi/4.9.3/../../../../arm-none-eabi/lib/armv7-m/libcr_c.a(__fillbuf.o)
[...]
Memory Configuration

Name             Origin             Length             Attributes
MFlash512        0x0000000000000000 0x0000000000080000 xr
RamLoc32         0x0000000010000000 0x0000000000008000 xrw
RamAHB32         0x000000002007c000 0x0000000000008000 xrw
*default*        0x0000000000000000 0xffffffffffffffff

Linker script and memory map

LOAD ./cr_startup_lpc17.o
LOAD ./main.o
LOAD /Users/wavelife/Documents/UOC/TFC/pfc/LPC1769_UOC_Library/Debug/libLPC1769_UOC_Library.a
LOAD /Users/wavelife/Documents/UOC/TFC/pfc/CMSISv2p00_LPC17xx/Debug/libCMSISv2p00_LPC17xx.a
LOAD /Users/wavelife/Documents/UOC/TFC/pfc/FreeRTOS_Library/Debug/libFreeRTOS_Library.a
START GROUP
LOAD /Applications/lpcxpresso_7.6.2_326/lpcxpresso/tools/bin/../lib/gcc/arm-none-eabi/4.9.3/../../../../arm-none-eabi/lib/armv7-m/libcr_nohost.a
LOAD /Applications/lpcxpresso_7.6.2_326/lpcxpresso/tools/bin/../lib/gcc/arm-none-eabi/4.9.3/../../../../arm-none-eabi/lib/armv7-m/libcr_c.a
LOAD /Applications/lpcxpresso_7.6.2_326/lpcxpresso/tools/bin/../lib/gcc/arm-none-eabi/4.9.3/armv7-m/libcr_eabihelpers.a
END GROUP
                0x0000000000080000                __top_MFlash512 = 0x80000
                0x0000000010008000                __top_RamLoc32 = 0x10008000
                0x0000000020084000                __top_RamAHB32 = 0x20084000

.text           0x0000000000000000     0x50c0
 FILL mask 0xff
                0x0000000000000000                __vectors_start__ = ABSOLUTE (.)
 *(.isr_vector)
 .isr_vector    0x0000000000000000       0xcc ./cr_startup_lpc17.o
                0x0000000000000000                g_pfnVectors
                0x00000000000000cc                . = ALIGN (0x4)
                0x00000000000000cc                __section_table_start = .
                0x00000000000000cc                __data_section_table = .
                0x00000000000000cc        0x4 LONG 0x50c0 LOADADDR (.data)
                0x00000000000000d0        0x4 LONG 0x10000000 ADDR (.data)
                0x00000000000000d4        0x4 LONG 0x20 SIZEOF (.data)
                0x00000000000000d8        0x4 LONG 0x50c0 LOADADDR (.data_RAM2)
                0x00000000000000dc        0x4 LONG 0x2007c000 ADDR (.data_RAM2)
                0x00000000000000e0        0x4 LONG 0x0 SIZEOF (.data_RAM2)
                0x00000000000000e4                __data_section_table_end = .
                0x00000000000000e4                __bss_section_table = .
                0x00000000000000e4        0x4 LONG 0x10000020 ADDR (.bss)
                0x00000000000000e8        0x4 LONG 0x5044 SIZEOF (.bss)
                0x00000000000000ec        0x4 LONG 0x2007c000 ADDR (.bss_RAM2)
                0x00000000000000f0        0x4 LONG 0x0 SIZEOF (.bss_RAM2)
                0x00000000000000f4                __bss_section_table_end = .
                0x00000000000000f4                __section_table_end = .
 *(.after_vectors*)
 *(.text*)
 .text.ResetISR
                0x00000000000000f4       0x58 ./cr_startup_lpc17.o
                0x00000000000000f4                ResetISR
 .text.NMI_Handler
                0x000000000000014c        0x8 ./cr_startup_lpc17.o
                0x000000000000014c                NMI_Handler
 .text.HardFault_Handler
                0x0000000000000154        0x8 ./cr_startup_lpc17.o
                0x0000000000000154                HardFault_Handler
 .text.MemManage_Handler
                0x000000000000015c        0x8 ./cr_startup_lpc17.o
                0x000000000000015c                MemManage_Handler
 .text.BusFault_Handler
                0x0000000000000164        0x8 ./cr_startup_lpc17.o
                0x0000000000000164                BusFault_Handler
 .text.UsageFault_Handler
                0x000000000000016c        0x8 ./cr_startup_lpc17.o
                0x000000000000016c                UsageFault_Handler
 .text.SVCall_Handler
                0x0000000000000174        0x8 ./cr_startup_lpc17.o
                0x0000000000000174                SVCall_Handler
 .text.DebugMon_Handler
                0x000000000000017c        0x8 ./cr_startup_lpc17.o
                0x000000000000017c                DebugMon_Handler
 .text.PendSV_Handler
                0x0000000000000184        0x8 ./cr_startup_lpc17.o
                0x0000000000000184                PendSV_Handler
 .text.SysTick_Handler
                0x000000000000018c        0x8 ./cr_startup_lpc17.o
                0x000000000000018c                SysTick_Handler
 .text.IntDefaultHandler
                0x0000000000000194        0x8 ./cr_startup_lpc17.o
                0x0000000000000194                ENET_IRQHandler
                0x0000000000000194                RIT_IRQHandler
                0x0000000000000194                I2C0_IRQHandler
                0x0000000000000194                USBActivity_IRQHandler
                0x0000000000000194                PWM1_IRQHandler
                0x0000000000000194                I2C1_IRQHandler
                0x0000000000000194                EINT2_IRQHandler
                0x0000000000000194                EINT3_IRQHandler
                0x0000000000000194                CANActivity_IRQHandler
                0x0000000000000194                TIMER3_IRQHandler
                0x0000000000000194                IntDefaultHandler
                0x0000000000000194                PLL0_IRQHandler
                0x0000000000000194                CAN_IRQHandler
                0x0000000000000194                PLL1_IRQHandler
                0x0000000000000194                SSP0_IRQHandler
                0x0000000000000194                I2S_IRQHandler
                0x0000000000000194                I2C2_IRQHandler
                0x0000000000000194                RTC_IRQHandler
                0x0000000000000194                TIMER0_IRQHandler
                0x0000000000000194                SPI_IRQHandler
                0x0000000000000194                EINT1_IRQHandler
                0x0000000000000194                TIMER1_IRQHandler
                0x0000000000000194                ADC_IRQHandler
                0x0000000000000194                SSP1_IRQHandler
                0x0000000000000194                USB_IRQHandler
                0x0000000000000194                BOD_IRQHandler
                0x0000000000000194                WDT_IRQHandler
                0x0000000000000194                QEI_IRQHandler
                0x0000000000000194                EINT0_IRQHandler
                0x0000000000000194                DMA_IRQHandler
                0x0000000000000194                MCPWM_IRQHandler
                0x0000000000000194                TIMER2_IRQHandler
 .text.main     0x000000000000019c      0x148 ./main.o
                0x000000000000019c                main
 .text.test1    0x00000000000002e4       0x98 ./main.o
                0x00000000000002e4                test1
 .text.test2    0x000000000000037c       0x6c ./main.o
                0x000000000000037c                test2
 .text.test3    0x00000000000003e8      0x104 ./main.o
                0x00000000000003e8                test3
 .text.test4    0x00000000000004ec       0x68 ./main.o
                0x00000000000004ec                test4
 .text.Log_start
                0x0000000000000554       0x28 /Users/wavelife/Documents/UOC/TFC/pfc/LPC1769_UOC_Library/Debug/libLPC1769_UOC_Library.a(log.o)
                0x0000000000000554                Log_start
 .text.Log_log  0x000000000000057c       0x60 /Users/wavelife/Documents/UOC/TFC/pfc/LPC1769_UOC_Library/Debug/libLPC1769_UOC_Library.a(log.o)
                0x000000000000057c                Log_log
 .text.Printf_start
                0x00000000000005dc      0x140 /Users/wavelife/Documents/UOC/TFC/pfc/LPC1769_UOC_Library/Debug/libLPC1769_UOC_Library.a(printf.o)
                0x00000000000005dc                Printf_start
 .text.printf_send
                0x000000000000071c       0x98 /Users/wavelife/Documents/UOC/TFC/pfc/LPC1769_UOC_Library/Debug/libLPC1769_UOC_Library.a(printf.o)
                0x000000000000071c                printf_send
 .text.Printf_print
                0x00000000000007b4       0x38 /Users/wavelife/Documents/UOC/TFC/pfc/LPC1769_UOC_Library/Debug/libLPC1769_UOC_Library.a(printf.o)
                0x00000000000007b4                Printf_print
 .text.Printf_vsprint
                0x00000000000007ec       0x30 /Users/wavelife/Documents/UOC/TFC/pfc/LPC1769_UOC_Library/Debug/libLPC1769_UOC_Library.a(printf.o)
                0x00000000000007ec                Printf_vsprint
 .text.Printf_scanf
                0x000000000000081c      0x104 /Users/wavelife/Documents/UOC/TFC/pfc/LPC1769_UOC_Library/Debug/libLPC1769_UOC_Library.a(printf.o)
                0x000000000000081c                Printf_scanf
 .text.Printf_delayMs
                0x0000000000000920       0x30 /Users/wavelife/Documents/UOC/TFC/pfc/LPC1769_UOC_Library/Debug/libLPC1769_UOC_Library.a(printf.o)
                0x0000000000000920                Printf_delayMs
 .text.NVIC_EnableIRQ
                0x0000000000000950       0x30 /Users/wavelife/Documents/UOC/TFC/pfc/LPC1769_UOC_Library/Debug/libLPC1769_UOC_Library.a(uart.o)
 .text.UART0_IRQHandler
                0x0000000000000980       0xf4 /Users/wavelife/Documents/UOC/TFC/pfc/LPC1769_UOC_Library/Debug/libLPC1769_UOC_Library.a(uart.o)
                0x0000000000000980                UART0_IRQHandler
 .text.UART1_IRQHandler
                0x0000000000000a74       0xf4 /Users/wavelife/Documents/UOC/TFC/pfc/LPC1769_UOC_Library/Debug/libLPC1769_UOC_Library.a(uart.o)
                0x0000000000000a74                UART1_IRQHandler
 .text.UART2_IRQHandler
                0x0000000000000b68       0xf4 /Users/wavelife/Documents/UOC/TFC/pfc/LPC1769_UOC_Library/Debug/libLPC1769_UOC_Library.a(uart.o)
                0x0000000000000b68                UART2_IRQHandler
 .text.UART3_IRQHandler
                0x0000000000000c5c       0xf4 /Users/wavelife/Documents/UOC/TFC/pfc/LPC1769_UOC_Library/Debug/libLPC1769_UOC_Library.a(uart.o)
                0x0000000000000c5c                UART3_IRQHandler
 .text.UARTInit
                0x0000000000000d50      0x2d8 /Users/wavelife/Documents/UOC/TFC/pfc/LPC1769_UOC_Library/Debug/libLPC1769_UOC_Library.a(uart.o)
                0x0000000000000d50                UARTInit
 .text.UARTSend
                0x0000000000001028       0xdc /Users/wavelife/Documents/UOC/TFC/pfc/LPC1769_UOC_Library/Debug/libLPC1769_UOC_Library.a(uart.o)
                0x0000000000001028                UARTSend
 .text.SystemInit
                0x0000000000001104       0x9c /Users/wavelife/Documents/UOC/TFC/pfc/CMSISv2p00_LPC17xx/Debug/libCMSISv2p00_LPC17xx.a(system_LPC17xx.o)
                0x0000000000001104                SystemInit
 .text          0x00000000000011a0      0x574 /Users/wavelife/Documents/UOC/TFC/pfc/FreeRTOS_Library/Debug/libFreeRTOS_Library.a(queue.o)
                0x000000000000129c                xQueueGenericCreate
                0x0000000000001304                xQueueGenericSend
                0x00000000000013e0                xQueueCreateMutex
                0x000000000000142c                xQueueGiveMutexRecursive
                0x000000000000145c                xQueueGenericSendFromISR
                0x00000000000014b4                xQueueGenericReceive
                0x00000000000015c4                xQueueTakeMutexRecursive
                0x00000000000015f8                xQueueReceiveFromISR
                0x0000000000001654                uxQueueMessagesWaiting
                0x0000000000001668                uxQueueMessagesWaitingFromISR
                0x000000000000166c                vQueueDelete
                0x00000000000016ac                ucQueueGetQueueNumber
                0x00000000000016b4                vQueueSetQueueNumber
                0x00000000000016bc                ucQueueGetQueueType
                0x00000000000016c4                xQueueIsQueueEmptyFromISR
                0x00000000000016d0                xQueueIsQueueFullFromISR
                0x00000000000016e0                vQueueAddToRegistry
 .text          0x0000000000001714      0xc0c /Users/wavelife/Documents/UOC/TFC/pfc/FreeRTOS_Library/Debug/libFreeRTOS_Library.a(tasks.o)
                0x00000000000017e4                xTaskGenericCreate
                0x000000000000197c                vTaskDelete
                0x00000000000019e4                uxTaskPriorityGet
                0x0000000000001a00                vTaskPrioritySet
                0x0000000000001a98                xTaskIsTaskSuspended
                0x0000000000001abc                vTaskResume
                0x0000000000001b20                xTaskResumeFromISR
                0x0000000000001ba0                vTaskStartScheduler
                0x0000000000001be8                vTaskEndScheduler
                0x0000000000001c04                vTaskSuspendAll
                0x0000000000001c18                xTaskGetTickCount
                0x0000000000001c30                xTaskGetTickCountFromISR
                0x0000000000001c4c                uxTaskGetNumberOfTasks
                0x0000000000001c58                vTaskIncrementTick
                0x0000000000001d3c                xTaskResumeAll
                0x0000000000001e10                vTaskDelayUntil
                0x0000000000001e70                vTaskDelay
                0x0000000000001ef4                vTaskList
                0x0000000000001fb0                vTaskSwitchContext
                0x0000000000002040                vTaskSuspend
                0x00000000000020ec                vTaskPlaceOnEventList
                0x0000000000002128                xTaskRemoveFromEventList
                0x0000000000002194                vTaskSetTimeOutState
                0x00000000000021a8                xTaskCheckForTimeOut
                0x0000000000002208                vTaskMissedYield
                0x0000000000002218                uxTaskGetTaskNumber
                0x0000000000002224                vTaskSetTaskNumber
                0x000000000000222c                uxTaskGetStackHighWaterMark
                0x0000000000002258                xTaskGetCurrentTaskHandle
                0x0000000000002264                vTaskPriorityInherit
                0x00000000000022d4                vTaskPriorityDisinherit
 .text          0x0000000000002320      0x11c /Users/wavelife/Documents/UOC/TFC/pfc/FreeRTOS_Library/Debug/libFreeRTOS_Library.a(heap_2.o)
                0x0000000000002320                pvPortMalloc
                0x00000000000023e8                vPortFree
                0x000000000000242c                xPortGetFreeHeapSize
                0x0000000000002438                vPortInitialiseBlocks
 .text          0x000000000000243c      0x130 /Users/wavelife/Documents/UOC/TFC/pfc/FreeRTOS_Library/Debug/libFreeRTOS_Library.a(port.o)
                0x000000000000243c                pxPortInitialiseStack
                0x0000000000002458                vPortSVCHandler
                0x0000000000002478                vPortStartFirstTask
                0x0000000000002488                xPortStartScheduler
                0x00000000000024c4                vPortEndScheduler
                0x00000000000024c8                vPortYieldFromISR
                0x00000000000024d8                vPortEnterCritical
                0x00000000000024f0                vPortExitCritical
                0x0000000000002508                xPortPendSVHandler
                0x0000000000002544                xPortSysTickHandler
 .text          0x000000000000256c       0x9c /Users/wavelife/Documents/UOC/TFC/pfc/FreeRTOS_Library/Debug/libFreeRTOS_Library.a(list.o)
                0x000000000000256c                vListInitialise
                0x0000000000002584                vListInitialiseItem
                0x000000000000258c                vListInsertEnd
                0x00000000000025a8                vListInsert
                0x00000000000025e4                vListRemove
 .text.__main   0x0000000000002608       0x14 /Applications/lpcxpresso_7.6.2_326/lpcxpresso/tools/bin/../lib/gcc/arm-none-eabi/4.9.3/../../../../arm-none-eabi/lib/armv7-m/libcr_nohost.a(_cr__main.o)
                0x0000000000002608                __main
 .text.memcpy   0x000000000000261c        0x4 /Applications/lpcxpresso_7.6.2_326/lpcxpresso/tools/bin/../lib/gcc/arm-none-eabi/4.9.3/../../../../arm-none-eabi/lib/armv7-m/libcr_c.a(memcpy.o)
                0x000000000000261c                memcpy
 .text.memset   0x0000000000002620        0x4 /Applications/lpcxpresso_7.6.2_326/lpcxpresso/tools/bin/../lib/gcc/arm-none-eabi/4.9.3/../../../../arm-none-eabi/lib/armv7-m/libcr_c.a(memset.o)
                0x0000000000002620                memset
 .text.fp_round
                0x0000000000002624       0x4a /Applications/lpcxpresso_7.6.2_326/lpcxpresso/tools/bin/../lib/gcc/arm-none-eabi/4.9.3/../../../../arm-none-eabi/lib/armv7-m/libcr_c.a(fpprintf.o)
 .text.pr_dec.constprop.1
                0x000000000000266e       0x26 /Applications/lpcxpresso_7.6.2_326/lpcxpresso/tools/bin/../lib/gcc/arm-none-eabi/4.9.3/../../../../arm-none-eabi/lib/armv7-m/libcr_c.a(fpprintf.o)
 .text.sprintf  0x0000000000002694       0x6c /Applications/lpcxpresso_7.6.2_326/lpcxpresso/tools/bin/../lib/gcc/arm-none-eabi/4.9.3/../../../../arm-none-eabi/lib/armv7-m/libcr_c.a(fpprintf.o)
                0x0000000000002694                sprintf
 .text.fp_display
                0x0000000000002700      0x900 /Applications/lpcxpresso_7.6.2_326/lpcxpresso/tools/bin/../lib/gcc/arm-none-eabi/4.9.3/../../../../arm-none-eabi/lib/armv7-m/libcr_c.a(fpprintf.o)
 .text.vsprintf
                0x0000000000003000       0x5c /Applications/lpcxpresso_7.6.2_326/lpcxpresso/tools/bin/../lib/gcc/arm-none-eabi/4.9.3/../../../../arm-none-eabi/lib/armv7-m/libcr_c.a(fpprintf.o)
                0x0000000000003000                vsprintf
 .text.vsnprintf
                0x000000000000305c       0x5c /Applications/lpcxpresso_7.6.2_326/lpcxpresso/tools/bin/../lib/gcc/arm-none-eabi/4.9.3/../../../../arm-none-eabi/lib/armv7-m/libcr_c.a(fpprintf.o)
                0x000000000000305c                vsnprintf
 .text.printf   0x00000000000030b8       0x54 /Applications/lpcxpresso_7.6.2_326/lpcxpresso/tools/bin/../lib/gcc/arm-none-eabi/4.9.3/../../../../arm-none-eabi/lib/armv7-m/libcr_c.a(fpprintf.o)
                0x00000000000030b8                printf
 .text._initio  0x000000000000310c       0xa4 /Applications/lpcxpresso_7.6.2_326/lpcxpresso/tools/bin/../lib/gcc/arm-none-eabi/4.9.3/../../../../arm-none-eabi/lib/armv7-m/libcr_c.a(initio.o)
                0x000000000000310c                _initio
 .text.__vfprintf
                0x00000000000031b0      0xca4 /Applications/lpcxpresso_7.6.2_326/lpcxpresso/tools/bin/../lib/gcc/arm-none-eabi/4.9.3/../../../../arm-none-eabi/lib/armv7-m/libcr_c.a(printf.o)
                0x00000000000031b0                __vfprintf
 .text.setvbuf  0x0000000000003e54       0x40 /Applications/lpcxpresso_7.6.2_326/lpcxpresso/tools/bin/../lib/gcc/arm-none-eabi/4.9.3/../../../../arm-none-eabi/lib/armv7-m/libcr_c.a(setvbuf.o)
                0x0000000000003e54                setvbuf
 .text.strcat   0x0000000000003e94       0x1e /Applications/lpcxpresso_7.6.2_326/lpcxpresso/tools/bin/../lib/gcc/arm-none-eabi/4.9.3/../../../../arm-none-eabi/lib/armv7-m/libcr_c.a(strcat.o)
                0x0000000000003e94                strcat
 .text.strlen   0x0000000000003eb2       0x4a /Applications/lpcxpresso_7.6.2_326/lpcxpresso/tools/bin/../lib/gcc/arm-none-eabi/4.9.3/../../../../arm-none-eabi/lib/armv7-m/libcr_c.a(strlen.o)
                0x0000000000003eb2                strlen
 .text.strncpy  0x0000000000003efc       0x58 /Applications/lpcxpresso_7.6.2_326/lpcxpresso/tools/bin/../lib/gcc/arm-none-eabi/4.9.3/../../../../arm-none-eabi/lib/armv7-m/libcr_c.a(strncpy.o)
                0x0000000000003efc                strncpy
 .text._deferredlazyseek
                0x0000000000003f54       0x44 /Applications/lpcxpresso_7.6.2_326/lpcxpresso/tools/bin/../lib/gcc/arm-none-eabi/4.9.3/../../../../arm-none-eabi/lib/armv7-m/libcr_c.a(_deferredlazyseek.o)
                0x0000000000003f54                _deferredlazyseek
 .text.__flsbuf
                0x0000000000003f98      0x142 /Applications/lpcxpresso_7.6.2_326/lpcxpresso/tools/bin/../lib/gcc/arm-none-eabi/4.9.3/../../../../arm-none-eabi/lib/armv7-m/libcr_c.a(_deferredlazyseek.o)
                0x0000000000003f98                __flsbuf
 .text._fdopen  0x00000000000040da       0x6a /Applications/lpcxpresso_7.6.2_326/lpcxpresso/tools/bin/../lib/gcc/arm-none-eabi/4.9.3/../../../../arm-none-eabi/lib/armv7-m/libcr_c.a(_fdopen.o)
                0x00000000000040da                _fdopen
 .text._fflush  0x0000000000004144       0x58 /Applications/lpcxpresso_7.6.2_326/lpcxpresso/tools/bin/../lib/gcc/arm-none-eabi/4.9.3/../../../../arm-none-eabi/lib/armv7-m/libcr_c.a(_fflush.o)
                0x0000000000004144                _fflush
 .text._frexpl  0x000000000000419c       0x5a /Applications/lpcxpresso_7.6.2_326/lpcxpresso/tools/bin/../lib/gcc/arm-none-eabi/4.9.3/../../../../arm-none-eabi/lib/armv7-m/libcr_c.a(_frexpl.o)
                0x000000000000419c                _frexpl
 *fill*         0x00000000000041f6        0x2 
 .text._ldexpl  0x00000000000041f8       0x4c /Applications/lpcxpresso_7.6.2_326/lpcxpresso/tools/bin/../lib/gcc/arm-none-eabi/4.9.3/../../../../arm-none-eabi/lib/armv7-m/libcr_c.a(_ldexpl.o)
                0x00000000000041f8                _ldexpl
 .text._Cwritebuf
                0x0000000000004244       0x70 /Applications/lpcxpresso_7.6.2_326/lpcxpresso/tools/bin/../lib/gcc/arm-none-eabi/4.9.3/../../../../arm-none-eabi/lib/armv7-m/libcr_c.a(_writebuf.o)
                0x0000000000004244                _Cwritebuf
 .text.malloc   0x00000000000042b4       0xcc /Applications/lpcxpresso_7.6.2_326/lpcxpresso/tools/bin/../lib/gcc/arm-none-eabi/4.9.3/../../../../arm-none-eabi/lib/armv7-m/libcr_c.a(alloc.o)
                0x00000000000042b4                malloc
 .text.free     0x0000000000004380       0x30 /Applications/lpcxpresso_7.6.2_326/lpcxpresso/tools/bin/../lib/gcc/arm-none-eabi/4.9.3/../../../../arm-none-eabi/lib/armv7-m/libcr_c.a(alloc.o)
                0x0000000000004380                free
 .text._Csys_alloc
                0x00000000000043b0       0x20 /Applications/lpcxpresso_7.6.2_326/lpcxpresso/tools/bin/../lib/gcc/arm-none-eabi/4.9.3/../../../../arm-none-eabi/lib/armv7-m/libcr_c.a(alloc.o)
                0x00000000000043b0                _Csys_alloc
 .text.fclose   0x00000000000043d0       0x6c /Applications/lpcxpresso_7.6.2_326/lpcxpresso/tools/bin/../lib/gcc/arm-none-eabi/4.9.3/../../../../arm-none-eabi/lib/armv7-m/libcr_c.a(fclose.o)
                0x00000000000043d0                fclose
 .text.fflush   0x000000000000443c       0x30 /Applications/lpcxpresso_7.6.2_326/lpcxpresso/tools/bin/../lib/gcc/arm-none-eabi/4.9.3/../../../../arm-none-eabi/lib/armv7-m/libcr_c.a(fflush.o)
                0x000000000000443c                fflush
 .text.fseek    0x000000000000446c      0x110 /Applications/lpcxpresso_7.6.2_326/lpcxpresso/tools/bin/../lib/gcc/arm-none-eabi/4.9.3/../../../../arm-none-eabi/lib/armv7-m/libcr_c.a(fseek.o)
                0x000000000000446c                fseek
 .text.ftell    0x000000000000457c       0x4c /Applications/lpcxpresso_7.6.2_326/lpcxpresso/tools/bin/../lib/gcc/arm-none-eabi/4.9.3/../../../../arm-none-eabi/lib/armv7-m/libcr_c.a(ftell.o)
                0x000000000000457c                ftell
 .text.remove   0x00000000000045c8       0x14 /Applications/lpcxpresso_7.6.2_326/lpcxpresso/tools/bin/../lib/gcc/arm-none-eabi/4.9.3/../../../../arm-none-eabi/lib/armv7-m/libcr_c.a(remove.o)
                0x00000000000045c8                remove
 .text._sbrk    0x00000000000045dc       0x40 /Applications/lpcxpresso_7.6.2_326/lpcxpresso/tools/bin/../lib/gcc/arm-none-eabi/4.9.3/../../../../arm-none-eabi/lib/armv7-m/libcr_c.a(_cr_sbrk.o)
                0x00000000000045dc                _sbrk
 .text._do_fflush
                0x000000000000461c       0x44 /Applications/lpcxpresso_7.6.2_326/lpcxpresso/tools/bin/../lib/gcc/arm-none-eabi/4.9.3/../../../../arm-none-eabi/lib/armv7-m/libcr_c.a(_do_fflush.o)
                0x000000000000461c                _do_fflush
 .text.__check_heap_overflow
                0x0000000000004660       0x18 /Applications/lpcxpresso_7.6.2_326/lpcxpresso/tools/bin/../lib/gcc/arm-none-eabi/4.9.3/../../../../arm-none-eabi/lib/armv7-m/libcr_c.a(_cr_check_heap.o)
                0x0000000000004660                __check_heap_overflow
 .text.__aeabi_dmul
                0x0000000000004678      0x120 /Applications/lpcxpresso_7.6.2_326/lpcxpresso/tools/bin/../lib/gcc/arm-none-eabi/4.9.3/armv7-m/libcr_eabihelpers.a(double.o)
                0x0000000000004678                __aeabi_dmul
 .text.__aeabi_ddiv
                0x0000000000004798      0x150 /Applications/lpcxpresso_7.6.2_326/lpcxpresso/tools/bin/../lib/gcc/arm-none-eabi/4.9.3/armv7-m/libcr_eabihelpers.a(double.o)
                0x0000000000004798                __aeabi_ddiv
 .text.__aeabi_dsub
                0x00000000000048e8      0x1d8 /Applications/lpcxpresso_7.6.2_326/lpcxpresso/tools/bin/../lib/gcc/arm-none-eabi/4.9.3/armv7-m/libcr_eabihelpers.a(double.o)
                0x00000000000048e8                __aeabi_dsub
 .text.__aeabi_dadd
                0x0000000000004ac0      0x134 /Applications/lpcxpresso_7.6.2_326/lpcxpresso/tools/bin/../lib/gcc/arm-none-eabi/4.9.3/armv7-m/libcr_eabihelpers.a(double.o)
                0x0000000000004ac0                __aeabi_dadd
 .text.__aeabi_d2iz
                0x0000000000004bf4       0x40 /Applications/lpcxpresso_7.6.2_326/lpcxpresso/tools/bin/../lib/gcc/arm-none-eabi/4.9.3/armv7-m/libcr_eabihelpers.a(double.o)
                0x0000000000004bf4                __aeabi_d2iz
 .text.__bhs_ui2d
                0x0000000000004c34       0x48 /Applications/lpcxpresso_7.6.2_326/lpcxpresso/tools/bin/../lib/gcc/arm-none-eabi/4.9.3/armv7-m/libcr_eabihelpers.a(double.o)
                0x0000000000004c34                __bhs_ui2d
 .text.__aeabi_i2d
                0x0000000000004c7c       0x14 /Applications/lpcxpresso_7.6.2_326/lpcxpresso/tools/bin/../lib/gcc/arm-none-eabi/4.9.3/armv7-m/libcr_eabihelpers.a(double.o)
                0x0000000000004c7c                __aeabi_i2d
 .text.__aeabi_dcmpeq
                0x0000000000004c90       0x2c /Applications/lpcxpresso_7.6.2_326/lpcxpresso/tools/bin/../lib/gcc/arm-none-eabi/4.9.3/armv7-m/libcr_eabihelpers.a(double.o)
                0x0000000000004c90                __aeabi_dcmpeq
 .text.__aeabi_dcmplt
                0x0000000000004cbc       0x5c /Applications/lpcxpresso_7.6.2_326/lpcxpresso/tools/bin/../lib/gcc/arm-none-eabi/4.9.3/armv7-m/libcr_eabihelpers.a(double.o)
                0x0000000000004cbc                __aeabi_dcmplt
 .text.__aeabi_dcmple
                0x0000000000004d18       0x5c /Applications/lpcxpresso_7.6.2_326/lpcxpresso/tools/bin/../lib/gcc/arm-none-eabi/4.9.3/armv7-m/libcr_eabihelpers.a(double.o)
                0x0000000000004d18                __aeabi_dcmple
 .text.__aeabi_dcmpge
                0x0000000000004d74       0x5c /Applications/lpcxpresso_7.6.2_326/lpcxpresso/tools/bin/../lib/gcc/arm-none-eabi/4.9.3/armv7-m/libcr_eabihelpers.a(double.o)
                0x0000000000004d74                __aeabi_dcmpge
 .text.__aeabi_memcpy
                0x0000000000004dd0       0x34 /Applications/lpcxpresso_7.6.2_326/lpcxpresso/tools/bin/../lib/gcc/arm-none-eabi/4.9.3/armv7-m/libcr_eabihelpers.a(memcpy.o)
                0x0000000000004dd0                __aeabi_memcpy
                0x0000000000004dda                __aeabi_memcpy4
                0x0000000000004dda                __aeabi_memcpy8
 .text.__aeabi_memset_lowlevel
                0x0000000000004e04       0x32 /Applications/lpcxpresso_7.6.2_326/lpcxpresso/tools/bin/../lib/gcc/arm-none-eabi/4.9.3/armv7-m/libcr_eabihelpers.a(memcpy.o)
                0x0000000000004e04                __aeabi_lowlevel_memset
 .text.__sys_appexit
                0x0000000000004e36        0x2 /Applications/lpcxpresso_7.6.2_326/lpcxpresso/tools/bin/../lib/gcc/arm-none-eabi/4.9.3/../../../../arm-none-eabi/lib/armv7-m/libcr_nohost.a(__sys_appexit.o)
                0x0000000000004e36                __exit
                0x0000000000004e36                __sys_appexit
 .text.__sys_close
                0x0000000000004e38        0x6 /Applications/lpcxpresso_7.6.2_326/lpcxpresso/tools/bin/../lib/gcc/arm-none-eabi/4.9.3/../../../../arm-none-eabi/lib/armv7-m/libcr_nohost.a(__sys_close.o)
                0x0000000000004e38                __sys_close
 .text.__sys_flen
                0x0000000000004e3e        0x6 /Applications/lpcxpresso_7.6.2_326/lpcxpresso/tools/bin/../lib/gcc/arm-none-eabi/4.9.3/../../../../arm-none-eabi/lib/armv7-m/libcr_nohost.a(__sys_flen.o)
                0x0000000000004e3e                __sys_flen
 .text.__sys_istty
                0x0000000000004e44        0x6 /Applications/lpcxpresso_7.6.2_326/lpcxpresso/tools/bin/../lib/gcc/arm-none-eabi/4.9.3/../../../../arm-none-eabi/lib/armv7-m/libcr_nohost.a(__sys_istty.o)
                0x0000000000004e44                __sys_istty
 .text.__sys_remove
                0x0000000000004e4a        0x6 /Applications/lpcxpresso_7.6.2_326/lpcxpresso/tools/bin/../lib/gcc/arm-none-eabi/4.9.3/../../../../arm-none-eabi/lib/armv7-m/libcr_nohost.a(__sys_remove.o)
                0x0000000000004e4a                __sys_remove
 .text.__sys_seek
                0x0000000000004e50        0x6 /Applications/lpcxpresso_7.6.2_326/lpcxpresso/tools/bin/../lib/gcc/arm-none-eabi/4.9.3/../../../../arm-none-eabi/lib/armv7-m/libcr_nohost.a(__sys_seek.o)
                0x0000000000004e50                __sys_seek
 .text.__sys_tmpnam
                0x0000000000004e56        0x6 /Applications/lpcxpresso_7.6.2_326/lpcxpresso/tools/bin/../lib/gcc/arm-none-eabi/4.9.3/../../../../arm-none-eabi/lib/armv7-m/libcr_nohost.a(__sys_tmpnam.o)
                0x0000000000004e56                __sys_tmpnam
 .text.__sys_write
                0x0000000000004e5c        0x4 /Applications/lpcxpresso_7.6.2_326/lpcxpresso/tools/bin/../lib/gcc/arm-none-eabi/4.9.3/../../../../arm-none-eabi/lib/armv7-m/libcr_nohost.a(__sys_write.o)
                0x0000000000004e5c                __write
                0x0000000000004e5c                __sys_write
 *(.rodata .rodata.* .constdata .constdata.*)
 .rodata        0x0000000000004e60      0x158 ./main.o
 .rodata        0x0000000000004fb8       0x5c /Users/wavelife/Documents/UOC/TFC/pfc/LPC1769_UOC_Library/Debug/libLPC1769_UOC_Library.a(log.o)
 .rodata.str1.4
                0x0000000000005014       0x20 /Users/wavelife/Documents/UOC/TFC/pfc/FreeRTOS_Library/Debug/libFreeRTOS_Library.a(tasks.o)
 .rodata.str1.1
                0x0000000000005034       0x34 /Applications/lpcxpresso_7.6.2_326/lpcxpresso/tools/bin/../lib/gcc/arm-none-eabi/4.9.3/../../../../arm-none-eabi/lib/armv7-m/libcr_c.a(fpprintf.o)
                                         0x35 (size before relaxing)
 .rodata.str1.1
                0x0000000000005068        0x4 /Applications/lpcxpresso_7.6.2_326/lpcxpresso/tools/bin/../lib/gcc/arm-none-eabi/4.9.3/../../../../arm-none-eabi/lib/armv7-m/libcr_c.a(initio.o)
 .rodata.str1.1
                0x000000000000506c       0x31 /Applications/lpcxpresso_7.6.2_326/lpcxpresso/tools/bin/../lib/gcc/arm-none-eabi/4.9.3/../../../../arm-none-eabi/lib/armv7-m/libcr_c.a(printf.o)
                                         0x38 (size before relaxing)
 .rodata.str1.1
                0x000000000000509d       0x18 /Applications/lpcxpresso_7.6.2_326/lpcxpresso/tools/bin/../lib/gcc/arm-none-eabi/4.9.3/../../../../arm-none-eabi/lib/armv7-m/libcr_c.a(alloc.o)
 *fill*         0x00000000000050b5        0x3 
 .rodata.__huge_vall
                0x00000000000050b8        0x8 /Applications/lpcxpresso_7.6.2_326/lpcxpresso/tools/bin/../lib/gcc/arm-none-eabi/4.9.3/../../../../arm-none-eabi/lib/armv7-m/libcr_c.a(_hugeval.o)
                0x00000000000050b8                __huge_vall
                0x00000000000050c0                . = ALIGN (0x4)

.glue_7         0x00000000000050c0        0x0
 .glue_7        0x0000000000000000        0x0 linker stubs

.glue_7t        0x00000000000050c0        0x0
 .glue_7t       0x0000000000000000        0x0 linker stubs

.vfp11_veneer   0x00000000000050c0        0x0
 .vfp11_veneer  0x0000000000000000        0x0 linker stubs

.v4_bx          0x00000000000050c0        0x0
 .v4_bx         0x0000000000000000        0x0 linker stubs

.iplt           0x00000000000050c0        0x0
 .iplt          0x0000000000000000        0x0 ./cr_startup_lpc17.o

.rel.dyn        0x00000000000050c0        0x0
 .rel.iplt      0x0000000000000000        0x0 ./cr_startup_lpc17.o

.ARM.extab
 *(.ARM.extab* .gnu.linkonce.armextab.*)
                0x00000000000050c0                __exidx_start = .

.ARM.exidx
 *(.ARM.exidx* .gnu.linkonce.armexidx.*)
                0x00000000000050c0                __exidx_end = .
                0x00000000000050c0                _etext = .

.data_RAM2      0x000000002007c000        0x0 load address 0x00000000000050c0
 FILL mask 0xff
                0x000000002007c000                PROVIDE (__start_data_RAM2, .)
 *(.ramfunc.$RAM2)
 *(.ramfunc.$RamAHB32)
 *(.data.$RAM2*)
 *(.data.$RamAHB32*)
                0x000000002007c000                . = ALIGN (0x4)
                0x000000002007c000                PROVIDE (__end_data_RAM2, .)

.uninit_RESERVED
                0x0000000010000000        0x0
 *(.bss.$RESERVED*)
                0x0000000010000000                . = ALIGN (0x4)
                0x0000000010000000                _end_uninit_RESERVED = .

.data           0x0000000010000000       0x20 load address 0x00000000000050c0
 FILL mask 0xff
                0x0000000010000000                _data = .
 *(vtable)
 *(.ramfunc*)
 *(.data*)
 .data          0x0000000010000000        0x4 ./main.o
                0x0000000010000000                mainBaurade
 .data.uart_port
                0x0000000010000004        0x1 /Users/wavelife/Documents/UOC/TFC/pfc/LPC1769_UOC_Library/Debug/libLPC1769_UOC_Library.a(log.o)
                0x0000000010000004                uart_port
 *fill*         0x0000000010000005        0x3 
 .data.uart_baudrate
                0x0000000010000008        0x4 /Users/wavelife/Documents/UOC/TFC/pfc/LPC1769_UOC_Library/Debug/libLPC1769_UOC_Library.a(printf.o)
                0x0000000010000008                uart_baudrate
 .data.UART0TxEmpty
                0x000000001000000c        0x1 /Users/wavelife/Documents/UOC/TFC/pfc/LPC1769_UOC_Library/Debug/libLPC1769_UOC_Library.a(uart.o)
                0x000000001000000c                UART0TxEmpty
 .data.UART1TxEmpty
                0x000000001000000d        0x1 /Users/wavelife/Documents/UOC/TFC/pfc/LPC1769_UOC_Library/Debug/libLPC1769_UOC_Library.a(uart.o)
                0x000000001000000d                UART1TxEmpty
 .data.UART2TxEmpty
                0x000000001000000e        0x1 /Users/wavelife/Documents/UOC/TFC/pfc/LPC1769_UOC_Library/Debug/libLPC1769_UOC_Library.a(uart.o)
                0x000000001000000e                UART2TxEmpty
 .data.UART3TxEmpty
                0x000000001000000f        0x1 /Users/wavelife/Documents/UOC/TFC/pfc/LPC1769_UOC_Library/Debug/libLPC1769_UOC_Library.a(uart.o)
                0x000000001000000f                UART3TxEmpty
 .data.SystemCoreClock
                0x0000000010000010        0x4 /Users/wavelife/Documents/UOC/TFC/pfc/CMSISv2p00_LPC17xx/Debug/libCMSISv2p00_LPC17xx.a(system_LPC17xx.o)
                0x0000000010000010                SystemCoreClock
 .data          0x0000000010000014        0x4 /Users/wavelife/Documents/UOC/TFC/pfc/FreeRTOS_Library/Debug/libFreeRTOS_Library.a(tasks.o)
 .data          0x0000000010000018        0x4 /Users/wavelife/Documents/UOC/TFC/pfc/FreeRTOS_Library/Debug/libFreeRTOS_Library.a(heap_2.o)
 .data          0x000000001000001c        0x4 /Users/wavelife/Documents/UOC/TFC/pfc/FreeRTOS_Library/Debug/libFreeRTOS_Library.a(port.o)
                0x0000000010000020                . = ALIGN (0x4)
                0x0000000010000020                _edata = .

.igot.plt       0x0000000010000020        0x0 load address 0x00000000000050e0
 .igot.plt      0x0000000000000000        0x0 ./cr_startup_lpc17.o

.bss_RAM2       0x000000002007c000        0x0
                0x000000002007c000                PROVIDE (__start_bss_RAM2, .)
 *(.bss.$RAM2*)
 *(.bss.$RamAHB32*)
                0x000000002007c000                . = ALIGN (0x4)
                0x000000002007c000                PROVIDE (__end_bss_RAM2, .)

.bss            0x0000000010000020     0x5044
                0x0000000010000020                _bss = .
 *(.bss*)
 .bss           0x0000000010000020        0x8 ./main.o
                0x0000000010000020                mainPort
                0x0000000010000024                done
 .bss.xSemUART0
                0x0000000010000028        0x4 /Users/wavelife/Documents/UOC/TFC/pfc/LPC1769_UOC_Library/Debug/libLPC1769_UOC_Library.a(printf.o)
                0x0000000010000028                xSemUART0
 .bss.xSemUART1
                0x000000001000002c        0x4 /Users/wavelife/Documents/UOC/TFC/pfc/LPC1769_UOC_Library/Debug/libLPC1769_UOC_Library.a(printf.o)
                0x000000001000002c                xSemUART1
 .bss.xSemUART2
                0x0000000010000030        0x4 /Users/wavelife/Documents/UOC/TFC/pfc/LPC1769_UOC_Library/Debug/libLPC1769_UOC_Library.a(printf.o)
                0x0000000010000030                xSemUART2
 .bss.xSemUART3
                0x0000000010000034        0x4 /Users/wavelife/Documents/UOC/TFC/pfc/LPC1769_UOC_Library/Debug/libLPC1769_UOC_Library.a(printf.o)
                0x0000000010000034                xSemUART3
 .bss.UART0Count
                0x0000000010000038        0x4 /Users/wavelife/Documents/UOC/TFC/pfc/LPC1769_UOC_Library/Debug/libLPC1769_UOC_Library.a(uart.o)
                0x0000000010000038                UART0Count
 .bss.UART1Count
                0x000000001000003c        0x4 /Users/wavelife/Documents/UOC/TFC/pfc/LPC1769_UOC_Library/Debug/libLPC1769_UOC_Library.a(uart.o)
                0x000000001000003c                UART1Count
 .bss.UART2Count
                0x0000000010000040        0x4 /Users/wavelife/Documents/UOC/TFC/pfc/LPC1769_UOC_Library/Debug/libLPC1769_UOC_Library.a(uart.o)
                0x0000000010000040                UART2Count
 .bss.UART3Count
                0x0000000010000044        0x4 /Users/wavelife/Documents/UOC/TFC/pfc/LPC1769_UOC_Library/Debug/libLPC1769_UOC_Library.a(uart.o)
                0x0000000010000044                UART3Count
 .bss           0x0000000010000048      0x134 /Users/wavelife/Documents/UOC/TFC/pfc/FreeRTOS_Library/Debug/libFreeRTOS_Library.a(tasks.o)
                0x0000000010000048                pxCurrentTCB
 *fill*         0x000000001000017c        0x4 
 .bss           0x0000000010000180     0x4c18 /Users/wavelife/Documents/UOC/TFC/pfc/FreeRTOS_Library/Debug/libFreeRTOS_Library.a(heap_2.o)
 .bss.errno     0x0000000010004d98        0x4 /Applications/lpcxpresso_7.6.2_326/lpcxpresso/tools/bin/../lib/gcc/arm-none-eabi/4.9.3/../../../../arm-none-eabi/lib/armv7-m/libcr_c.a(errno.o)
                0x0000000010004d98                errno
 *(COMMON)
 COMMON         0x0000000010004d9c        0xc ./main.o
                0x0000000010004d9c                main_uart_count
                0x0000000010004da0                main_uart_buffer
                0x0000000010004da4                main_lpc_uart_ier
 COMMON         0x0000000010004da8       0x10 /Users/wavelife/Documents/UOC/TFC/pfc/LPC1769_UOC_Library/Debug/libLPC1769_UOC_Library.a(printf.o)
                0x0000000010004da8                lpc_uart_ier
                0x0000000010004dac                xSemUART
                0x0000000010004db0                uart_buffer
                0x0000000010004db4                uart_count
 COMMON         0x0000000010004db8      0x110 /Users/wavelife/Documents/UOC/TFC/pfc/LPC1769_UOC_Library/Debug/libLPC1769_UOC_Library.a(uart.o)
                0x0000000010004db8                UART1Buffer
                0x0000000010004df8                UART2Status
                0x0000000010004dfc                UART3Status
                0x0000000010004e00                UART0Buffer
                0x0000000010004e40                UART1Status
                0x0000000010004e44                UART3Buffer
                0x0000000010004e84                UART2Buffer
                0x0000000010004ec4                UART0Status
 COMMON         0x0000000010004ec8       0x50 /Users/wavelife/Documents/UOC/TFC/pfc/FreeRTOS_Library/Debug/libFreeRTOS_Library.a(queue.o)
                0x0000000010004ec8                xQueueRegistry
 COMMON         0x0000000010004f18        0x4 /Applications/lpcxpresso_7.6.2_326/lpcxpresso/tools/bin/../lib/gcc/arm-none-eabi/4.9.3/../../../../arm-none-eabi/lib/armv7-m/libcr_c.a(initio.o)
                0x0000000010004f18                _extra
 COMMON         0x0000000010004f1c      0x140 /Applications/lpcxpresso_7.6.2_326/lpcxpresso/tools/bin/../lib/gcc/arm-none-eabi/4.9.3/../../../../arm-none-eabi/lib/armv7-m/libcr_c.a(stdio.o)
                0x0000000010004f1c                __Ciob
 COMMON         0x000000001000505c        0x8 /Applications/lpcxpresso_7.6.2_326/lpcxpresso/tools/bin/../lib/gcc/arm-none-eabi/4.9.3/../../../../arm-none-eabi/lib/armv7-m/libcr_c.a(__init_alloc.o)
                0x000000001000505c                __heaps
                0x0000000010005060                __end_of_heap
                0x0000000010005064                . = ALIGN (0x4)
                0x0000000010005064                _ebss = .
                0x0000000010005064                PROVIDE (end, .)

.noinit_RAM2    0x000000002007c000        0x0
 *(.noinit.$RAM2*)
 *(.noinit.$RamAHB32*)
                0x000000002007c000                . = ALIGN (0x4)

.noinit         0x0000000010005064        0x0
                0x0000000010005064                _noinit = .
 *(.noinit*)
                0x0000000010005064                . = ALIGN (0x4)
                0x0000000010005064                _end_noinit = .
                0x0000000010005064                PROVIDE (_pvHeapStart, DEFINED (__user_heap_base)?__user_heap_base:.)
                0x0000000010008000                PROVIDE (_vStackTop, DEFINED (__user_stack_top)?__user_stack_top:(__top_RamLoc32 - 0x0))
OUTPUT(SimpleDemo_usingLib.axf elf32-littlearm)

.debug_info     0x0000000000000000     0x562c
 .debug_info    0x0000000000000000      0x1b8 ./cr_startup_lpc17.o
 .debug_info    0x00000000000001b8      0x8e2 ./main.o
 .debug_info    0x0000000000000a9a      0x157 /Users/wavelife/Documents/UOC/TFC/pfc/LPC1769_UOC_Library/Debug/libLPC1769_UOC_Library.a(log.o)
 .debug_info    0x0000000000000bf1      0x8ad /Users/wavelife/Documents/UOC/TFC/pfc/LPC1769_UOC_Library/Debug/libLPC1769_UOC_Library.a(printf.o)
 .debug_info    0x000000000000149e      0xe8f /Users/wavelife/Documents/UOC/TFC/pfc/LPC1769_UOC_Library/Debug/libLPC1769_UOC_Library.a(uart.o)
 .debug_info    0x000000000000232d      0x318 /Users/wavelife/Documents/UOC/TFC/pfc/CMSISv2p00_LPC17xx/Debug/libCMSISv2p00_LPC17xx.a(system_LPC17xx.o)
 .debug_info    0x0000000000002645      0xf91 /Users/wavelife/Documents/UOC/TFC/pfc/FreeRTOS_Library/Debug/libFreeRTOS_Library.a(queue.o)
 .debug_info    0x00000000000035d6     0x1932 /Users/wavelife/Documents/UOC/TFC/pfc/FreeRTOS_Library/Debug/libFreeRTOS_Library.a(tasks.o)
 .debug_info    0x0000000000004f08      0x2dd /Users/wavelife/Documents/UOC/TFC/pfc/FreeRTOS_Library/Debug/libFreeRTOS_Library.a(heap_2.o)
 .debug_info    0x00000000000051e5      0x1e8 /Users/wavelife/Documents/UOC/TFC/pfc/FreeRTOS_Library/Debug/libFreeRTOS_Library.a(port.o)
 .debug_info    0x00000000000053cd      0x25f /Users/wavelife/Documents/UOC/TFC/pfc/FreeRTOS_Library/Debug/libFreeRTOS_Library.a(list.o)

.debug_abbrev   0x0000000000000000     0x114b
 .debug_abbrev  0x0000000000000000       0xb9 ./cr_startup_lpc17.o
 .debug_abbrev  0x00000000000000b9      0x1e0 ./main.o
 .debug_abbrev  0x0000000000000299       0xca /Users/wavelife/Documents/UOC/TFC/pfc/LPC1769_UOC_Library/Debug/libLPC1769_UOC_Library.a(log.o)
 .debug_abbrev  0x0000000000000363      0x1b2 /Users/wavelife/Documents/UOC/TFC/pfc/LPC1769_UOC_Library/Debug/libLPC1769_UOC_Library.a(printf.o)
 .debug_abbrev  0x0000000000000515      0x1fb /Users/wavelife/Documents/UOC/TFC/pfc/LPC1769_UOC_Library/Debug/libLPC1769_UOC_Library.a(uart.o)
 .debug_abbrev  0x0000000000000710       0xe6 /Users/wavelife/Documents/UOC/TFC/pfc/CMSISv2p00_LPC17xx/Debug/libCMSISv2p00_LPC17xx.a(system_LPC17xx.o)
 .debug_abbrev  0x00000000000007f6      0x287 /Users/wavelife/Documents/UOC/TFC/pfc/FreeRTOS_Library/Debug/libFreeRTOS_Library.a(queue.o)
 .debug_abbrev  0x0000000000000a7d      0x31b /Users/wavelife/Documents/UOC/TFC/pfc/FreeRTOS_Library/Debug/libFreeRTOS_Library.a(tasks.o)
 .debug_abbrev  0x0000000000000d98      0x1af /Users/wavelife/Documents/UOC/TFC/pfc/FreeRTOS_Library/Debug/libFreeRTOS_Library.a(heap_2.o)
 .debug_abbrev  0x0000000000000f47      0x136 /Users/wavelife/Documents/UOC/TFC/pfc/FreeRTOS_Library/Debug/libFreeRTOS_Library.a(port.o)
 .debug_abbrev  0x000000000000107d       0xce /Users/wavelife/Documents/UOC/TFC/pfc/FreeRTOS_Library/Debug/libFreeRTOS_Library.a(list.o)

.debug_aranges  0x0000000000000000      0x258
 .debug_aranges
                0x0000000000000000       0x70 ./cr_startup_lpc17.o
 .debug_aranges
                0x0000000000000070       0x60 ./main.o
 .debug_aranges
                0x00000000000000d0       0x28 /Users/wavelife/Documents/UOC/TFC/pfc/LPC1769_UOC_Library/Debug/libLPC1769_UOC_Library.a(log.o)
 .debug_aranges
                0x00000000000000f8       0x48 /Users/wavelife/Documents/UOC/TFC/pfc/LPC1769_UOC_Library/Debug/libLPC1769_UOC_Library.a(printf.o)
 .debug_aranges
                0x0000000000000140       0x50 /Users/wavelife/Documents/UOC/TFC/pfc/LPC1769_UOC_Library/Debug/libLPC1769_UOC_Library.a(uart.o)
 .debug_aranges
                0x0000000000000190       0x28 /Users/wavelife/Documents/UOC/TFC/pfc/CMSISv2p00_LPC17xx/Debug/libCMSISv2p00_LPC17xx.a(system_LPC17xx.o)
 .debug_aranges
                0x00000000000001b8       0x20 /Users/wavelife/Documents/UOC/TFC/pfc/FreeRTOS_Library/Debug/libFreeRTOS_Library.a(queue.o)
 .debug_aranges
                0x00000000000001d8       0x20 /Users/wavelife/Documents/UOC/TFC/pfc/FreeRTOS_Library/Debug/libFreeRTOS_Library.a(tasks.o)
 .debug_aranges
                0x00000000000001f8       0x20 /Users/wavelife/Documents/UOC/TFC/pfc/FreeRTOS_Library/Debug/libFreeRTOS_Library.a(heap_2.o)
 .debug_aranges
                0x0000000000000218       0x20 /Users/wavelife/Documents/UOC/TFC/pfc/FreeRTOS_Library/Debug/libFreeRTOS_Library.a(port.o)
 .debug_aranges
                0x0000000000000238       0x20 /Users/wavelife/Documents/UOC/TFC/pfc/FreeRTOS_Library/Debug/libFreeRTOS_Library.a(list.o)

.debug_ranges   0x0000000000000000      0x1b0
 .debug_ranges  0x0000000000000000       0x60 ./cr_startup_lpc17.o
 .debug_ranges  0x0000000000000060       0x50 ./main.o
 .debug_ranges  0x00000000000000b0       0x18 /Users/wavelife/Documents/UOC/TFC/pfc/LPC1769_UOC_Library/Debug/libLPC1769_UOC_Library.a(log.o)
 .debug_ranges  0x00000000000000c8       0x38 /Users/wavelife/Documents/UOC/TFC/pfc/LPC1769_UOC_Library/Debug/libLPC1769_UOC_Library.a(printf.o)
 .debug_ranges  0x0000000000000100       0x40 /Users/wavelife/Documents/UOC/TFC/pfc/LPC1769_UOC_Library/Debug/libLPC1769_UOC_Library.a(uart.o)
 .debug_ranges  0x0000000000000140       0x18 /Users/wavelife/Documents/UOC/TFC/pfc/CMSISv2p00_LPC17xx/Debug/libCMSISv2p00_LPC17xx.a(system_LPC17xx.o)
 .debug_ranges  0x0000000000000158       0x48 /Users/wavelife/Documents/UOC/TFC/pfc/FreeRTOS_Library/Debug/libFreeRTOS_Library.a(tasks.o)
 .debug_ranges  0x00000000000001a0       0x10 /Users/wavelife/Documents/UOC/TFC/pfc/FreeRTOS_Library/Debug/libFreeRTOS_Library.a(port.o)

.debug_macro    0x0000000000000000     0x4609
 .debug_macro   0x0000000000000000       0x52 ./cr_startup_lpc17.o
 .debug_macro   0x0000000000000052      0x86e ./cr_startup_lpc17.o
 .debug_macro   0x00000000000008c0       0x10 ./cr_startup_lpc17.o
 .debug_macro   0x00000000000008d0      0x12d ./cr_startup_lpc17.o
 .debug_macro   0x00000000000009fd      0x5b2 ./cr_startup_lpc17.o
 .debug_macro   0x0000000000000faf      0x11e ./main.o
 .debug_macro   0x00000000000010cd       0x16 ./main.o
 .debug_macro   0x00000000000010e3       0x46 ./main.o
 .debug_macro   0x0000000000001129      0x136 ./main.o
 .debug_macro   0x000000000000125f       0xa3 ./main.o
 .debug_macro   0x0000000000001302       0x12 ./main.o
 .debug_macro   0x0000000000001314       0x1e ./main.o
 .debug_macro   0x0000000000001332      0x1b6 ./main.o
 .debug_macro   0x00000000000014e8       0x48 ./main.o
 .debug_macro   0x0000000000001530       0x56 ./main.o
 .debug_macro   0x0000000000001586       0x22 ./main.o
 .debug_macro   0x00000000000015a8       0x2e ./main.o
 .debug_macro   0x00000000000015d6       0x18 ./main.o
 .debug_macro   0x00000000000015ee      0x7af ./main.o
 .debug_macro   0x0000000000001d9d      0x2c7 ./main.o
 .debug_macro   0x0000000000002064       0x70 ./main.o
 .debug_macro   0x00000000000020d4       0x1c ./main.o
 .debug_macro   0x00000000000020f0       0x62 /Users/wavelife/Documents/UOC/TFC/pfc/LPC1769_UOC_Library/Debug/libLPC1769_UOC_Library.a(log.o)
 .debug_macro   0x0000000000002152      0x87a /Users/wavelife/Documents/UOC/TFC/pfc/LPC1769_UOC_Library/Debug/libLPC1769_UOC_Library.a(log.o)
 .debug_macro   0x00000000000029cc       0x16 /Users/wavelife/Documents/UOC/TFC/pfc/LPC1769_UOC_Library/Debug/libLPC1769_UOC_Library.a(log.o)
 .debug_macro   0x00000000000029e2      0x142 /Users/wavelife/Documents/UOC/TFC/pfc/LPC1769_UOC_Library/Debug/libLPC1769_UOC_Library.a(printf.o)
 .debug_macro   0x0000000000002b24       0xa0 /Users/wavelife/Documents/UOC/TFC/pfc/LPC1769_UOC_Library/Debug/libLPC1769_UOC_Library.a(printf.o)
 .debug_macro   0x0000000000002bc4       0x10 /Users/wavelife/Documents/UOC/TFC/pfc/LPC1769_UOC_Library/Debug/libLPC1769_UOC_Library.a(printf.o)
 .debug_macro   0x0000000000002bd4      0x136 /Users/wavelife/Documents/UOC/TFC/pfc/LPC1769_UOC_Library/Debug/libLPC1769_UOC_Library.a(printf.o)
 .debug_macro   0x0000000000002d0a       0x8f /Users/wavelife/Documents/UOC/TFC/pfc/LPC1769_UOC_Library/Debug/libLPC1769_UOC_Library.a(printf.o)
 .debug_macro   0x0000000000002d99       0x69 /Users/wavelife/Documents/UOC/TFC/pfc/LPC1769_UOC_Library/Debug/libLPC1769_UOC_Library.a(printf.o)
 .debug_macro   0x0000000000002e02       0x87 /Users/wavelife/Documents/UOC/TFC/pfc/LPC1769_UOC_Library/Debug/libLPC1769_UOC_Library.a(uart.o)
 .debug_macro   0x0000000000002e89       0x1c /Users/wavelife/Documents/UOC/TFC/pfc/LPC1769_UOC_Library/Debug/libLPC1769_UOC_Library.a(uart.o)
 .debug_macro   0x0000000000002ea5      0x12b /Users/wavelife/Documents/UOC/TFC/pfc/CMSISv2p00_LPC17xx/Debug/libCMSISv2p00_LPC17xx.a(system_LPC17xx.o)
 .debug_macro   0x0000000000002fd0      0x874 /Users/wavelife/Documents/UOC/TFC/pfc/CMSISv2p00_LPC17xx/Debug/libCMSISv2p00_LPC17xx.a(system_LPC17xx.o)
 .debug_macro   0x0000000000003844      0x133 /Users/wavelife/Documents/UOC/TFC/pfc/FreeRTOS_Library/Debug/libFreeRTOS_Library.a(queue.o)
 .debug_macro   0x0000000000003977      0x862 /Users/wavelife/Documents/UOC/TFC/pfc/FreeRTOS_Library/Debug/libFreeRTOS_Library.a(queue.o)
 .debug_macro   0x00000000000041d9       0x28 /Users/wavelife/Documents/UOC/TFC/pfc/FreeRTOS_Library/Debug/libFreeRTOS_Library.a(queue.o)
 .debug_macro   0x0000000000004201      0x133 /Users/wavelife/Documents/UOC/TFC/pfc/FreeRTOS_Library/Debug/libFreeRTOS_Library.a(tasks.o)
 .debug_macro   0x0000000000004334       0x22 /Users/wavelife/Documents/UOC/TFC/pfc/FreeRTOS_Library/Debug/libFreeRTOS_Library.a(tasks.o)
 .debug_macro   0x0000000000004356       0x5b /Users/wavelife/Documents/UOC/TFC/pfc/FreeRTOS_Library/Debug/libFreeRTOS_Library.a(tasks.o)
 .debug_macro   0x00000000000043b1       0x16 /Users/wavelife/Documents/UOC/TFC/pfc/FreeRTOS_Library/Debug/libFreeRTOS_Library.a(tasks.o)
 .debug_macro   0x00000000000043c7       0xcb /Users/wavelife/Documents/UOC/TFC/pfc/FreeRTOS_Library/Debug/libFreeRTOS_Library.a(heap_2.o)
 .debug_macro   0x0000000000004492       0xda /Users/wavelife/Documents/UOC/TFC/pfc/FreeRTOS_Library/Debug/libFreeRTOS_Library.a(port.o)
 .debug_macro   0x000000000000456c       0x9d /Users/wavelife/Documents/UOC/TFC/pfc/FreeRTOS_Library/Debug/libFreeRTOS_Library.a(list.o)

.debug_line     0x0000000000000000     0x2090
 .debug_line    0x0000000000000000      0x24d ./cr_startup_lpc17.o
 .debug_line    0x000000000000024d      0x41b ./main.o
 .debug_line    0x0000000000000668      0x18e /Users/wavelife/Documents/UOC/TFC/pfc/LPC1769_UOC_Library/Debug/libLPC1769_UOC_Library.a(log.o)
 .debug_line    0x00000000000007f6      0x408 /Users/wavelife/Documents/UOC/TFC/pfc/LPC1769_UOC_Library/Debug/libLPC1769_UOC_Library.a(printf.o)
 .debug_line    0x0000000000000bfe      0x364 /Users/wavelife/Documents/UOC/TFC/pfc/LPC1769_UOC_Library/Debug/libLPC1769_UOC_Library.a(uart.o)
 .debug_line    0x0000000000000f62      0x1d3 /Users/wavelife/Documents/UOC/TFC/pfc/CMSISv2p00_LPC17xx/Debug/libCMSISv2p00_LPC17xx.a(system_LPC17xx.o)
 .debug_line    0x0000000000001135      0x36c /Users/wavelife/Documents/UOC/TFC/pfc/FreeRTOS_Library/Debug/libFreeRTOS_Library.a(queue.o)
 .debug_line    0x00000000000014a1      0x531 /Users/wavelife/Documents/UOC/TFC/pfc/FreeRTOS_Library/Debug/libFreeRTOS_Library.a(tasks.o)
 .debug_line    0x00000000000019d2      0x263 /Users/wavelife/Documents/UOC/TFC/pfc/FreeRTOS_Library/Debug/libFreeRTOS_Library.a(heap_2.o)
 .debug_line    0x0000000000001c35      0x233 /Users/wavelife/Documents/UOC/TFC/pfc/FreeRTOS_Library/Debug/libFreeRTOS_Library.a(port.o)
 .debug_line    0x0000000000001e68      0x228 /Users/wavelife/Documents/UOC/TFC/pfc/FreeRTOS_Library/Debug/libFreeRTOS_Library.a(list.o)

.debug_str      0x0000000000000000     0xdd3f
 .debug_str     0x0000000000000000     0x3c97 ./cr_startup_lpc17.o
                                       0x3d22 (size before relaxing)
 .debug_str     0x0000000000003c97     0x616a ./main.o
                                       0x9d69 (size before relaxing)
 .debug_str     0x0000000000009e01      0x173 /Users/wavelife/Documents/UOC/TFC/pfc/LPC1769_UOC_Library/Debug/libLPC1769_UOC_Library.a(log.o)
                                       0x3ced (size before relaxing)
 .debug_str     0x0000000000009f74     0x11a4 /Users/wavelife/Documents/UOC/TFC/pfc/LPC1769_UOC_Library/Debug/libLPC1769_UOC_Library.a(printf.o)
                                       0xae31 (size before relaxing)
 .debug_str     0x000000000000b118      0x56c /Users/wavelife/Documents/UOC/TFC/pfc/LPC1769_UOC_Library/Debug/libLPC1769_UOC_Library.a(uart.o)
                                       0x84a6 (size before relaxing)
 .debug_str     0x000000000000b684      0x3f3 /Users/wavelife/Documents/UOC/TFC/pfc/CMSISv2p00_LPC17xx/Debug/libCMSISv2p00_LPC17xx.a(system_LPC17xx.o)
                                       0x8107 (size before relaxing)
 .debug_str     0x000000000000ba77      0x9a6 /Users/wavelife/Documents/UOC/TFC/pfc/FreeRTOS_Library/Debug/libFreeRTOS_Library.a(queue.o)
                                       0x509a (size before relaxing)
 .debug_str     0x000000000000c41d     0x11b4 /Users/wavelife/Documents/UOC/TFC/pfc/FreeRTOS_Library/Debug/libFreeRTOS_Library.a(tasks.o)
                                       0x5d6a (size before relaxing)
 .debug_str     0x000000000000d5d1      0x442 /Users/wavelife/Documents/UOC/TFC/pfc/FreeRTOS_Library/Debug/libFreeRTOS_Library.a(heap_2.o)
                                       0x4b79 (size before relaxing)
 .debug_str     0x000000000000da13      0x2ec /Users/wavelife/Documents/UOC/TFC/pfc/FreeRTOS_Library/Debug/libFreeRTOS_Library.a(port.o)
                                       0x49da (size before relaxing)
 .debug_str     0x000000000000dcff       0x40 /Users/wavelife/Documents/UOC/TFC/pfc/FreeRTOS_Library/Debug/libFreeRTOS_Library.a(list.o)
                                       0x449b (size before relaxing)

.comment        0x0000000000000000       0x70
 .comment       0x0000000000000000       0x70 ./cr_startup_lpc17.o
                                         0x71 (size before relaxing)
 .comment       0x0000000000000000       0x71 ./main.o
 .comment       0x0000000000000000       0x71 /Users/wavelife/Documents/UOC/TFC/pfc/LPC1769_UOC_Library/Debug/libLPC1769_UOC_Library.a(log.o)
 .comment       0x0000000000000000       0x71 /Users/wavelife/Documents/UOC/TFC/pfc/LPC1769_UOC_Library/Debug/libLPC1769_UOC_Library.a(printf.o)
 .comment       0x0000000000000000       0x71 /Users/wavelife/Documents/UOC/TFC/pfc/LPC1769_UOC_Library/Debug/libLPC1769_UOC_Library.a(uart.o)
 .comment       0x0000000000000000       0x71 /Users/wavelife/Documents/UOC/TFC/pfc/CMSISv2p00_LPC17xx/Debug/libCMSISv2p00_LPC17xx.a(system_LPC17xx.o)
 .comment       0x0000000000000000       0x71 /Users/wavelife/Documents/UOC/TFC/pfc/FreeRTOS_Library/Debug/libFreeRTOS_Library.a(queue.o)
 .comment       0x0000000000000000       0x71 /Users/wavelife/Documents/UOC/TFC/pfc/FreeRTOS_Library/Debug/libFreeRTOS_Library.a(tasks.o)
 .comment       0x0000000000000000       0x71 /Users/wavelife/Documents/UOC/TFC/pfc/FreeRTOS_Library/Debug/libFreeRTOS_Library.a(heap_2.o)
 .comment       0x0000000000000000       0x71 /Users/wavelife/Documents/UOC/TFC/pfc/FreeRTOS_Library/Debug/libFreeRTOS_Library.a(port.o)
 .comment       0x0000000000000000       0x71 /Users/wavelife/Documents/UOC/TFC/pfc/FreeRTOS_Library/Debug/libFreeRTOS_Library.a(list.o)
 .comment       0x0000000000000000       0x71 /Applications/lpcxpresso_7.6.2_326/lpcxpresso/tools/bin/../lib/gcc/arm-none-eabi/4.9.3/../../../../arm-none-eabi/lib/armv7-m/libcr_nohost.a(_cr__main.o)
 .comment       0x0000000000000000       0x71 /Applications/lpcxpresso_7.6.2_326/lpcxpresso/tools/bin/../lib/gcc/arm-none-eabi/4.9.3/../../../../arm-none-eabi/lib/armv7-m/libcr_c.a(memcpy.o)
 .comment       0x0000000000000000       0x71 /Applications/lpcxpresso_7.6.2_326/lpcxpresso/tools/bin/../lib/gcc/arm-none-eabi/4.9.3/../../../../arm-none-eabi/lib/armv7-m/libcr_c.a(memset.o)
 .comment       0x0000000000000000       0x71 /Applications/lpcxpresso_7.6.2_326/lpcxpresso/tools/bin/../lib/gcc/arm-none-eabi/4.9.3/../../../../arm-none-eabi/lib/armv7-m/libcr_c.a(fpprintf.o)
 .comment       0x0000000000000000       0x71 /Applications/lpcxpresso_7.6.2_326/lpcxpresso/tools/bin/../lib/gcc/arm-none-eabi/4.9.3/../../../../arm-none-eabi/lib/armv7-m/libcr_c.a(initio.o)
 .comment       0x0000000000000000       0x71 /Applications/lpcxpresso_7.6.2_326/lpcxpresso/tools/bin/../lib/gcc/arm-none-eabi/4.9.3/../../../../arm-none-eabi/lib/armv7-m/libcr_c.a(printf.o)
 .comment       0x0000000000000000       0x71 /Applications/lpcxpresso_7.6.2_326/lpcxpresso/tools/bin/../lib/gcc/arm-none-eabi/4.9.3/../../../../arm-none-eabi/lib/armv7-m/libcr_c.a(setvbuf.o)
 .comment       0x0000000000000000       0x71 /Applications/lpcxpresso_7.6.2_326/lpcxpresso/tools/bin/../lib/gcc/arm-none-eabi/4.9.3/../../../../arm-none-eabi/lib/armv7-m/libcr_c.a(stdio.o)
 .comment       0x0000000000000000       0x71 /Applications/lpcxpresso_7.6.2_326/lpcxpresso/tools/bin/../lib/gcc/arm-none-eabi/4.9.3/../../../../arm-none-eabi/lib/armv7-m/libcr_c.a(strcat.o)
 .comment       0x0000000000000000       0x71 /Applications/lpcxpresso_7.6.2_326/lpcxpresso/tools/bin/../lib/gcc/arm-none-eabi/4.9.3/../../../../arm-none-eabi/lib/armv7-m/libcr_c.a(strlen.o)
 .comment       0x0000000000000000       0x71 /Applications/lpcxpresso_7.6.2_326/lpcxpresso/tools/bin/../lib/gcc/arm-none-eabi/4.9.3/../../../../arm-none-eabi/lib/armv7-m/libcr_c.a(strncpy.o)
 .comment       0x0000000000000000       0x71 /Applications/lpcxpresso_7.6.2_326/lpcxpresso/tools/bin/../lib/gcc/arm-none-eabi/4.9.3/../../../../arm-none-eabi/lib/armv7-m/libcr_c.a(_deferredlazyseek.o)
 .comment       0x0000000000000000       0x71 /Applications/lpcxpresso_7.6.2_326/lpcxpresso/tools/bin/../lib/gcc/arm-none-eabi/4.9.3/../../../../arm-none-eabi/lib/armv7-m/libcr_c.a(_fdopen.o)
 .comment       0x0000000000000000       0x71 /Applications/lpcxpresso_7.6.2_326/lpcxpresso/tools/bin/../lib/gcc/arm-none-eabi/4.9.3/../../../../arm-none-eabi/lib/armv7-m/libcr_c.a(_fflush.o)
 .comment       0x0000000000000000       0x71 /Applications/lpcxpresso_7.6.2_326/lpcxpresso/tools/bin/../lib/gcc/arm-none-eabi/4.9.3/../../../../arm-none-eabi/lib/armv7-m/libcr_c.a(_frexpl.o)
 .comment       0x0000000000000000       0x71 /Applications/lpcxpresso_7.6.2_326/lpcxpresso/tools/bin/../lib/gcc/arm-none-eabi/4.9.3/../../../../arm-none-eabi/lib/armv7-m/libcr_c.a(_ldexpl.o)
 .comment       0x0000000000000000       0x71 /Applications/lpcxpresso_7.6.2_326/lpcxpresso/tools/bin/../lib/gcc/arm-none-eabi/4.9.3/../../../../arm-none-eabi/lib/armv7-m/libcr_c.a(_writebuf.o)
 .comment       0x0000000000000000       0x71 /Applications/lpcxpresso_7.6.2_326/lpcxpresso/tools/bin/../lib/gcc/arm-none-eabi/4.9.3/../../../../arm-none-eabi/lib/armv7-m/libcr_c.a(alloc.o)
 .comment       0x0000000000000000       0x71 /Applications/lpcxpresso_7.6.2_326/lpcxpresso/tools/bin/../lib/gcc/arm-none-eabi/4.9.3/../../../../arm-none-eabi/lib/armv7-m/libcr_c.a(errno.o)
 .comment       0x0000000000000000       0x71 /Applications/lpcxpresso_7.6.2_326/lpcxpresso/tools/bin/../lib/gcc/arm-none-eabi/4.9.3/../../../../arm-none-eabi/lib/armv7-m/libcr_c.a(fclose.o)
 .comment       0x0000000000000000       0x71 /Applications/lpcxpresso_7.6.2_326/lpcxpresso/tools/bin/../lib/gcc/arm-none-eabi/4.9.3/../../../../arm-none-eabi/lib/armv7-m/libcr_c.a(fflush.o)
 .comment       0x0000000000000000       0x71 /Applications/lpcxpresso_7.6.2_326/lpcxpresso/tools/bin/../lib/gcc/arm-none-eabi/4.9.3/../../../../arm-none-eabi/lib/armv7-m/libcr_c.a(fseek.o)
 .comment       0x0000000000000000       0x71 /Applications/lpcxpresso_7.6.2_326/lpcxpresso/tools/bin/../lib/gcc/arm-none-eabi/4.9.3/../../../../arm-none-eabi/lib/armv7-m/libcr_c.a(ftell.o)
 .comment       0x0000000000000000       0x71 /Applications/lpcxpresso_7.6.2_326/lpcxpresso/tools/bin/../lib/gcc/arm-none-eabi/4.9.3/../../../../arm-none-eabi/lib/armv7-m/libcr_c.a(remove.o)
 .comment       0x0000000000000000       0x71 /Applications/lpcxpresso_7.6.2_326/lpcxpresso/tools/bin/../lib/gcc/arm-none-eabi/4.9.3/../../../../arm-none-eabi/lib/armv7-m/libcr_c.a(__init_alloc.o)
 .comment       0x0000000000000000       0x71 /Applications/lpcxpresso_7.6.2_326/lpcxpresso/tools/bin/../lib/gcc/arm-none-eabi/4.9.3/../../../../arm-none-eabi/lib/armv7-m/libcr_c.a(_cr_sbrk.o)
 .comment       0x0000000000000000       0x71 /Applications/lpcxpresso_7.6.2_326/lpcxpresso/tools/bin/../lib/gcc/arm-none-eabi/4.9.3/../../../../arm-none-eabi/lib/armv7-m/libcr_c.a(_do_fflush.o)
 .comment       0x0000000000000000       0x71 /Applications/lpcxpresso_7.6.2_326/lpcxpresso/tools/bin/../lib/gcc/arm-none-eabi/4.9.3/../../../../arm-none-eabi/lib/armv7-m/libcr_c.a(_hugeval.o)
 .comment       0x0000000000000000       0x71 /Applications/lpcxpresso_7.6.2_326/lpcxpresso/tools/bin/../lib/gcc/arm-none-eabi/4.9.3/../../../../arm-none-eabi/lib/armv7-m/libcr_c.a(_cr_check_heap.o)
 .comment       0x0000000000000000       0x71 /Applications/lpcxpresso_7.6.2_326/lpcxpresso/tools/bin/../lib/gcc/arm-none-eabi/4.9.3/armv7-m/libcr_eabihelpers.a(double.o)
 .comment       0x0000000000000000       0x71 /Applications/lpcxpresso_7.6.2_326/lpcxpresso/tools/bin/../lib/gcc/arm-none-eabi/4.9.3/../../../../arm-none-eabi/lib/armv7-m/libcr_nohost.a(__sys_appexit.o)
 .comment       0x0000000000000000       0x71 /Applications/lpcxpresso_7.6.2_326/lpcxpresso/tools/bin/../lib/gcc/arm-none-eabi/4.9.3/../../../../arm-none-eabi/lib/armv7-m/libcr_nohost.a(__sys_close.o)
 .comment       0x0000000000000000       0x71 /Applications/lpcxpresso_7.6.2_326/lpcxpresso/tools/bin/../lib/gcc/arm-none-eabi/4.9.3/../../../../arm-none-eabi/lib/armv7-m/libcr_nohost.a(__sys_flen.o)
 .comment       0x0000000000000000       0x71 /Applications/lpcxpresso_7.6.2_326/lpcxpresso/tools/bin/../lib/gcc/arm-none-eabi/4.9.3/../../../../arm-none-eabi/lib/armv7-m/libcr_nohost.a(__sys_istty.o)
 .comment       0x0000000000000000       0x71 /Applications/lpcxpresso_7.6.2_326/lpcxpresso/tools/bin/../lib/gcc/arm-none-eabi/4.9.3/../../../../arm-none-eabi/lib/armv7-m/libcr_nohost.a(__sys_remove.o)
 .comment       0x0000000000000000       0x71 /Applications/lpcxpresso_7.6.2_326/lpcxpresso/tools/bin/../lib/gcc/arm-none-eabi/4.9.3/../../../../arm-none-eabi/lib/armv7-m/libcr_nohost.a(__sys_seek.o)
 .comment       0x0000000000000000       0x71 /Applications/lpcxpresso_7.6.2_326/lpcxpresso/tools/bin/../lib/gcc/arm-none-eabi/4.9.3/../../../../arm-none-eabi/lib/armv7-m/libcr_nohost.a(__sys_tmpnam.o)
 .comment       0x0000000000000000       0x71 /Applications/lpcxpresso_7.6.2_326/lpcxpresso/tools/bin/../lib/gcc/arm-none-eabi/4.9.3/../../../../arm-none-eabi/lib/armv7-m/libcr_nohost.a(__sys_write.o)

.ARM.attributes
                0x0000000000000000       0x31
 .ARM.attributes
                0x0000000000000000       0x33 ./cr_startup_lpc17.o
 .ARM.attributes
                0x0000000000000033       0x33 ./main.o
 .ARM.attributes
                0x0000000000000066       0x33 /Users/wavelife/Documents/UOC/TFC/pfc/LPC1769_UOC_Library/Debug/libLPC1769_UOC_Library.a(log.o)
 .ARM.attributes
                0x0000000000000099       0x33 /Users/wavelife/Documents/UOC/TFC/pfc/LPC1769_UOC_Library/Debug/libLPC1769_UOC_Library.a(printf.o)
 .ARM.attributes
                0x00000000000000cc       0x33 /Users/wavelife/Documents/UOC/TFC/pfc/LPC1769_UOC_Library/Debug/libLPC1769_UOC_Library.a(uart.o)
 .ARM.attributes
                0x00000000000000ff       0x33 /Users/wavelife/Documents/UOC/TFC/pfc/CMSISv2p00_LPC17xx/Debug/libCMSISv2p00_LPC17xx.a(system_LPC17xx.o)
 .ARM.attributes
                0x0000000000000132       0x33 /Users/wavelife/Documents/UOC/TFC/pfc/FreeRTOS_Library/Debug/libFreeRTOS_Library.a(queue.o)
 .ARM.attributes
                0x0000000000000165       0x33 /Users/wavelife/Documents/UOC/TFC/pfc/FreeRTOS_Library/Debug/libFreeRTOS_Library.a(tasks.o)
 .ARM.attributes
                0x0000000000000198       0x33 /Users/wavelife/Documents/UOC/TFC/pfc/FreeRTOS_Library/Debug/libFreeRTOS_Library.a(heap_2.o)
 .ARM.attributes
                0x00000000000001cb       0x33 /Users/wavelife/Documents/UOC/TFC/pfc/FreeRTOS_Library/Debug/libFreeRTOS_Library.a(port.o)
 .ARM.attributes
                0x00000000000001fe       0x33 /Users/wavelife/Documents/UOC/TFC/pfc/FreeRTOS_Library/Debug/libFreeRTOS_Library.a(list.o)
 .ARM.attributes
                0x0000000000000231       0x33 /Applications/lpcxpresso_7.6.2_326/lpcxpresso/tools/bin/../lib/gcc/arm-none-eabi/4.9.3/../../../../arm-none-eabi/lib/armv7-m/libcr_nohost.a(_cr__main.o)
 .ARM.attributes
                0x0000000000000264       0x33 /Applications/lpcxpresso_7.6.2_326/lpcxpresso/tools/bin/../lib/gcc/arm-none-eabi/4.9.3/../../../../arm-none-eabi/lib/armv7-m/libcr_c.a(memcpy.o)
 .ARM.attributes
                0x0000000000000297       0x33 /Applications/lpcxpresso_7.6.2_326/lpcxpresso/tools/bin/../lib/gcc/arm-none-eabi/4.9.3/../../../../arm-none-eabi/lib/armv7-m/libcr_c.a(memset.o)
 .ARM.attributes
                0x00000000000002ca       0x33 /Applications/lpcxpresso_7.6.2_326/lpcxpresso/tools/bin/../lib/gcc/arm-none-eabi/4.9.3/../../../../arm-none-eabi/lib/armv7-m/libcr_c.a(fpprintf.o)
 .ARM.attributes
                0x00000000000002fd       0x33 /Applications/lpcxpresso_7.6.2_326/lpcxpresso/tools/bin/../lib/gcc/arm-none-eabi/4.9.3/../../../../arm-none-eabi/lib/armv7-m/libcr_c.a(initio.o)
 .ARM.attributes
                0x0000000000000330       0x33 /Applications/lpcxpresso_7.6.2_326/lpcxpresso/tools/bin/../lib/gcc/arm-none-eabi/4.9.3/../../../../arm-none-eabi/lib/armv7-m/libcr_c.a(printf.o)
 .ARM.attributes
                0x0000000000000363       0x33 /Applications/lpcxpresso_7.6.2_326/lpcxpresso/tools/bin/../lib/gcc/arm-none-eabi/4.9.3/../../../../arm-none-eabi/lib/armv7-m/libcr_c.a(setvbuf.o)
 .ARM.attributes
                0x0000000000000396       0x33 /Applications/lpcxpresso_7.6.2_326/lpcxpresso/tools/bin/../lib/gcc/arm-none-eabi/4.9.3/../../../../arm-none-eabi/lib/armv7-m/libcr_c.a(stdio.o)
 .ARM.attributes
                0x00000000000003c9       0x33 /Applications/lpcxpresso_7.6.2_326/lpcxpresso/tools/bin/../lib/gcc/arm-none-eabi/4.9.3/../../../../arm-none-eabi/lib/armv7-m/libcr_c.a(strcat.o)
 .ARM.attributes
                0x00000000000003fc       0x33 /Applications/lpcxpresso_7.6.2_326/lpcxpresso/tools/bin/../lib/gcc/arm-none-eabi/4.9.3/../../../../arm-none-eabi/lib/armv7-m/libcr_c.a(strlen.o)
 .ARM.attributes
                0x000000000000042f       0x33 /Applications/lpcxpresso_7.6.2_326/lpcxpresso/tools/bin/../lib/gcc/arm-none-eabi/4.9.3/../../../../arm-none-eabi/lib/armv7-m/libcr_c.a(strncpy.o)
 .ARM.attributes
                0x0000000000000462       0x33 /Applications/lpcxpresso_7.6.2_326/lpcxpresso/tools/bin/../lib/gcc/arm-none-eabi/4.9.3/../../../../arm-none-eabi/lib/armv7-m/libcr_c.a(_deferredlazyseek.o)
 .ARM.attributes
                0x0000000000000495       0x33 /Applications/lpcxpresso_7.6.2_326/lpcxpresso/tools/bin/../lib/gcc/arm-none-eabi/4.9.3/../../../../arm-none-eabi/lib/armv7-m/libcr_c.a(_fdopen.o)
 .ARM.attributes
                0x00000000000004c8       0x33 /Applications/lpcxpresso_7.6.2_326/lpcxpresso/tools/bin/../lib/gcc/arm-none-eabi/4.9.3/../../../../arm-none-eabi/lib/armv7-m/libcr_c.a(_fflush.o)
 .ARM.attributes
                0x00000000000004fb       0x33 /Applications/lpcxpresso_7.6.2_326/lpcxpresso/tools/bin/../lib/gcc/arm-none-eabi/4.9.3/../../../../arm-none-eabi/lib/armv7-m/libcr_c.a(_frexpl.o)
 .ARM.attributes
                0x000000000000052e       0x33 /Applications/lpcxpresso_7.6.2_326/lpcxpresso/tools/bin/../lib/gcc/arm-none-eabi/4.9.3/../../../../arm-none-eabi/lib/armv7-m/libcr_c.a(_ldexpl.o)
 .ARM.attributes
                0x0000000000000561       0x33 /Applications/lpcxpresso_7.6.2_326/lpcxpresso/tools/bin/../lib/gcc/arm-none-eabi/4.9.3/../../../../arm-none-eabi/lib/armv7-m/libcr_c.a(_writebuf.o)
 .ARM.attributes
                0x0000000000000594       0x33 /Applications/lpcxpresso_7.6.2_326/lpcxpresso/tools/bin/../lib/gcc/arm-none-eabi/4.9.3/../../../../arm-none-eabi/lib/armv7-m/libcr_c.a(alloc.o)
 .ARM.attributes
                0x00000000000005c7       0x33 /Applications/lpcxpresso_7.6.2_326/lpcxpresso/tools/bin/../lib/gcc/arm-none-eabi/4.9.3/../../../../arm-none-eabi/lib/armv7-m/libcr_c.a(errno.o)
 .ARM.attributes
                0x00000000000005fa       0x33 /Applications/lpcxpresso_7.6.2_326/lpcxpresso/tools/bin/../lib/gcc/arm-none-eabi/4.9.3/../../../../arm-none-eabi/lib/armv7-m/libcr_c.a(fclose.o)
 .ARM.attributes
                0x000000000000062d       0x33 /Applications/lpcxpresso_7.6.2_326/lpcxpresso/tools/bin/../lib/gcc/arm-none-eabi/4.9.3/../../../../arm-none-eabi/lib/armv7-m/libcr_c.a(fflush.o)
 .ARM.attributes
                0x0000000000000660       0x33 /Applications/lpcxpresso_7.6.2_326/lpcxpresso/tools/bin/../lib/gcc/arm-none-eabi/4.9.3/../../../../arm-none-eabi/lib/armv7-m/libcr_c.a(fseek.o)
 .ARM.attributes
                0x0000000000000693       0x33 /Applications/lpcxpresso_7.6.2_326/lpcxpresso/tools/bin/../lib/gcc/arm-none-eabi/4.9.3/../../../../arm-none-eabi/lib/armv7-m/libcr_c.a(ftell.o)
 .ARM.attributes
                0x00000000000006c6       0x33 /Applications/lpcxpresso_7.6.2_326/lpcxpresso/tools/bin/../lib/gcc/arm-none-eabi/4.9.3/../../../../arm-none-eabi/lib/armv7-m/libcr_c.a(remove.o)
 .ARM.attributes
                0x00000000000006f9       0x33 /Applications/lpcxpresso_7.6.2_326/lpcxpresso/tools/bin/../lib/gcc/arm-none-eabi/4.9.3/../../../../arm-none-eabi/lib/armv7-m/libcr_c.a(__init_alloc.o)
 .ARM.attributes
                0x000000000000072c       0x33 /Applications/lpcxpresso_7.6.2_326/lpcxpresso/tools/bin/../lib/gcc/arm-none-eabi/4.9.3/../../../../arm-none-eabi/lib/armv7-m/libcr_c.a(_cr_sbrk.o)
 .ARM.attributes
                0x000000000000075f       0x33 /Applications/lpcxpresso_7.6.2_326/lpcxpresso/tools/bin/../lib/gcc/arm-none-eabi/4.9.3/../../../../arm-none-eabi/lib/armv7-m/libcr_c.a(_do_fflush.o)
 .ARM.attributes
                0x0000000000000792       0x33 /Applications/lpcxpresso_7.6.2_326/lpcxpresso/tools/bin/../lib/gcc/arm-none-eabi/4.9.3/../../../../arm-none-eabi/lib/armv7-m/libcr_c.a(_hugeval.o)
 .ARM.attributes
                0x00000000000007c5       0x33 /Applications/lpcxpresso_7.6.2_326/lpcxpresso/tools/bin/../lib/gcc/arm-none-eabi/4.9.3/../../../../arm-none-eabi/lib/armv7-m/libcr_c.a(_cr_check_heap.o)
 .ARM.attributes
                0x00000000000007f8       0x33 /Applications/lpcxpresso_7.6.2_326/lpcxpresso/tools/bin/../lib/gcc/arm-none-eabi/4.9.3/armv7-m/libcr_eabihelpers.a(double.o)
 .ARM.attributes
                0x000000000000082b       0x21 /Applications/lpcxpresso_7.6.2_326/lpcxpresso/tools/bin/../lib/gcc/arm-none-eabi/4.9.3/armv7-m/libcr_eabihelpers.a(memcpy.o)
 .ARM.attributes
                0x000000000000084c       0x33 /Applications/lpcxpresso_7.6.2_326/lpcxpresso/tools/bin/../lib/gcc/arm-none-eabi/4.9.3/../../../../arm-none-eabi/lib/armv7-m/libcr_nohost.a(__sys_appexit.o)
 .ARM.attributes
                0x000000000000087f       0x33 /Applications/lpcxpresso_7.6.2_326/lpcxpresso/tools/bin/../lib/gcc/arm-none-eabi/4.9.3/../../../../arm-none-eabi/lib/armv7-m/libcr_nohost.a(__sys_close.o)
 .ARM.attributes
                0x00000000000008b2       0x33 /Applications/lpcxpresso_7.6.2_326/lpcxpresso/tools/bin/../lib/gcc/arm-none-eabi/4.9.3/../../../../arm-none-eabi/lib/armv7-m/libcr_nohost.a(__sys_flen.o)
 .ARM.attributes
                0x00000000000008e5       0x33 /Applications/lpcxpresso_7.6.2_326/lpcxpresso/tools/bin/../lib/gcc/arm-none-eabi/4.9.3/../../../../arm-none-eabi/lib/armv7-m/libcr_nohost.a(__sys_istty.o)
 .ARM.attributes
                0x0000000000000918       0x33 /Applications/lpcxpresso_7.6.2_326/lpcxpresso/tools/bin/../lib/gcc/arm-none-eabi/4.9.3/../../../../arm-none-eabi/lib/armv7-m/libcr_nohost.a(__sys_remove.o)
 .ARM.attributes
                0x000000000000094b       0x33 /Applications/lpcxpresso_7.6.2_326/lpcxpresso/tools/bin/../lib/gcc/arm-none-eabi/4.9.3/../../../../arm-none-eabi/lib/armv7-m/libcr_nohost.a(__sys_seek.o)
 .ARM.attributes
                0x000000000000097e       0x33 /Applications/lpcxpresso_7.6.2_326/lpcxpresso/tools/bin/../lib/gcc/arm-none-eabi/4.9.3/../../../../arm-none-eabi/lib/armv7-m/libcr_nohost.a(__sys_tmpnam.o)
 .ARM.attributes
                0x00000000000009b1       0x33 /Applications/lpcxpresso_7.6.2_326/lpcxpresso/tools/bin/../lib/gcc/arm-none-eabi/4.9.3/../../../../arm-none-eabi/lib/armv7-m/libcr_nohost.a(__sys_write.o)

.debug_frame    0x0000000000000000      0xc34
 .debug_frame   0x0000000000000000      0x120 ./cr_startup_lpc17.o
 .debug_frame   0x0000000000000120      0x124 ./main.o
 .debug_frame   0x0000000000000244       0x6c /Users/wavelife/Documents/UOC/TFC/pfc/LPC1769_UOC_Library/Debug/libLPC1769_UOC_Library.a(log.o)
 .debug_frame   0x00000000000002b0      0x100 /Users/wavelife/Documents/UOC/TFC/pfc/LPC1769_UOC_Library/Debug/libLPC1769_UOC_Library.a(printf.o)
 .debug_frame   0x00000000000003b0      0x128 /Users/wavelife/Documents/UOC/TFC/pfc/LPC1769_UOC_Library/Debug/libLPC1769_UOC_Library.a(uart.o)
 .debug_frame   0x00000000000004d8       0x3c /Users/wavelife/Documents/UOC/TFC/pfc/CMSISv2p00_LPC17xx/Debug/libCMSISv2p00_LPC17xx.a(system_LPC17xx.o)
 .debug_frame   0x0000000000000514      0x210 /Users/wavelife/Documents/UOC/TFC/pfc/FreeRTOS_Library/Debug/libFreeRTOS_Library.a(queue.o)
 .debug_frame   0x0000000000000724      0x374 /Users/wavelife/Documents/UOC/TFC/pfc/FreeRTOS_Library/Debug/libFreeRTOS_Library.a(tasks.o)
 .debug_frame   0x0000000000000a98       0x70 /Users/wavelife/Documents/UOC/TFC/pfc/FreeRTOS_Library/Debug/libFreeRTOS_Library.a(heap_2.o)
 .debug_frame   0x0000000000000b08       0xc0 /Users/wavelife/Documents/UOC/TFC/pfc/FreeRTOS_Library/Debug/libFreeRTOS_Library.a(port.o)
 .debug_frame   0x0000000000000bc8       0x6c /Users/wavelife/Documents/UOC/TFC/pfc/FreeRTOS_Library/Debug/libFreeRTOS_Library.a(list.o)

.debug_loc      0x0000000000000000     0x1a34
 .debug_loc     0x0000000000000000      0x90d /Users/wavelife/Documents/UOC/TFC/pfc/FreeRTOS_Library/Debug/libFreeRTOS_Library.a(queue.o)
 .debug_loc     0x000000000000090d      0xe57 /Users/wavelife/Documents/UOC/TFC/pfc/FreeRTOS_Library/Debug/libFreeRTOS_Library.a(tasks.o)
 .debug_loc     0x0000000000001764      0x22d /Users/wavelife/Documents/UOC/TFC/pfc/FreeRTOS_Library/Debug/libFreeRTOS_Library.a(heap_2.o)
 .debug_loc     0x0000000000001991       0x5f /Users/wavelife/Documents/UOC/TFC/pfc/FreeRTOS_Library/Debug/libFreeRTOS_Library.a(port.o)
 .debug_loc     0x00000000000019f0       0x44 /Users/wavelife/Documents/UOC/TFC/pfc/FreeRTOS_Library/Debug/libFreeRTOS_Library.a(list.o)
