Archive member included because of file (symbol)

/Users/wavelife/Documents/UOC/TFC/pfc/LPC1769_UOC_Library/Debug/libLPC1769_UOC_Library.a(log.o)
                              ./main.o (Log_start)
/Users/wavelife/Documents/UOC/TFC/pfc/LPC1769_UOC_Library/Debug/libLPC1769_UOC_Library.a(printf.o)
                              ./main.o (Printf_start)
/Users/wavelife/Documents/UOC/TFC/pfc/LPC1769_UOC_Library/Debug/libLPC1769_UOC_Library.a(uart.o)
                              ./main.o (UART0Buffer)
/Users/wavelife/Documents/UOC/TFC/pfc/CMSISv2p00_LPC17xx/Debug/libCMSISv2p00_LPC17xx.a(system_LPC17xx.o)
                              ./cr_startup_lpc17.o (SystemInit)
/Users/wavelife/Documents/UOC/TFC/pfc/FreeRTOS_Library/Debug/libFreeRTOS_Library.a(port.o)
                              ./cr_startup_lpc17.o (vPortSVCHandler)
/Users/wavelife/Documents/UOC/TFC/pfc/FreeRTOS_Library/Debug/libFreeRTOS_Library.a(queue.o)
                              ./main.o (xQueueGenericCreate)
/Users/wavelife/Documents/UOC/TFC/pfc/FreeRTOS_Library/Debug/libFreeRTOS_Library.a(tasks.o)
                              ./main.o (xTaskGenericCreate)
/Users/wavelife/Documents/UOC/TFC/pfc/FreeRTOS_Library/Debug/libFreeRTOS_Library.a(heap_2.o)
                              /Users/wavelife/Documents/UOC/TFC/pfc/FreeRTOS_Library/Debug/libFreeRTOS_Library.a(queue.o) (pvPortMalloc)
/Users/wavelife/Documents/UOC/TFC/pfc/FreeRTOS_Library/Debug/libFreeRTOS_Library.a(list.o)
                              /Users/wavelife/Documents/UOC/TFC/pfc/FreeRTOS_Library/Debug/libFreeRTOS_Library.a(queue.o) (vListInitialise)
/Applications/lpcxpresso_7.6.2_326/lpcxpresso/tools/bin/../lib/gcc/arm-none-eabi/4.9.3/../../../../arm-none-eabi/lib/armv7-m/libcr_nohost.a(_cr__main.o)
                              ./cr_startup_lpc17.o (__main)
/Applications/lpcxpresso_7.6.2_326/lpcxpresso/tools/bin/../lib/gcc/arm-none-eabi/4.9.3/../../../../arm-none-eabi/lib/armv7-m/libcr_c.a(memcpy.o)
                              /Users/wavelife/Documents/UOC/TFC/pfc/FreeRTOS_Library/Debug/libFreeRTOS_Library.a(queue.o) (memcpy)
/Applications/lpcxpresso_7.6.2_326/lpcxpresso/tools/bin/../lib/gcc/arm-none-eabi/4.9.3/../../../../arm-none-eabi/lib/armv7-m/libcr_c.a(memset.o)
                              ./main.o (memset)
/Applications/lpcxpresso_7.6.2_326/lpcxpresso/tools/bin/../lib/gcc/arm-none-eabi/4.9.3/../../../../arm-none-eabi/lib/armv7-m/libcr_c.a(fpprintf.o)
                              /Users/wavelife/Documents/UOC/TFC/pfc/FreeRTOS_Library/Debug/libFreeRTOS_Library.a(tasks.o) (sprintf)
/Applications/lpcxpresso_7.6.2_326/lpcxpresso/tools/bin/../lib/gcc/arm-none-eabi/4.9.3/../../../../arm-none-eabi/lib/armv7-m/libcr_c.a(initio.o)
                              /Applications/lpcxpresso_7.6.2_326/lpcxpresso/tools/bin/../lib/gcc/arm-none-eabi/4.9.3/../../../../arm-none-eabi/lib/armv7-m/libcr_nohost.a(_cr__main.o) (_initio)
/Applications/lpcxpresso_7.6.2_326/lpcxpresso/tools/bin/../lib/gcc/arm-none-eabi/4.9.3/../../../../arm-none-eabi/lib/armv7-m/libcr_c.a(printf.o)
                              /Applications/lpcxpresso_7.6.2_326/lpcxpresso/tools/bin/../lib/gcc/arm-none-eabi/4.9.3/../../../../arm-none-eabi/lib/armv7-m/libcr_c.a(fpprintf.o) (__vfprintf)
/Applications/lpcxpresso_7.6.2_326/lpcxpresso/tools/bin/../lib/gcc/arm-none-eabi/4.9.3/../../../../arm-none-eabi/lib/armv7-m/libcr_c.a(setvbuf.o)
                              /Applications/lpcxpresso_7.6.2_326/lpcxpresso/tools/bin/../lib/gcc/arm-none-eabi/4.9.3/../../../../arm-none-eabi/lib/armv7-m/libcr_c.a(initio.o) (setvbuf)
/Applications/lpcxpresso_7.6.2_326/lpcxpresso/tools/bin/../lib/gcc/arm-none-eabi/4.9.3/../../../../arm-none-eabi/lib/armv7-m/libcr_c.a(stdio.o)
                              /Applications/lpcxpresso_7.6.2_326/lpcxpresso/tools/bin/../lib/gcc/arm-none-eabi/4.9.3/../../../../arm-none-eabi/lib/armv7-m/libcr_c.a(fpprintf.o) (__Ciob)
/Applications/lpcxpresso_7.6.2_326/lpcxpresso/tools/bin/../lib/gcc/arm-none-eabi/4.9.3/../../../../arm-none-eabi/lib/armv7-m/libcr_c.a(strcat.o)
                              /Users/wavelife/Documents/UOC/TFC/pfc/FreeRTOS_Library/Debug/libFreeRTOS_Library.a(tasks.o) (strcat)
/Applications/lpcxpresso_7.6.2_326/lpcxpresso/tools/bin/../lib/gcc/arm-none-eabi/4.9.3/../../../../arm-none-eabi/lib/armv7-m/libcr_c.a(strlen.o)
                              ./main.o (strlen)
/Applications/lpcxpresso_7.6.2_326/lpcxpresso/tools/bin/../lib/gcc/arm-none-eabi/4.9.3/../../../../arm-none-eabi/lib/armv7-m/libcr_c.a(strncpy.o)
                              /Users/wavelife/Documents/UOC/TFC/pfc/LPC1769_UOC_Library/Debug/libLPC1769_UOC_Library.a(printf.o) (strncpy)
/Applications/lpcxpresso_7.6.2_326/lpcxpresso/tools/bin/../lib/gcc/arm-none-eabi/4.9.3/../../../../arm-none-eabi/lib/armv7-m/libcr_c.a(__fillbuf.o)
                              /Applications/lpcxpresso_7.6.2_326/lpcxpresso/tools/bin/../lib/gcc/arm-none-eabi/4.9.3/../../../../arm-none-eabi/lib/armv7-m/libcr_c.a(stdio.o) (__filbuf)
[...]
Memory Configuration

Name             Origin             Length             Attributes
MFlash512        0x0000000000000000 0x0000000000080000 xr
RamLoc32         0x0000000010000000 0x0000000000008000 xrw
RamAHB32         0x000000002007c000 0x0000000000008000 xrw
*default*        0x0000000000000000 0xffffffffffffffff

Linker script and memory map

LOAD ./cr_startup_lpc17.o
LOAD ./main.o
LOAD /Users/wavelife/Documents/UOC/TFC/pfc/LPC1769_UOC_Library/Debug/libLPC1769_UOC_Library.a
LOAD /Users/wavelife/Documents/UOC/TFC/pfc/CMSISv2p00_LPC17xx/Debug/libCMSISv2p00_LPC17xx.a
LOAD /Users/wavelife/Documents/UOC/TFC/pfc/FreeRTOS_Library/Debug/libFreeRTOS_Library.a
START GROUP
LOAD /Applications/lpcxpresso_7.6.2_326/lpcxpresso/tools/bin/../lib/gcc/arm-none-eabi/4.9.3/../../../../arm-none-eabi/lib/armv7-m/libcr_nohost.a
LOAD /Applications/lpcxpresso_7.6.2_326/lpcxpresso/tools/bin/../lib/gcc/arm-none-eabi/4.9.3/../../../../arm-none-eabi/lib/armv7-m/libcr_c.a
LOAD /Applications/lpcxpresso_7.6.2_326/lpcxpresso/tools/bin/../lib/gcc/arm-none-eabi/4.9.3/armv7-m/libcr_eabihelpers.a
END GROUP
                0x0000000000080000                __top_MFlash512 = 0x80000
                0x0000000010008000                __top_RamLoc32 = 0x10008000
                0x0000000020084000                __top_RamAHB32 = 0x20084000

.text           0x0000000000000000     0x5228
 FILL mask 0xff
                0x0000000000000000                __vectors_start__ = ABSOLUTE (.)
 *(.isr_vector)
 .isr_vector    0x0000000000000000       0xcc ./cr_startup_lpc17.o
                0x0000000000000000                g_pfnVectors
                0x00000000000000cc                . = ALIGN (0x4)
                0x00000000000000cc                __section_table_start = .
                0x00000000000000cc                __data_section_table = .
                0x00000000000000cc        0x4 LONG 0x5228 LOADADDR (.data)
                0x00000000000000d0        0x4 LONG 0x10000000 ADDR (.data)
                0x00000000000000d4        0x4 LONG 0x28 SIZEOF (.data)
                0x00000000000000d8        0x4 LONG 0x5228 LOADADDR (.data_RAM2)
                0x00000000000000dc        0x4 LONG 0x2007c000 ADDR (.data_RAM2)
                0x00000000000000e0        0x4 LONG 0x0 SIZEOF (.data_RAM2)
                0x00000000000000e4                __data_section_table_end = .
                0x00000000000000e4                __bss_section_table = .
                0x00000000000000e4        0x4 LONG 0x10000028 ADDR (.bss)
                0x00000000000000e8        0x4 LONG 0x504c SIZEOF (.bss)
                0x00000000000000ec        0x4 LONG 0x2007c000 ADDR (.bss_RAM2)
                0x00000000000000f0        0x4 LONG 0x0 SIZEOF (.bss_RAM2)
                0x00000000000000f4                __bss_section_table_end = .
                0x00000000000000f4                __section_table_end = .
 *(.after_vectors*)
 *(.text*)
 .text.NMI_Handler
                0x00000000000000f4        0x4 ./cr_startup_lpc17.o
                0x00000000000000f4                NMI_Handler
 .text.HardFault_Handler
                0x00000000000000f8        0x4 ./cr_startup_lpc17.o
                0x00000000000000f8                HardFault_Handler
 .text.MemManage_Handler
                0x00000000000000fc        0x4 ./cr_startup_lpc17.o
                0x00000000000000fc                MemManage_Handler
 .text.BusFault_Handler
                0x0000000000000100        0x4 ./cr_startup_lpc17.o
                0x0000000000000100                BusFault_Handler
 .text.UsageFault_Handler
                0x0000000000000104        0x4 ./cr_startup_lpc17.o
                0x0000000000000104                UsageFault_Handler
 .text.DebugMon_Handler
                0x0000000000000108        0x4 ./cr_startup_lpc17.o
                0x0000000000000108                DebugMon_Handler
 .text.IntDefaultHandler
                0x000000000000010c        0x4 ./cr_startup_lpc17.o
                0x000000000000010c                ENET_IRQHandler
                0x000000000000010c                RIT_IRQHandler
                0x000000000000010c                I2C0_IRQHandler
                0x000000000000010c                USBActivity_IRQHandler
                0x000000000000010c                PWM1_IRQHandler
                0x000000000000010c                I2C1_IRQHandler
                0x000000000000010c                EINT2_IRQHandler
                0x000000000000010c                EINT3_IRQHandler
                0x000000000000010c                CANActivity_IRQHandler
                0x000000000000010c                TIMER3_IRQHandler
                0x000000000000010c                IntDefaultHandler
                0x000000000000010c                PLL0_IRQHandler
                0x000000000000010c                CAN_IRQHandler
                0x000000000000010c                PLL1_IRQHandler
                0x000000000000010c                SSP0_IRQHandler
                0x000000000000010c                I2S_IRQHandler
                0x000000000000010c                I2C2_IRQHandler
                0x000000000000010c                RTC_IRQHandler
                0x000000000000010c                TIMER0_IRQHandler
                0x000000000000010c                SPI_IRQHandler
                0x000000000000010c                EINT1_IRQHandler
                0x000000000000010c                TIMER1_IRQHandler
                0x000000000000010c                ADC_IRQHandler
                0x000000000000010c                SSP1_IRQHandler
                0x000000000000010c                USB_IRQHandler
                0x000000000000010c                BOD_IRQHandler
                0x000000000000010c                WDT_IRQHandler
                0x000000000000010c                QEI_IRQHandler
                0x000000000000010c                EINT0_IRQHandler
                0x000000000000010c                DMA_IRQHandler
                0x000000000000010c                MCPWM_IRQHandler
                0x000000000000010c                TIMER2_IRQHandler
 .text.ResetISR
                0x0000000000000110       0x58 ./cr_startup_lpc17.o
                0x0000000000000110                ResetISR
 .text.test1    0x0000000000000168       0x84 ./main.o
                0x0000000000000168                test1
 .text.test2    0x00000000000001ec       0x7c ./main.o
                0x00000000000001ec                test2
 .text.test3    0x0000000000000268       0xe0 ./main.o
                0x0000000000000268                test3
 .text.test4    0x0000000000000348       0x78 ./main.o
                0x0000000000000348                test4
 .text.main     0x00000000000003c0      0x158 ./main.o
                0x00000000000003c0                main
 .text.Log_start
                0x0000000000000518       0x40 /Users/wavelife/Documents/UOC/TFC/pfc/LPC1769_UOC_Library/Debug/libLPC1769_UOC_Library.a(log.o)
                0x0000000000000518                Log_start
 .text.Log_log  0x0000000000000558       0x9c /Users/wavelife/Documents/UOC/TFC/pfc/LPC1769_UOC_Library/Debug/libLPC1769_UOC_Library.a(log.o)
                0x0000000000000558                Log_log
 .text.Printf_conf
                0x00000000000005f4       0xe4 /Users/wavelife/Documents/UOC/TFC/pfc/LPC1769_UOC_Library/Debug/libLPC1769_UOC_Library.a(printf.o)
                0x00000000000005f4                Printf_conf
 .text.Printf_start
                0x00000000000006d8       0x70 /Users/wavelife/Documents/UOC/TFC/pfc/LPC1769_UOC_Library/Debug/libLPC1769_UOC_Library.a(printf.o)
                0x00000000000006d8                Printf_start
 .text.printf_send
                0x0000000000000748       0x8c /Users/wavelife/Documents/UOC/TFC/pfc/LPC1769_UOC_Library/Debug/libLPC1769_UOC_Library.a(printf.o)
                0x0000000000000748                printf_send
 .text.Printf_print
                0x00000000000007d4       0x84 /Users/wavelife/Documents/UOC/TFC/pfc/LPC1769_UOC_Library/Debug/libLPC1769_UOC_Library.a(printf.o)
                0x00000000000007d4                Printf_print
 .text.Printf_vsprint
                0x0000000000000858       0x78 /Users/wavelife/Documents/UOC/TFC/pfc/LPC1769_UOC_Library/Debug/libLPC1769_UOC_Library.a(printf.o)
                0x0000000000000858                Printf_vsprint
 .text.Printf_scanf
                0x00000000000008d0      0x108 /Users/wavelife/Documents/UOC/TFC/pfc/LPC1769_UOC_Library/Debug/libLPC1769_UOC_Library.a(printf.o)
                0x00000000000008d0                Printf_scanf
 .text.Printf_transactionOn
                0x00000000000009d8       0x84 /Users/wavelife/Documents/UOC/TFC/pfc/LPC1769_UOC_Library/Debug/libLPC1769_UOC_Library.a(printf.o)
                0x00000000000009d8                Printf_transactionOn
 .text.Printf_transactionOff
                0x0000000000000a5c       0x2c /Users/wavelife/Documents/UOC/TFC/pfc/LPC1769_UOC_Library/Debug/libLPC1769_UOC_Library.a(printf.o)
                0x0000000000000a5c                Printf_transactionOff
 .text.Printf_delayMs
                0x0000000000000a88       0x30 /Users/wavelife/Documents/UOC/TFC/pfc/LPC1769_UOC_Library/Debug/libLPC1769_UOC_Library.a(printf.o)
                0x0000000000000a88                Printf_delayMs
 .text.NVIC_EnableIRQ
                0x0000000000000ab8       0x30 /Users/wavelife/Documents/UOC/TFC/pfc/LPC1769_UOC_Library/Debug/libLPC1769_UOC_Library.a(uart.o)
 .text.UART0_IRQHandler
                0x0000000000000ae8       0xf4 /Users/wavelife/Documents/UOC/TFC/pfc/LPC1769_UOC_Library/Debug/libLPC1769_UOC_Library.a(uart.o)
                0x0000000000000ae8                UART0_IRQHandler
 .text.UART1_IRQHandler
                0x0000000000000bdc       0xf4 /Users/wavelife/Documents/UOC/TFC/pfc/LPC1769_UOC_Library/Debug/libLPC1769_UOC_Library.a(uart.o)
                0x0000000000000bdc                UART1_IRQHandler
 .text.UART2_IRQHandler
                0x0000000000000cd0       0xf4 /Users/wavelife/Documents/UOC/TFC/pfc/LPC1769_UOC_Library/Debug/libLPC1769_UOC_Library.a(uart.o)
                0x0000000000000cd0                UART2_IRQHandler
 .text.UART3_IRQHandler
                0x0000000000000dc4       0xf4 /Users/wavelife/Documents/UOC/TFC/pfc/LPC1769_UOC_Library/Debug/libLPC1769_UOC_Library.a(uart.o)
                0x0000000000000dc4                UART3_IRQHandler
 .text.UARTInit
                0x0000000000000eb8      0x2d8 /Users/wavelife/Documents/UOC/TFC/pfc/LPC1769_UOC_Library/Debug/libLPC1769_UOC_Library.a(uart.o)
                0x0000000000000eb8                UARTInit
 .text.UARTSend
                0x0000000000001190       0xdc /Users/wavelife/Documents/UOC/TFC/pfc/LPC1769_UOC_Library/Debug/libLPC1769_UOC_Library.a(uart.o)
                0x0000000000001190                UARTSend
 .text.SystemInit
                0x000000000000126c       0x9c /Users/wavelife/Documents/UOC/TFC/pfc/CMSISv2p00_LPC17xx/Debug/libCMSISv2p00_LPC17xx.a(system_LPC17xx.o)
                0x000000000000126c                SystemInit
 .text          0x0000000000001308      0x130 /Users/wavelife/Documents/UOC/TFC/pfc/FreeRTOS_Library/Debug/libFreeRTOS_Library.a(port.o)
                0x0000000000001308                pxPortInitialiseStack
                0x0000000000001324                vPortSVCHandler
                0x0000000000001344                vPortStartFirstTask
                0x0000000000001354                xPortStartScheduler
                0x0000000000001390                vPortEndScheduler
                0x0000000000001394                vPortYieldFromISR
                0x00000000000013a4                vPortEnterCritical
                0x00000000000013bc                vPortExitCritical
                0x00000000000013d4                xPortPendSVHandler
                0x0000000000001410                xPortSysTickHandler
 .text          0x0000000000001438      0x574 /Users/wavelife/Documents/UOC/TFC/pfc/FreeRTOS_Library/Debug/libFreeRTOS_Library.a(queue.o)
                0x0000000000001534                xQueueGenericCreate
                0x000000000000159c                xQueueGenericSend
                0x0000000000001678                xQueueCreateMutex
                0x00000000000016c4                xQueueGiveMutexRecursive
                0x00000000000016f4                xQueueGenericSendFromISR
                0x000000000000174c                xQueueGenericReceive
                0x000000000000185c                xQueueTakeMutexRecursive
                0x0000000000001890                xQueueReceiveFromISR
                0x00000000000018ec                uxQueueMessagesWaiting
                0x0000000000001900                uxQueueMessagesWaitingFromISR
                0x0000000000001904                vQueueDelete
                0x0000000000001944                ucQueueGetQueueNumber
                0x000000000000194c                vQueueSetQueueNumber
                0x0000000000001954                ucQueueGetQueueType
                0x000000000000195c                xQueueIsQueueEmptyFromISR
                0x0000000000001968                xQueueIsQueueFullFromISR
                0x0000000000001978                vQueueAddToRegistry
 .text          0x00000000000019ac      0xc0c /Users/wavelife/Documents/UOC/TFC/pfc/FreeRTOS_Library/Debug/libFreeRTOS_Library.a(tasks.o)
                0x0000000000001a7c                xTaskGenericCreate
                0x0000000000001c14                vTaskDelete
                0x0000000000001c7c                uxTaskPriorityGet
                0x0000000000001c98                vTaskPrioritySet
                0x0000000000001d30                xTaskIsTaskSuspended
                0x0000000000001d54                vTaskResume
                0x0000000000001db8                xTaskResumeFromISR
                0x0000000000001e38                vTaskStartScheduler
                0x0000000000001e80                vTaskEndScheduler
                0x0000000000001e9c                vTaskSuspendAll
                0x0000000000001eb0                xTaskGetTickCount
                0x0000000000001ec8                xTaskGetTickCountFromISR
                0x0000000000001ee4                uxTaskGetNumberOfTasks
                0x0000000000001ef0                vTaskIncrementTick
                0x0000000000001fd4                xTaskResumeAll
                0x00000000000020a8                vTaskDelayUntil
                0x0000000000002108                vTaskDelay
                0x000000000000218c                vTaskList
                0x0000000000002248                vTaskSwitchContext
                0x00000000000022d8                vTaskSuspend
                0x0000000000002384                vTaskPlaceOnEventList
                0x00000000000023c0                xTaskRemoveFromEventList
                0x000000000000242c                vTaskSetTimeOutState
                0x0000000000002440                xTaskCheckForTimeOut
                0x00000000000024a0                vTaskMissedYield
                0x00000000000024b0                uxTaskGetTaskNumber
                0x00000000000024bc                vTaskSetTaskNumber
                0x00000000000024c4                uxTaskGetStackHighWaterMark
                0x00000000000024f0                xTaskGetCurrentTaskHandle
                0x00000000000024fc                vTaskPriorityInherit
                0x000000000000256c                vTaskPriorityDisinherit
 .text          0x00000000000025b8      0x11c /Users/wavelife/Documents/UOC/TFC/pfc/FreeRTOS_Library/Debug/libFreeRTOS_Library.a(heap_2.o)
                0x00000000000025b8                pvPortMalloc
                0x0000000000002680                vPortFree
                0x00000000000026c4                xPortGetFreeHeapSize
                0x00000000000026d0                vPortInitialiseBlocks
 .text          0x00000000000026d4       0x9c /Users/wavelife/Documents/UOC/TFC/pfc/FreeRTOS_Library/Debug/libFreeRTOS_Library.a(list.o)
                0x00000000000026d4                vListInitialise
                0x00000000000026ec                vListInitialiseItem
                0x00000000000026f4                vListInsertEnd
                0x0000000000002710                vListInsert
                0x000000000000274c                vListRemove
 .text.__main   0x0000000000002770       0x14 /Applications/lpcxpresso_7.6.2_326/lpcxpresso/tools/bin/../lib/gcc/arm-none-eabi/4.9.3/../../../../arm-none-eabi/lib/armv7-m/libcr_nohost.a(_cr__main.o)
                0x0000000000002770                __main
 .text.memcpy   0x0000000000002784        0x4 /Applications/lpcxpresso_7.6.2_326/lpcxpresso/tools/bin/../lib/gcc/arm-none-eabi/4.9.3/../../../../arm-none-eabi/lib/armv7-m/libcr_c.a(memcpy.o)
                0x0000000000002784                memcpy
 .text.memset   0x0000000000002788        0x4 /Applications/lpcxpresso_7.6.2_326/lpcxpresso/tools/bin/../lib/gcc/arm-none-eabi/4.9.3/../../../../arm-none-eabi/lib/armv7-m/libcr_c.a(memset.o)
                0x0000000000002788                memset
 .text.fp_round
                0x000000000000278c       0x4a /Applications/lpcxpresso_7.6.2_326/lpcxpresso/tools/bin/../lib/gcc/arm-none-eabi/4.9.3/../../../../arm-none-eabi/lib/armv7-m/libcr_c.a(fpprintf.o)
 .text.pr_dec.constprop.1
                0x00000000000027d6       0x26 /Applications/lpcxpresso_7.6.2_326/lpcxpresso/tools/bin/../lib/gcc/arm-none-eabi/4.9.3/../../../../arm-none-eabi/lib/armv7-m/libcr_c.a(fpprintf.o)
 .text.sprintf  0x00000000000027fc       0x6c /Applications/lpcxpresso_7.6.2_326/lpcxpresso/tools/bin/../lib/gcc/arm-none-eabi/4.9.3/../../../../arm-none-eabi/lib/armv7-m/libcr_c.a(fpprintf.o)
                0x00000000000027fc                sprintf
 .text.fp_display
                0x0000000000002868      0x900 /Applications/lpcxpresso_7.6.2_326/lpcxpresso/tools/bin/../lib/gcc/arm-none-eabi/4.9.3/../../../../arm-none-eabi/lib/armv7-m/libcr_c.a(fpprintf.o)
 .text.vsprintf
                0x0000000000003168       0x5c /Applications/lpcxpresso_7.6.2_326/lpcxpresso/tools/bin/../lib/gcc/arm-none-eabi/4.9.3/../../../../arm-none-eabi/lib/armv7-m/libcr_c.a(fpprintf.o)
                0x0000000000003168                vsprintf
 .text.vsnprintf
                0x00000000000031c4       0x5c /Applications/lpcxpresso_7.6.2_326/lpcxpresso/tools/bin/../lib/gcc/arm-none-eabi/4.9.3/../../../../arm-none-eabi/lib/armv7-m/libcr_c.a(fpprintf.o)
                0x00000000000031c4                vsnprintf
 .text.printf   0x0000000000003220       0x54 /Applications/lpcxpresso_7.6.2_326/lpcxpresso/tools/bin/../lib/gcc/arm-none-eabi/4.9.3/../../../../arm-none-eabi/lib/armv7-m/libcr_c.a(fpprintf.o)
                0x0000000000003220                printf
 .text._initio  0x0000000000003274       0xa4 /Applications/lpcxpresso_7.6.2_326/lpcxpresso/tools/bin/../lib/gcc/arm-none-eabi/4.9.3/../../../../arm-none-eabi/lib/armv7-m/libcr_c.a(initio.o)
                0x0000000000003274                _initio
 .text.__vfprintf
                0x0000000000003318      0xca4 /Applications/lpcxpresso_7.6.2_326/lpcxpresso/tools/bin/../lib/gcc/arm-none-eabi/4.9.3/../../../../arm-none-eabi/lib/armv7-m/libcr_c.a(printf.o)
                0x0000000000003318                __vfprintf
 .text.setvbuf  0x0000000000003fbc       0x40 /Applications/lpcxpresso_7.6.2_326/lpcxpresso/tools/bin/../lib/gcc/arm-none-eabi/4.9.3/../../../../arm-none-eabi/lib/armv7-m/libcr_c.a(setvbuf.o)
                0x0000000000003fbc                setvbuf
 .text.strcat   0x0000000000003ffc       0x1e /Applications/lpcxpresso_7.6.2_326/lpcxpresso/tools/bin/../lib/gcc/arm-none-eabi/4.9.3/../../../../arm-none-eabi/lib/armv7-m/libcr_c.a(strcat.o)
                0x0000000000003ffc                strcat
 .text.strlen   0x000000000000401a       0x4a /Applications/lpcxpresso_7.6.2_326/lpcxpresso/tools/bin/../lib/gcc/arm-none-eabi/4.9.3/../../../../arm-none-eabi/lib/armv7-m/libcr_c.a(strlen.o)
                0x000000000000401a                strlen
 .text.strncpy  0x0000000000004064       0x58 /Applications/lpcxpresso_7.6.2_326/lpcxpresso/tools/bin/../lib/gcc/arm-none-eabi/4.9.3/../../../../arm-none-eabi/lib/armv7-m/libcr_c.a(strncpy.o)
                0x0000000000004064                strncpy
 .text._deferredlazyseek
                0x00000000000040bc       0x44 /Applications/lpcxpresso_7.6.2_326/lpcxpresso/tools/bin/../lib/gcc/arm-none-eabi/4.9.3/../../../../arm-none-eabi/lib/armv7-m/libcr_c.a(_deferredlazyseek.o)
                0x00000000000040bc                _deferredlazyseek
 .text.__flsbuf
                0x0000000000004100      0x142 /Applications/lpcxpresso_7.6.2_326/lpcxpresso/tools/bin/../lib/gcc/arm-none-eabi/4.9.3/../../../../arm-none-eabi/lib/armv7-m/libcr_c.a(_deferredlazyseek.o)
                0x0000000000004100                __flsbuf
 .text._fdopen  0x0000000000004242       0x6a /Applications/lpcxpresso_7.6.2_326/lpcxpresso/tools/bin/../lib/gcc/arm-none-eabi/4.9.3/../../../../arm-none-eabi/lib/armv7-m/libcr_c.a(_fdopen.o)
                0x0000000000004242                _fdopen
 .text._fflush  0x00000000000042ac       0x58 /Applications/lpcxpresso_7.6.2_326/lpcxpresso/tools/bin/../lib/gcc/arm-none-eabi/4.9.3/../../../../arm-none-eabi/lib/armv7-m/libcr_c.a(_fflush.o)
                0x00000000000042ac                _fflush
 .text._frexpl  0x0000000000004304       0x5a /Applications/lpcxpresso_7.6.2_326/lpcxpresso/tools/bin/../lib/gcc/arm-none-eabi/4.9.3/../../../../arm-none-eabi/lib/armv7-m/libcr_c.a(_frexpl.o)
                0x0000000000004304                _frexpl
 *fill*         0x000000000000435e        0x2 
 .text._ldexpl  0x0000000000004360       0x4c /Applications/lpcxpresso_7.6.2_326/lpcxpresso/tools/bin/../lib/gcc/arm-none-eabi/4.9.3/../../../../arm-none-eabi/lib/armv7-m/libcr_c.a(_ldexpl.o)
                0x0000000000004360                _ldexpl
 .text._Cwritebuf
                0x00000000000043ac       0x70 /Applications/lpcxpresso_7.6.2_326/lpcxpresso/tools/bin/../lib/gcc/arm-none-eabi/4.9.3/../../../../arm-none-eabi/lib/armv7-m/libcr_c.a(_writebuf.o)
                0x00000000000043ac                _Cwritebuf
 .text.malloc   0x000000000000441c       0xcc /Applications/lpcxpresso_7.6.2_326/lpcxpresso/tools/bin/../lib/gcc/arm-none-eabi/4.9.3/../../../../arm-none-eabi/lib/armv7-m/libcr_c.a(alloc.o)
                0x000000000000441c                malloc
 .text.free     0x00000000000044e8       0x30 /Applications/lpcxpresso_7.6.2_326/lpcxpresso/tools/bin/../lib/gcc/arm-none-eabi/4.9.3/../../../../arm-none-eabi/lib/armv7-m/libcr_c.a(alloc.o)
                0x00000000000044e8                free
 .text._Csys_alloc
                0x0000000000004518       0x20 /Applications/lpcxpresso_7.6.2_326/lpcxpresso/tools/bin/../lib/gcc/arm-none-eabi/4.9.3/../../../../arm-none-eabi/lib/armv7-m/libcr_c.a(alloc.o)
                0x0000000000004518                _Csys_alloc
 .text.fclose   0x0000000000004538       0x6c /Applications/lpcxpresso_7.6.2_326/lpcxpresso/tools/bin/../lib/gcc/arm-none-eabi/4.9.3/../../../../arm-none-eabi/lib/armv7-m/libcr_c.a(fclose.o)
                0x0000000000004538                fclose
 .text.fflush   0x00000000000045a4       0x30 /Applications/lpcxpresso_7.6.2_326/lpcxpresso/tools/bin/../lib/gcc/arm-none-eabi/4.9.3/../../../../arm-none-eabi/lib/armv7-m/libcr_c.a(fflush.o)
                0x00000000000045a4                fflush
 .text.fseek    0x00000000000045d4      0x110 /Applications/lpcxpresso_7.6.2_326/lpcxpresso/tools/bin/../lib/gcc/arm-none-eabi/4.9.3/../../../../arm-none-eabi/lib/armv7-m/libcr_c.a(fseek.o)
                0x00000000000045d4                fseek
 .text.ftell    0x00000000000046e4       0x4c /Applications/lpcxpresso_7.6.2_326/lpcxpresso/tools/bin/../lib/gcc/arm-none-eabi/4.9.3/../../../../arm-none-eabi/lib/armv7-m/libcr_c.a(ftell.o)
                0x00000000000046e4                ftell
 .text.remove   0x0000000000004730       0x14 /Applications/lpcxpresso_7.6.2_326/lpcxpresso/tools/bin/../lib/gcc/arm-none-eabi/4.9.3/../../../../arm-none-eabi/lib/armv7-m/libcr_c.a(remove.o)
                0x0000000000004730                remove
 .text._sbrk    0x0000000000004744       0x40 /Applications/lpcxpresso_7.6.2_326/lpcxpresso/tools/bin/../lib/gcc/arm-none-eabi/4.9.3/../../../../arm-none-eabi/lib/armv7-m/libcr_c.a(_cr_sbrk.o)
                0x0000000000004744                _sbrk
 .text._do_fflush
                0x0000000000004784       0x44 /Applications/lpcxpresso_7.6.2_326/lpcxpresso/tools/bin/../lib/gcc/arm-none-eabi/4.9.3/../../../../arm-none-eabi/lib/armv7-m/libcr_c.a(_do_fflush.o)
                0x0000000000004784                _do_fflush
 .text.__check_heap_overflow
                0x00000000000047c8       0x18 /Applications/lpcxpresso_7.6.2_326/lpcxpresso/tools/bin/../lib/gcc/arm-none-eabi/4.9.3/../../../../arm-none-eabi/lib/armv7-m/libcr_c.a(_cr_check_heap.o)
                0x00000000000047c8                __check_heap_overflow
 .text.__aeabi_dmul
                0x00000000000047e0      0x120 /Applications/lpcxpresso_7.6.2_326/lpcxpresso/tools/bin/../lib/gcc/arm-none-eabi/4.9.3/armv7-m/libcr_eabihelpers.a(double.o)
                0x00000000000047e0                __aeabi_dmul
 .text.__aeabi_ddiv
                0x0000000000004900      0x150 /Applications/lpcxpresso_7.6.2_326/lpcxpresso/tools/bin/../lib/gcc/arm-none-eabi/4.9.3/armv7-m/libcr_eabihelpers.a(double.o)
                0x0000000000004900                __aeabi_ddiv
 .text.__aeabi_dsub
                0x0000000000004a50      0x1d8 /Applications/lpcxpresso_7.6.2_326/lpcxpresso/tools/bin/../lib/gcc/arm-none-eabi/4.9.3/armv7-m/libcr_eabihelpers.a(double.o)
                0x0000000000004a50                __aeabi_dsub
 .text.__aeabi_dadd
                0x0000000000004c28      0x134 /Applications/lpcxpresso_7.6.2_326/lpcxpresso/tools/bin/../lib/gcc/arm-none-eabi/4.9.3/armv7-m/libcr_eabihelpers.a(double.o)
                0x0000000000004c28                __aeabi_dadd
 .text.__aeabi_d2iz
                0x0000000000004d5c       0x40 /Applications/lpcxpresso_7.6.2_326/lpcxpresso/tools/bin/../lib/gcc/arm-none-eabi/4.9.3/armv7-m/libcr_eabihelpers.a(double.o)
                0x0000000000004d5c                __aeabi_d2iz
 .text.__bhs_ui2d
                0x0000000000004d9c       0x48 /Applications/lpcxpresso_7.6.2_326/lpcxpresso/tools/bin/../lib/gcc/arm-none-eabi/4.9.3/armv7-m/libcr_eabihelpers.a(double.o)
                0x0000000000004d9c                __bhs_ui2d
 .text.__aeabi_i2d
                0x0000000000004de4       0x14 /Applications/lpcxpresso_7.6.2_326/lpcxpresso/tools/bin/../lib/gcc/arm-none-eabi/4.9.3/armv7-m/libcr_eabihelpers.a(double.o)
                0x0000000000004de4                __aeabi_i2d
 .text.__aeabi_dcmpeq
                0x0000000000004df8       0x2c /Applications/lpcxpresso_7.6.2_326/lpcxpresso/tools/bin/../lib/gcc/arm-none-eabi/4.9.3/armv7-m/libcr_eabihelpers.a(double.o)
                0x0000000000004df8                __aeabi_dcmpeq
 .text.__aeabi_dcmplt
                0x0000000000004e24       0x5c /Applications/lpcxpresso_7.6.2_326/lpcxpresso/tools/bin/../lib/gcc/arm-none-eabi/4.9.3/armv7-m/libcr_eabihelpers.a(double.o)
                0x0000000000004e24                __aeabi_dcmplt
 .text.__aeabi_dcmple
                0x0000000000004e80       0x5c /Applications/lpcxpresso_7.6.2_326/lpcxpresso/tools/bin/../lib/gcc/arm-none-eabi/4.9.3/armv7-m/libcr_eabihelpers.a(double.o)
                0x0000000000004e80                __aeabi_dcmple
 .text.__aeabi_dcmpge
                0x0000000000004edc       0x5c /Applications/lpcxpresso_7.6.2_326/lpcxpresso/tools/bin/../lib/gcc/arm-none-eabi/4.9.3/armv7-m/libcr_eabihelpers.a(double.o)
                0x0000000000004edc                __aeabi_dcmpge
 .text.__aeabi_memcpy
                0x0000000000004f38       0x34 /Applications/lpcxpresso_7.6.2_326/lpcxpresso/tools/bin/../lib/gcc/arm-none-eabi/4.9.3/armv7-m/libcr_eabihelpers.a(memcpy.o)
                0x0000000000004f38                __aeabi_memcpy
                0x0000000000004f42                __aeabi_memcpy4
                0x0000000000004f42                __aeabi_memcpy8
 .text.__aeabi_memset_lowlevel
                0x0000000000004f6c       0x32 /Applications/lpcxpresso_7.6.2_326/lpcxpresso/tools/bin/../lib/gcc/arm-none-eabi/4.9.3/armv7-m/libcr_eabihelpers.a(memcpy.o)
                0x0000000000004f6c                __aeabi_lowlevel_memset
 .text.__sys_appexit
                0x0000000000004f9e        0x2 /Applications/lpcxpresso_7.6.2_326/lpcxpresso/tools/bin/../lib/gcc/arm-none-eabi/4.9.3/../../../../arm-none-eabi/lib/armv7-m/libcr_nohost.a(__sys_appexit.o)
                0x0000000000004f9e                __exit
                0x0000000000004f9e                __sys_appexit
 .text.__sys_close
                0x0000000000004fa0        0x6 /Applications/lpcxpresso_7.6.2_326/lpcxpresso/tools/bin/../lib/gcc/arm-none-eabi/4.9.3/../../../../arm-none-eabi/lib/armv7-m/libcr_nohost.a(__sys_close.o)
                0x0000000000004fa0                __sys_close
 .text.__sys_flen
                0x0000000000004fa6        0x6 /Applications/lpcxpresso_7.6.2_326/lpcxpresso/tools/bin/../lib/gcc/arm-none-eabi/4.9.3/../../../../arm-none-eabi/lib/armv7-m/libcr_nohost.a(__sys_flen.o)
                0x0000000000004fa6                __sys_flen
 .text.__sys_istty
                0x0000000000004fac        0x6 /Applications/lpcxpresso_7.6.2_326/lpcxpresso/tools/bin/../lib/gcc/arm-none-eabi/4.9.3/../../../../arm-none-eabi/lib/armv7-m/libcr_nohost.a(__sys_istty.o)
                0x0000000000004fac                __sys_istty
 .text.__sys_remove
                0x0000000000004fb2        0x6 /Applications/lpcxpresso_7.6.2_326/lpcxpresso/tools/bin/../lib/gcc/arm-none-eabi/4.9.3/../../../../arm-none-eabi/lib/armv7-m/libcr_nohost.a(__sys_remove.o)
                0x0000000000004fb2                __sys_remove
 .text.__sys_seek
                0x0000000000004fb8        0x6 /Applications/lpcxpresso_7.6.2_326/lpcxpresso/tools/bin/../lib/gcc/arm-none-eabi/4.9.3/../../../../arm-none-eabi/lib/armv7-m/libcr_nohost.a(__sys_seek.o)
                0x0000000000004fb8                __sys_seek
 .text.__sys_tmpnam
                0x0000000000004fbe        0x6 /Applications/lpcxpresso_7.6.2_326/lpcxpresso/tools/bin/../lib/gcc/arm-none-eabi/4.9.3/../../../../arm-none-eabi/lib/armv7-m/libcr_nohost.a(__sys_tmpnam.o)
                0x0000000000004fbe                __sys_tmpnam
 .text.__sys_write
                0x0000000000004fc4        0x4 /Applications/lpcxpresso_7.6.2_326/lpcxpresso/tools/bin/../lib/gcc/arm-none-eabi/4.9.3/../../../../arm-none-eabi/lib/armv7-m/libcr_nohost.a(__sys_write.o)
                0x0000000000004fc4                __write
                0x0000000000004fc4                __sys_write
 *(.rodata .rodata.* .constdata .constdata.*)
 .rodata        0x0000000000004fc8       0x50 ./main.o
 .rodata.str1.4
                0x0000000000005018      0x103 ./main.o
                                        0x108 (size before relaxing)
 *fill*         0x000000000000511b        0x1 
 .rodata        0x000000000000511c       0x5c /Users/wavelife/Documents/UOC/TFC/pfc/LPC1769_UOC_Library/Debug/libLPC1769_UOC_Library.a(log.o)
 .rodata.str1.4
                0x0000000000005178       0x20 /Users/wavelife/Documents/UOC/TFC/pfc/FreeRTOS_Library/Debug/libFreeRTOS_Library.a(tasks.o)
 .rodata.str1.1
                0x0000000000005198       0x34 /Applications/lpcxpresso_7.6.2_326/lpcxpresso/tools/bin/../lib/gcc/arm-none-eabi/4.9.3/../../../../arm-none-eabi/lib/armv7-m/libcr_c.a(fpprintf.o)
                                         0x35 (size before relaxing)
 .rodata.str1.1
                0x00000000000051cc        0x4 /Applications/lpcxpresso_7.6.2_326/lpcxpresso/tools/bin/../lib/gcc/arm-none-eabi/4.9.3/../../../../arm-none-eabi/lib/armv7-m/libcr_c.a(initio.o)
 .rodata.str1.1
                0x00000000000051d0       0x31 /Applications/lpcxpresso_7.6.2_326/lpcxpresso/tools/bin/../lib/gcc/arm-none-eabi/4.9.3/../../../../arm-none-eabi/lib/armv7-m/libcr_c.a(printf.o)
                                         0x38 (size before relaxing)
 .rodata.str1.1
                0x0000000000005201       0x18 /Applications/lpcxpresso_7.6.2_326/lpcxpresso/tools/bin/../lib/gcc/arm-none-eabi/4.9.3/../../../../arm-none-eabi/lib/armv7-m/libcr_c.a(alloc.o)
 *fill*         0x0000000000005219        0x7 
 .rodata.__huge_vall
                0x0000000000005220        0x8 /Applications/lpcxpresso_7.6.2_326/lpcxpresso/tools/bin/../lib/gcc/arm-none-eabi/4.9.3/../../../../arm-none-eabi/lib/armv7-m/libcr_c.a(_hugeval.o)
                0x0000000000005220                __huge_vall
                0x0000000000005228                . = ALIGN (0x4)

.glue_7         0x0000000000005228        0x0
 .glue_7        0x0000000000000000        0x0 linker stubs

.glue_7t        0x0000000000005228        0x0
 .glue_7t       0x0000000000000000        0x0 linker stubs

.vfp11_veneer   0x0000000000005228        0x0
 .vfp11_veneer  0x0000000000000000        0x0 linker stubs

.v4_bx          0x0000000000005228        0x0
 .v4_bx         0x0000000000000000        0x0 linker stubs

.iplt           0x0000000000005228        0x0
 .iplt          0x0000000000000000        0x0 ./cr_startup_lpc17.o

.rel.dyn        0x0000000000005228        0x0
 .rel.iplt      0x0000000000000000        0x0 ./cr_startup_lpc17.o

.ARM.extab
 *(.ARM.extab* .gnu.linkonce.armextab.*)
                0x0000000000005228                __exidx_start = .

.ARM.exidx
 *(.ARM.exidx* .gnu.linkonce.armexidx.*)
                0x0000000000005228                __exidx_end = .
                0x0000000000005228                _etext = .

.data_RAM2      0x000000002007c000        0x0 load address 0x0000000000005228
 FILL mask 0xff
                0x000000002007c000                PROVIDE (__start_data_RAM2, .)
 *(.ramfunc.$RAM2)
 *(.ramfunc.$RamAHB32)
 *(.data.$RAM2*)
 *(.data.$RamAHB32*)
                0x000000002007c000                . = ALIGN (0x4)
                0x000000002007c000                PROVIDE (__end_data_RAM2, .)

.uninit_RESERVED
                0x0000000010000000        0x0
 *(.bss.$RESERVED*)
                0x0000000010000000                . = ALIGN (0x4)
                0x0000000010000000                _end_uninit_RESERVED = .

.data           0x0000000010000000       0x28 load address 0x0000000000005228
 FILL mask 0xff
                0x0000000010000000                _data = .
 *(vtable)
 *(.ramfunc*)
 *(.data*)
 .data          0x0000000010000000        0x8 ./main.o
                0x0000000010000000                mainPort
                0x0000000010000004                mainBaurade
 .data.uart_port
                0x0000000010000008        0x1 /Users/wavelife/Documents/UOC/TFC/pfc/LPC1769_UOC_Library/Debug/libLPC1769_UOC_Library.a(log.o)
                0x0000000010000008                uart_port
 *fill*         0x0000000010000009        0x3 
 .data.pxPreviousWakeTime
                0x000000001000000c        0x4 /Users/wavelife/Documents/UOC/TFC/pfc/LPC1769_UOC_Library/Debug/libLPC1769_UOC_Library.a(log.o)
                0x000000001000000c                pxPreviousWakeTime
 .data.transaction_id
                0x0000000010000010        0x1 /Users/wavelife/Documents/UOC/TFC/pfc/LPC1769_UOC_Library/Debug/libLPC1769_UOC_Library.a(printf.o)
                0x0000000010000010                transaction_id
 .data.UART0TxEmpty
                0x0000000010000011        0x1 /Users/wavelife/Documents/UOC/TFC/pfc/LPC1769_UOC_Library/Debug/libLPC1769_UOC_Library.a(uart.o)
                0x0000000010000011                UART0TxEmpty
 .data.UART1TxEmpty
                0x0000000010000012        0x1 /Users/wavelife/Documents/UOC/TFC/pfc/LPC1769_UOC_Library/Debug/libLPC1769_UOC_Library.a(uart.o)
                0x0000000010000012                UART1TxEmpty
 .data.UART2TxEmpty
                0x0000000010000013        0x1 /Users/wavelife/Documents/UOC/TFC/pfc/LPC1769_UOC_Library/Debug/libLPC1769_UOC_Library.a(uart.o)
                0x0000000010000013                UART2TxEmpty
 .data.UART3TxEmpty
                0x0000000010000014        0x1 /Users/wavelife/Documents/UOC/TFC/pfc/LPC1769_UOC_Library/Debug/libLPC1769_UOC_Library.a(uart.o)
                0x0000000010000014                UART3TxEmpty
 *fill*         0x0000000010000015        0x3 
 .data.SystemCoreClock
                0x0000000010000018        0x4 /Users/wavelife/Documents/UOC/TFC/pfc/CMSISv2p00_LPC17xx/Debug/libCMSISv2p00_LPC17xx.a(system_LPC17xx.o)
                0x0000000010000018                SystemCoreClock
 .data          0x000000001000001c        0x4 /Users/wavelife/Documents/UOC/TFC/pfc/FreeRTOS_Library/Debug/libFreeRTOS_Library.a(port.o)
 .data          0x0000000010000020        0x4 /Users/wavelife/Documents/UOC/TFC/pfc/FreeRTOS_Library/Debug/libFreeRTOS_Library.a(tasks.o)
 .data          0x0000000010000024        0x4 /Users/wavelife/Documents/UOC/TFC/pfc/FreeRTOS_Library/Debug/libFreeRTOS_Library.a(heap_2.o)
                0x0000000010000028                . = ALIGN (0x4)
                0x0000000010000028                _edata = .

.igot.plt       0x0000000010000028        0x0 load address 0x0000000000005250
 .igot.plt      0x0000000000000000        0x0 ./cr_startup_lpc17.o

.bss_RAM2       0x000000002007c000        0x0
                0x000000002007c000                PROVIDE (__start_bss_RAM2, .)
 *(.bss.$RAM2*)
 *(.bss.$RamAHB32*)
                0x000000002007c000                . = ALIGN (0x4)
                0x000000002007c000                PROVIDE (__end_bss_RAM2, .)

.bss            0x0000000010000028     0x504c
                0x0000000010000028                _bss = .
 *(.bss*)
 .bss           0x0000000010000028        0x8 ./main.o
                0x0000000010000028                done
                0x000000001000002c                sem_test1
 .bss.xSemUART0
                0x0000000010000030        0x4 /Users/wavelife/Documents/UOC/TFC/pfc/LPC1769_UOC_Library/Debug/libLPC1769_UOC_Library.a(printf.o)
                0x0000000010000030                xSemUART0
 .bss.xSemUART1
                0x0000000010000034        0x4 /Users/wavelife/Documents/UOC/TFC/pfc/LPC1769_UOC_Library/Debug/libLPC1769_UOC_Library.a(printf.o)
                0x0000000010000034                xSemUART1
 .bss.xSemUART2
                0x0000000010000038        0x4 /Users/wavelife/Documents/UOC/TFC/pfc/LPC1769_UOC_Library/Debug/libLPC1769_UOC_Library.a(printf.o)
                0x0000000010000038                xSemUART2
 .bss.xSemUART3
                0x000000001000003c        0x4 /Users/wavelife/Documents/UOC/TFC/pfc/LPC1769_UOC_Library/Debug/libLPC1769_UOC_Library.a(printf.o)
                0x000000001000003c                xSemUART3
 .bss.transaction_sem
                0x0000000010000040        0x4 /Users/wavelife/Documents/UOC/TFC/pfc/LPC1769_UOC_Library/Debug/libLPC1769_UOC_Library.a(printf.o)
                0x0000000010000040                transaction_sem
 .bss.transaction_mode
                0x0000000010000044        0x1 /Users/wavelife/Documents/UOC/TFC/pfc/LPC1769_UOC_Library/Debug/libLPC1769_UOC_Library.a(printf.o)
                0x0000000010000044                transaction_mode
 *fill*         0x0000000010000045        0x3 
 .bss.UART0Count
                0x0000000010000048        0x4 /Users/wavelife/Documents/UOC/TFC/pfc/LPC1769_UOC_Library/Debug/libLPC1769_UOC_Library.a(uart.o)
                0x0000000010000048                UART0Count
 .bss.UART1Count
                0x000000001000004c        0x4 /Users/wavelife/Documents/UOC/TFC/pfc/LPC1769_UOC_Library/Debug/libLPC1769_UOC_Library.a(uart.o)
                0x000000001000004c                UART1Count
 .bss.UART2Count
                0x0000000010000050        0x4 /Users/wavelife/Documents/UOC/TFC/pfc/LPC1769_UOC_Library/Debug/libLPC1769_UOC_Library.a(uart.o)
                0x0000000010000050                UART2Count
 .bss.UART3Count
                0x0000000010000054        0x4 /Users/wavelife/Documents/UOC/TFC/pfc/LPC1769_UOC_Library/Debug/libLPC1769_UOC_Library.a(uart.o)
                0x0000000010000054                UART3Count
 .bss           0x0000000010000058      0x134 /Users/wavelife/Documents/UOC/TFC/pfc/FreeRTOS_Library/Debug/libFreeRTOS_Library.a(tasks.o)
                0x0000000010000058                pxCurrentTCB
 *fill*         0x000000001000018c        0x4 
 .bss           0x0000000010000190     0x4c18 /Users/wavelife/Documents/UOC/TFC/pfc/FreeRTOS_Library/Debug/libFreeRTOS_Library.a(heap_2.o)
 .bss.errno     0x0000000010004da8        0x4 /Applications/lpcxpresso_7.6.2_326/lpcxpresso/tools/bin/../lib/gcc/arm-none-eabi/4.9.3/../../../../arm-none-eabi/lib/armv7-m/libcr_c.a(errno.o)
                0x0000000010004da8                errno
 *(COMMON)
 COMMON         0x0000000010004dac        0xc ./main.o
                0x0000000010004dac                main_uart_count
                0x0000000010004db0                main_uart_buffer
                0x0000000010004db4                main_lpc_uart_ier
 COMMON         0x0000000010004db8       0x10 /Users/wavelife/Documents/UOC/TFC/pfc/LPC1769_UOC_Library/Debug/libLPC1769_UOC_Library.a(printf.o)
                0x0000000010004db8                lpc_uart_ier
                0x0000000010004dbc                xSemUART
                0x0000000010004dc0                uart_buffer
                0x0000000010004dc4                uart_count
 COMMON         0x0000000010004dc8      0x110 /Users/wavelife/Documents/UOC/TFC/pfc/LPC1769_UOC_Library/Debug/libLPC1769_UOC_Library.a(uart.o)
                0x0000000010004dc8                UART1Buffer
                0x0000000010004e08                UART2Status
                0x0000000010004e0c                UART3Status
                0x0000000010004e10                UART0Buffer
                0x0000000010004e50                UART1Status
                0x0000000010004e54                UART3Buffer
                0x0000000010004e94                UART2Buffer
                0x0000000010004ed4                UART0Status
 COMMON         0x0000000010004ed8       0x50 /Users/wavelife/Documents/UOC/TFC/pfc/FreeRTOS_Library/Debug/libFreeRTOS_Library.a(queue.o)
                0x0000000010004ed8                xQueueRegistry
 COMMON         0x0000000010004f28        0x4 /Applications/lpcxpresso_7.6.2_326/lpcxpresso/tools/bin/../lib/gcc/arm-none-eabi/4.9.3/../../../../arm-none-eabi/lib/armv7-m/libcr_c.a(initio.o)
                0x0000000010004f28                _extra
 COMMON         0x0000000010004f2c      0x140 /Applications/lpcxpresso_7.6.2_326/lpcxpresso/tools/bin/../lib/gcc/arm-none-eabi/4.9.3/../../../../arm-none-eabi/lib/armv7-m/libcr_c.a(stdio.o)
                0x0000000010004f2c                __Ciob
 COMMON         0x000000001000506c        0x8 /Applications/lpcxpresso_7.6.2_326/lpcxpresso/tools/bin/../lib/gcc/arm-none-eabi/4.9.3/../../../../arm-none-eabi/lib/armv7-m/libcr_c.a(__init_alloc.o)
                0x000000001000506c                __heaps
                0x0000000010005070                __end_of_heap
                0x0000000010005074                . = ALIGN (0x4)
                0x0000000010005074                _ebss = .
                0x0000000010005074                PROVIDE (end, .)

.noinit_RAM2    0x000000002007c000        0x0
 *(.noinit.$RAM2*)
 *(.noinit.$RamAHB32*)
                0x000000002007c000                . = ALIGN (0x4)

.noinit         0x0000000010005074        0x0
                0x0000000010005074                _noinit = .
 *(.noinit*)
                0x0000000010005074                . = ALIGN (0x4)
                0x0000000010005074                _end_noinit = .
                0x0000000010005074                PROVIDE (_pvHeapStart, DEFINED (__user_heap_base)?__user_heap_base:.)
                0x0000000010008000                PROVIDE (_vStackTop, DEFINED (__user_stack_top)?__user_stack_top:(__top_RamLoc32 - 0x0))
OUTPUT(SimpleDemo_usingLib.axf elf32-littlearm)

.debug_info     0x0000000000000000     0x5e2d
 .debug_info    0x0000000000000000      0x1d6 ./cr_startup_lpc17.o
 .debug_info    0x00000000000001d6      0xfdd ./main.o
 .debug_info    0x00000000000011b3      0x18f /Users/wavelife/Documents/UOC/TFC/pfc/LPC1769_UOC_Library/Debug/libLPC1769_UOC_Library.a(log.o)
 .debug_info    0x0000000000001342      0x95d /Users/wavelife/Documents/UOC/TFC/pfc/LPC1769_UOC_Library/Debug/libLPC1769_UOC_Library.a(printf.o)
 .debug_info    0x0000000000001c9f      0xe8f /Users/wavelife/Documents/UOC/TFC/pfc/LPC1769_UOC_Library/Debug/libLPC1769_UOC_Library.a(uart.o)
 .debug_info    0x0000000000002b2e      0x318 /Users/wavelife/Documents/UOC/TFC/pfc/CMSISv2p00_LPC17xx/Debug/libCMSISv2p00_LPC17xx.a(system_LPC17xx.o)
 .debug_info    0x0000000000002e46      0x1e8 /Users/wavelife/Documents/UOC/TFC/pfc/FreeRTOS_Library/Debug/libFreeRTOS_Library.a(port.o)
 .debug_info    0x000000000000302e      0xf91 /Users/wavelife/Documents/UOC/TFC/pfc/FreeRTOS_Library/Debug/libFreeRTOS_Library.a(queue.o)
 .debug_info    0x0000000000003fbf     0x1932 /Users/wavelife/Documents/UOC/TFC/pfc/FreeRTOS_Library/Debug/libFreeRTOS_Library.a(tasks.o)
 .debug_info    0x00000000000058f1      0x2dd /Users/wavelife/Documents/UOC/TFC/pfc/FreeRTOS_Library/Debug/libFreeRTOS_Library.a(heap_2.o)
 .debug_info    0x0000000000005bce      0x25f /Users/wavelife/Documents/UOC/TFC/pfc/FreeRTOS_Library/Debug/libFreeRTOS_Library.a(list.o)

.debug_abbrev   0x0000000000000000     0x128b
 .debug_abbrev  0x0000000000000000       0xe2 ./cr_startup_lpc17.o
 .debug_abbrev  0x00000000000000e2      0x2c9 ./main.o
 .debug_abbrev  0x00000000000003ab       0xca /Users/wavelife/Documents/UOC/TFC/pfc/LPC1769_UOC_Library/Debug/libLPC1769_UOC_Library.a(log.o)
 .debug_abbrev  0x0000000000000475      0x1e0 /Users/wavelife/Documents/UOC/TFC/pfc/LPC1769_UOC_Library/Debug/libLPC1769_UOC_Library.a(printf.o)
 .debug_abbrev  0x0000000000000655      0x1fb /Users/wavelife/Documents/UOC/TFC/pfc/LPC1769_UOC_Library/Debug/libLPC1769_UOC_Library.a(uart.o)
 .debug_abbrev  0x0000000000000850       0xe6 /Users/wavelife/Documents/UOC/TFC/pfc/CMSISv2p00_LPC17xx/Debug/libCMSISv2p00_LPC17xx.a(system_LPC17xx.o)
 .debug_abbrev  0x0000000000000936      0x136 /Users/wavelife/Documents/UOC/TFC/pfc/FreeRTOS_Library/Debug/libFreeRTOS_Library.a(port.o)
 .debug_abbrev  0x0000000000000a6c      0x287 /Users/wavelife/Documents/UOC/TFC/pfc/FreeRTOS_Library/Debug/libFreeRTOS_Library.a(queue.o)
 .debug_abbrev  0x0000000000000cf3      0x31b /Users/wavelife/Documents/UOC/TFC/pfc/FreeRTOS_Library/Debug/libFreeRTOS_Library.a(tasks.o)
 .debug_abbrev  0x000000000000100e      0x1af /Users/wavelife/Documents/UOC/TFC/pfc/FreeRTOS_Library/Debug/libFreeRTOS_Library.a(heap_2.o)
 .debug_abbrev  0x00000000000011bd       0xce /Users/wavelife/Documents/UOC/TFC/pfc/FreeRTOS_Library/Debug/libFreeRTOS_Library.a(list.o)

.debug_loc      0x0000000000000000     0x1b9c
 .debug_loc     0x0000000000000000       0x2b ./cr_startup_lpc17.o
 .debug_loc     0x000000000000002b      0x13d ./main.o
 .debug_loc     0x0000000000000168       0x5f /Users/wavelife/Documents/UOC/TFC/pfc/FreeRTOS_Library/Debug/libFreeRTOS_Library.a(port.o)
 .debug_loc     0x00000000000001c7      0x90d /Users/wavelife/Documents/UOC/TFC/pfc/FreeRTOS_Library/Debug/libFreeRTOS_Library.a(queue.o)
 .debug_loc     0x0000000000000ad4      0xe57 /Users/wavelife/Documents/UOC/TFC/pfc/FreeRTOS_Library/Debug/libFreeRTOS_Library.a(tasks.o)
 .debug_loc     0x000000000000192b      0x22d /Users/wavelife/Documents/UOC/TFC/pfc/FreeRTOS_Library/Debug/libFreeRTOS_Library.a(heap_2.o)
 .debug_loc     0x0000000000001b58       0x44 /Users/wavelife/Documents/UOC/TFC/pfc/FreeRTOS_Library/Debug/libFreeRTOS_Library.a(list.o)

.debug_aranges  0x0000000000000000      0x278
 .debug_aranges
                0x0000000000000000       0x70 ./cr_startup_lpc17.o
 .debug_aranges
                0x0000000000000070       0x60 ./main.o
 .debug_aranges
                0x00000000000000d0       0x28 /Users/wavelife/Documents/UOC/TFC/pfc/LPC1769_UOC_Library/Debug/libLPC1769_UOC_Library.a(log.o)
 .debug_aranges
                0x00000000000000f8       0x68 /Users/wavelife/Documents/UOC/TFC/pfc/LPC1769_UOC_Library/Debug/libLPC1769_UOC_Library.a(printf.o)
 .debug_aranges
                0x0000000000000160       0x50 /Users/wavelife/Documents/UOC/TFC/pfc/LPC1769_UOC_Library/Debug/libLPC1769_UOC_Library.a(uart.o)
 .debug_aranges
                0x00000000000001b0       0x28 /Users/wavelife/Documents/UOC/TFC/pfc/CMSISv2p00_LPC17xx/Debug/libCMSISv2p00_LPC17xx.a(system_LPC17xx.o)
 .debug_aranges
                0x00000000000001d8       0x20 /Users/wavelife/Documents/UOC/TFC/pfc/FreeRTOS_Library/Debug/libFreeRTOS_Library.a(port.o)
 .debug_aranges
                0x00000000000001f8       0x20 /Users/wavelife/Documents/UOC/TFC/pfc/FreeRTOS_Library/Debug/libFreeRTOS_Library.a(queue.o)
 .debug_aranges
                0x0000000000000218       0x20 /Users/wavelife/Documents/UOC/TFC/pfc/FreeRTOS_Library/Debug/libFreeRTOS_Library.a(tasks.o)
 .debug_aranges
                0x0000000000000238       0x20 /Users/wavelife/Documents/UOC/TFC/pfc/FreeRTOS_Library/Debug/libFreeRTOS_Library.a(heap_2.o)
 .debug_aranges
                0x0000000000000258       0x20 /Users/wavelife/Documents/UOC/TFC/pfc/FreeRTOS_Library/Debug/libFreeRTOS_Library.a(list.o)

.debug_ranges   0x0000000000000000      0x1d0
 .debug_ranges  0x0000000000000000       0x60 ./cr_startup_lpc17.o
 .debug_ranges  0x0000000000000060       0x50 ./main.o
 .debug_ranges  0x00000000000000b0       0x18 /Users/wavelife/Documents/UOC/TFC/pfc/LPC1769_UOC_Library/Debug/libLPC1769_UOC_Library.a(log.o)
 .debug_ranges  0x00000000000000c8       0x58 /Users/wavelife/Documents/UOC/TFC/pfc/LPC1769_UOC_Library/Debug/libLPC1769_UOC_Library.a(printf.o)
 .debug_ranges  0x0000000000000120       0x40 /Users/wavelife/Documents/UOC/TFC/pfc/LPC1769_UOC_Library/Debug/libLPC1769_UOC_Library.a(uart.o)
 .debug_ranges  0x0000000000000160       0x18 /Users/wavelife/Documents/UOC/TFC/pfc/CMSISv2p00_LPC17xx/Debug/libCMSISv2p00_LPC17xx.a(system_LPC17xx.o)
 .debug_ranges  0x0000000000000178       0x10 /Users/wavelife/Documents/UOC/TFC/pfc/FreeRTOS_Library/Debug/libFreeRTOS_Library.a(port.o)
 .debug_ranges  0x0000000000000188       0x48 /Users/wavelife/Documents/UOC/TFC/pfc/FreeRTOS_Library/Debug/libFreeRTOS_Library.a(tasks.o)

.debug_macro    0x0000000000000000     0x4679
 .debug_macro   0x0000000000000000       0x52 ./cr_startup_lpc17.o
 .debug_macro   0x0000000000000052      0x86e ./cr_startup_lpc17.o
 .debug_macro   0x00000000000008c0       0x10 ./cr_startup_lpc17.o
 .debug_macro   0x00000000000008d0      0x12d ./cr_startup_lpc17.o
 .debug_macro   0x00000000000009fd      0x5b2 ./cr_startup_lpc17.o
 .debug_macro   0x0000000000000faf      0x119 ./main.o
 .debug_macro   0x00000000000010c8       0x16 ./main.o
 .debug_macro   0x00000000000010de       0x46 ./main.o
 .debug_macro   0x0000000000001124      0x136 ./main.o
 .debug_macro   0x000000000000125a       0xa3 ./main.o
 .debug_macro   0x00000000000012fd       0x12 ./main.o
 .debug_macro   0x000000000000130f       0x1e ./main.o
 .debug_macro   0x000000000000132d      0x1b6 ./main.o
 .debug_macro   0x00000000000014e3       0x48 ./main.o
 .debug_macro   0x000000000000152b       0x56 ./main.o
 .debug_macro   0x0000000000001581       0x8f ./main.o
 .debug_macro   0x0000000000001610       0x69 ./main.o
 .debug_macro   0x0000000000001679       0x22 ./main.o
 .debug_macro   0x000000000000169b       0x2e ./main.o
 .debug_macro   0x00000000000016c9       0x18 ./main.o
 .debug_macro   0x00000000000016e1      0x7af ./main.o
 .debug_macro   0x0000000000001e90      0x2c7 ./main.o
 .debug_macro   0x0000000000002157       0x70 ./main.o
 .debug_macro   0x00000000000021c7       0xd7 /Users/wavelife/Documents/UOC/TFC/pfc/LPC1769_UOC_Library/Debug/libLPC1769_UOC_Library.a(log.o)
 .debug_macro   0x000000000000229e      0x87a /Users/wavelife/Documents/UOC/TFC/pfc/LPC1769_UOC_Library/Debug/libLPC1769_UOC_Library.a(log.o)
 .debug_macro   0x0000000000002b18       0x1c /Users/wavelife/Documents/UOC/TFC/pfc/LPC1769_UOC_Library/Debug/libLPC1769_UOC_Library.a(log.o)
 .debug_macro   0x0000000000002b34       0x16 /Users/wavelife/Documents/UOC/TFC/pfc/LPC1769_UOC_Library/Debug/libLPC1769_UOC_Library.a(log.o)
 .debug_macro   0x0000000000002b4a      0x142 /Users/wavelife/Documents/UOC/TFC/pfc/LPC1769_UOC_Library/Debug/libLPC1769_UOC_Library.a(printf.o)
 .debug_macro   0x0000000000002c8c       0xa0 /Users/wavelife/Documents/UOC/TFC/pfc/LPC1769_UOC_Library/Debug/libLPC1769_UOC_Library.a(printf.o)
 .debug_macro   0x0000000000002d2c       0x10 /Users/wavelife/Documents/UOC/TFC/pfc/LPC1769_UOC_Library/Debug/libLPC1769_UOC_Library.a(printf.o)
 .debug_macro   0x0000000000002d3c      0x136 /Users/wavelife/Documents/UOC/TFC/pfc/LPC1769_UOC_Library/Debug/libLPC1769_UOC_Library.a(printf.o)
 .debug_macro   0x0000000000002e72       0x87 /Users/wavelife/Documents/UOC/TFC/pfc/LPC1769_UOC_Library/Debug/libLPC1769_UOC_Library.a(uart.o)
 .debug_macro   0x0000000000002ef9       0x1c /Users/wavelife/Documents/UOC/TFC/pfc/LPC1769_UOC_Library/Debug/libLPC1769_UOC_Library.a(uart.o)
 .debug_macro   0x0000000000002f15      0x12b /Users/wavelife/Documents/UOC/TFC/pfc/CMSISv2p00_LPC17xx/Debug/libCMSISv2p00_LPC17xx.a(system_LPC17xx.o)
 .debug_macro   0x0000000000003040      0x874 /Users/wavelife/Documents/UOC/TFC/pfc/CMSISv2p00_LPC17xx/Debug/libCMSISv2p00_LPC17xx.a(system_LPC17xx.o)
 .debug_macro   0x00000000000038b4       0xda /Users/wavelife/Documents/UOC/TFC/pfc/FreeRTOS_Library/Debug/libFreeRTOS_Library.a(port.o)
 .debug_macro   0x000000000000398e      0x862 /Users/wavelife/Documents/UOC/TFC/pfc/FreeRTOS_Library/Debug/libFreeRTOS_Library.a(port.o)
 .debug_macro   0x00000000000041f0      0x133 /Users/wavelife/Documents/UOC/TFC/pfc/FreeRTOS_Library/Debug/libFreeRTOS_Library.a(queue.o)
 .debug_macro   0x0000000000004323       0x28 /Users/wavelife/Documents/UOC/TFC/pfc/FreeRTOS_Library/Debug/libFreeRTOS_Library.a(queue.o)
 .debug_macro   0x000000000000434b      0x133 /Users/wavelife/Documents/UOC/TFC/pfc/FreeRTOS_Library/Debug/libFreeRTOS_Library.a(tasks.o)
 .debug_macro   0x000000000000447e       0x22 /Users/wavelife/Documents/UOC/TFC/pfc/FreeRTOS_Library/Debug/libFreeRTOS_Library.a(tasks.o)
 .debug_macro   0x00000000000044a0       0x5b /Users/wavelife/Documents/UOC/TFC/pfc/FreeRTOS_Library/Debug/libFreeRTOS_Library.a(tasks.o)
 .debug_macro   0x00000000000044fb       0x16 /Users/wavelife/Documents/UOC/TFC/pfc/FreeRTOS_Library/Debug/libFreeRTOS_Library.a(tasks.o)
 .debug_macro   0x0000000000004511       0xcb /Users/wavelife/Documents/UOC/TFC/pfc/FreeRTOS_Library/Debug/libFreeRTOS_Library.a(heap_2.o)
 .debug_macro   0x00000000000045dc       0x9d /Users/wavelife/Documents/UOC/TFC/pfc/FreeRTOS_Library/Debug/libFreeRTOS_Library.a(list.o)

.debug_line     0x0000000000000000     0x220c
 .debug_line    0x0000000000000000      0x248 ./cr_startup_lpc17.o
 .debug_line    0x0000000000000248      0x429 ./main.o
 .debug_line    0x0000000000000671      0x294 /Users/wavelife/Documents/UOC/TFC/pfc/LPC1769_UOC_Library/Debug/libLPC1769_UOC_Library.a(log.o)
 .debug_line    0x0000000000000905      0x475 /Users/wavelife/Documents/UOC/TFC/pfc/LPC1769_UOC_Library/Debug/libLPC1769_UOC_Library.a(printf.o)
 .debug_line    0x0000000000000d7a      0x364 /Users/wavelife/Documents/UOC/TFC/pfc/LPC1769_UOC_Library/Debug/libLPC1769_UOC_Library.a(uart.o)
 .debug_line    0x00000000000010de      0x1d3 /Users/wavelife/Documents/UOC/TFC/pfc/CMSISv2p00_LPC17xx/Debug/libCMSISv2p00_LPC17xx.a(system_LPC17xx.o)
 .debug_line    0x00000000000012b1      0x233 /Users/wavelife/Documents/UOC/TFC/pfc/FreeRTOS_Library/Debug/libFreeRTOS_Library.a(port.o)
 .debug_line    0x00000000000014e4      0x36c /Users/wavelife/Documents/UOC/TFC/pfc/FreeRTOS_Library/Debug/libFreeRTOS_Library.a(queue.o)
 .debug_line    0x0000000000001850      0x531 /Users/wavelife/Documents/UOC/TFC/pfc/FreeRTOS_Library/Debug/libFreeRTOS_Library.a(tasks.o)
 .debug_line    0x0000000000001d81      0x263 /Users/wavelife/Documents/UOC/TFC/pfc/FreeRTOS_Library/Debug/libFreeRTOS_Library.a(heap_2.o)
 .debug_line    0x0000000000001fe4      0x228 /Users/wavelife/Documents/UOC/TFC/pfc/FreeRTOS_Library/Debug/libFreeRTOS_Library.a(list.o)

.debug_str      0x0000000000000000     0xddea
 .debug_str     0x0000000000000000     0x3ca8 ./cr_startup_lpc17.o
                                       0x3d33 (size before relaxing)
 .debug_str     0x0000000000003ca8     0x70be ./main.o
                                       0xacce (size before relaxing)
 .debug_str     0x000000000000ad66      0x245 /Users/wavelife/Documents/UOC/TFC/pfc/LPC1769_UOC_Library/Debug/libLPC1769_UOC_Library.a(log.o)
                                       0x59df (size before relaxing)
 .debug_str     0x000000000000afab      0x31b /Users/wavelife/Documents/UOC/TFC/pfc/LPC1769_UOC_Library/Debug/libLPC1769_UOC_Library.a(printf.o)
                                       0xaea2 (size before relaxing)
 .debug_str     0x000000000000b2c6      0x55a /Users/wavelife/Documents/UOC/TFC/pfc/LPC1769_UOC_Library/Debug/libLPC1769_UOC_Library.a(uart.o)
                                       0x84a6 (size before relaxing)
 .debug_str     0x000000000000b820      0x3d9 /Users/wavelife/Documents/UOC/TFC/pfc/CMSISv2p00_LPC17xx/Debug/libCMSISv2p00_LPC17xx.a(system_LPC17xx.o)
                                       0x8107 (size before relaxing)
 .debug_str     0x000000000000bbf9      0x438 /Users/wavelife/Documents/UOC/TFC/pfc/FreeRTOS_Library/Debug/libFreeRTOS_Library.a(port.o)
                                       0x49da (size before relaxing)
 .debug_str     0x000000000000c031      0x874 /Users/wavelife/Documents/UOC/TFC/pfc/FreeRTOS_Library/Debug/libFreeRTOS_Library.a(queue.o)
                                       0x509a (size before relaxing)
 .debug_str     0x000000000000c8a5     0x10c3 /Users/wavelife/Documents/UOC/TFC/pfc/FreeRTOS_Library/Debug/libFreeRTOS_Library.a(tasks.o)
                                       0x5d6a (size before relaxing)
 .debug_str     0x000000000000d968      0x442 /Users/wavelife/Documents/UOC/TFC/pfc/FreeRTOS_Library/Debug/libFreeRTOS_Library.a(heap_2.o)
                                       0x4b79 (size before relaxing)
 .debug_str     0x000000000000ddaa       0x40 /Users/wavelife/Documents/UOC/TFC/pfc/FreeRTOS_Library/Debug/libFreeRTOS_Library.a(list.o)
                                       0x449b (size before relaxing)

.comment        0x0000000000000000       0x70
 .comment       0x0000000000000000       0x70 ./cr_startup_lpc17.o
                                         0x71 (size before relaxing)
 .comment       0x0000000000000000       0x71 ./main.o
 .comment       0x0000000000000000       0x71 /Users/wavelife/Documents/UOC/TFC/pfc/LPC1769_UOC_Library/Debug/libLPC1769_UOC_Library.a(log.o)
 .comment       0x0000000000000000       0x71 /Users/wavelife/Documents/UOC/TFC/pfc/LPC1769_UOC_Library/Debug/libLPC1769_UOC_Library.a(printf.o)
 .comment       0x0000000000000000       0x71 /Users/wavelife/Documents/UOC/TFC/pfc/LPC1769_UOC_Library/Debug/libLPC1769_UOC_Library.a(uart.o)
 .comment       0x0000000000000000       0x71 /Users/wavelife/Documents/UOC/TFC/pfc/CMSISv2p00_LPC17xx/Debug/libCMSISv2p00_LPC17xx.a(system_LPC17xx.o)
 .comment       0x0000000000000000       0x71 /Users/wavelife/Documents/UOC/TFC/pfc/FreeRTOS_Library/Debug/libFreeRTOS_Library.a(port.o)
 .comment       0x0000000000000000       0x71 /Users/wavelife/Documents/UOC/TFC/pfc/FreeRTOS_Library/Debug/libFreeRTOS_Library.a(queue.o)
 .comment       0x0000000000000000       0x71 /Users/wavelife/Documents/UOC/TFC/pfc/FreeRTOS_Library/Debug/libFreeRTOS_Library.a(tasks.o)
 .comment       0x0000000000000000       0x71 /Users/wavelife/Documents/UOC/TFC/pfc/FreeRTOS_Library/Debug/libFreeRTOS_Library.a(heap_2.o)
 .comment       0x0000000000000000       0x71 /Users/wavelife/Documents/UOC/TFC/pfc/FreeRTOS_Library/Debug/libFreeRTOS_Library.a(list.o)
 .comment       0x0000000000000000       0x71 /Applications/lpcxpresso_7.6.2_326/lpcxpresso/tools/bin/../lib/gcc/arm-none-eabi/4.9.3/../../../../arm-none-eabi/lib/armv7-m/libcr_nohost.a(_cr__main.o)
 .comment       0x0000000000000000       0x71 /Applications/lpcxpresso_7.6.2_326/lpcxpresso/tools/bin/../lib/gcc/arm-none-eabi/4.9.3/../../../../arm-none-eabi/lib/armv7-m/libcr_c.a(memcpy.o)
 .comment       0x0000000000000000       0x71 /Applications/lpcxpresso_7.6.2_326/lpcxpresso/tools/bin/../lib/gcc/arm-none-eabi/4.9.3/../../../../arm-none-eabi/lib/armv7-m/libcr_c.a(memset.o)
 .comment       0x0000000000000000       0x71 /Applications/lpcxpresso_7.6.2_326/lpcxpresso/tools/bin/../lib/gcc/arm-none-eabi/4.9.3/../../../../arm-none-eabi/lib/armv7-m/libcr_c.a(fpprintf.o)
 .comment       0x0000000000000000       0x71 /Applications/lpcxpresso_7.6.2_326/lpcxpresso/tools/bin/../lib/gcc/arm-none-eabi/4.9.3/../../../../arm-none-eabi/lib/armv7-m/libcr_c.a(initio.o)
 .comment       0x0000000000000000       0x71 /Applications/lpcxpresso_7.6.2_326/lpcxpresso/tools/bin/../lib/gcc/arm-none-eabi/4.9.3/../../../../arm-none-eabi/lib/armv7-m/libcr_c.a(printf.o)
 .comment       0x0000000000000000       0x71 /Applications/lpcxpresso_7.6.2_326/lpcxpresso/tools/bin/../lib/gcc/arm-none-eabi/4.9.3/../../../../arm-none-eabi/lib/armv7-m/libcr_c.a(setvbuf.o)
 .comment       0x0000000000000000       0x71 /Applications/lpcxpresso_7.6.2_326/lpcxpresso/tools/bin/../lib/gcc/arm-none-eabi/4.9.3/../../../../arm-none-eabi/lib/armv7-m/libcr_c.a(stdio.o)
 .comment       0x0000000000000000       0x71 /Applications/lpcxpresso_7.6.2_326/lpcxpresso/tools/bin/../lib/gcc/arm-none-eabi/4.9.3/../../../../arm-none-eabi/lib/armv7-m/libcr_c.a(strcat.o)
 .comment       0x0000000000000000       0x71 /Applications/lpcxpresso_7.6.2_326/lpcxpresso/tools/bin/../lib/gcc/arm-none-eabi/4.9.3/../../../../arm-none-eabi/lib/armv7-m/libcr_c.a(strlen.o)
 .comment       0x0000000000000000       0x71 /Applications/lpcxpresso_7.6.2_326/lpcxpresso/tools/bin/../lib/gcc/arm-none-eabi/4.9.3/../../../../arm-none-eabi/lib/armv7-m/libcr_c.a(strncpy.o)
 .comment       0x0000000000000000       0x71 /Applications/lpcxpresso_7.6.2_326/lpcxpresso/tools/bin/../lib/gcc/arm-none-eabi/4.9.3/../../../../arm-none-eabi/lib/armv7-m/libcr_c.a(_deferredlazyseek.o)
 .comment       0x0000000000000000       0x71 /Applications/lpcxpresso_7.6.2_326/lpcxpresso/tools/bin/../lib/gcc/arm-none-eabi/4.9.3/../../../../arm-none-eabi/lib/armv7-m/libcr_c.a(_fdopen.o)
 .comment       0x0000000000000000       0x71 /Applications/lpcxpresso_7.6.2_326/lpcxpresso/tools/bin/../lib/gcc/arm-none-eabi/4.9.3/../../../../arm-none-eabi/lib/armv7-m/libcr_c.a(_fflush.o)
 .comment       0x0000000000000000       0x71 /Applications/lpcxpresso_7.6.2_326/lpcxpresso/tools/bin/../lib/gcc/arm-none-eabi/4.9.3/../../../../arm-none-eabi/lib/armv7-m/libcr_c.a(_frexpl.o)
 .comment       0x0000000000000000       0x71 /Applications/lpcxpresso_7.6.2_326/lpcxpresso/tools/bin/../lib/gcc/arm-none-eabi/4.9.3/../../../../arm-none-eabi/lib/armv7-m/libcr_c.a(_ldexpl.o)
 .comment       0x0000000000000000       0x71 /Applications/lpcxpresso_7.6.2_326/lpcxpresso/tools/bin/../lib/gcc/arm-none-eabi/4.9.3/../../../../arm-none-eabi/lib/armv7-m/libcr_c.a(_writebuf.o)
 .comment       0x0000000000000000       0x71 /Applications/lpcxpresso_7.6.2_326/lpcxpresso/tools/bin/../lib/gcc/arm-none-eabi/4.9.3/../../../../arm-none-eabi/lib/armv7-m/libcr_c.a(alloc.o)
 .comment       0x0000000000000000       0x71 /Applications/lpcxpresso_7.6.2_326/lpcxpresso/tools/bin/../lib/gcc/arm-none-eabi/4.9.3/../../../../arm-none-eabi/lib/armv7-m/libcr_c.a(errno.o)
 .comment       0x0000000000000000       0x71 /Applications/lpcxpresso_7.6.2_326/lpcxpresso/tools/bin/../lib/gcc/arm-none-eabi/4.9.3/../../../../arm-none-eabi/lib/armv7-m/libcr_c.a(fclose.o)
 .comment       0x0000000000000000       0x71 /Applications/lpcxpresso_7.6.2_326/lpcxpresso/tools/bin/../lib/gcc/arm-none-eabi/4.9.3/../../../../arm-none-eabi/lib/armv7-m/libcr_c.a(fflush.o)
 .comment       0x0000000000000000       0x71 /Applications/lpcxpresso_7.6.2_326/lpcxpresso/tools/bin/../lib/gcc/arm-none-eabi/4.9.3/../../../../arm-none-eabi/lib/armv7-m/libcr_c.a(fseek.o)
 .comment       0x0000000000000000       0x71 /Applications/lpcxpresso_7.6.2_326/lpcxpresso/tools/bin/../lib/gcc/arm-none-eabi/4.9.3/../../../../arm-none-eabi/lib/armv7-m/libcr_c.a(ftell.o)
 .comment       0x0000000000000000       0x71 /Applications/lpcxpresso_7.6.2_326/lpcxpresso/tools/bin/../lib/gcc/arm-none-eabi/4.9.3/../../../../arm-none-eabi/lib/armv7-m/libcr_c.a(remove.o)
 .comment       0x0000000000000000       0x71 /Applications/lpcxpresso_7.6.2_326/lpcxpresso/tools/bin/../lib/gcc/arm-none-eabi/4.9.3/../../../../arm-none-eabi/lib/armv7-m/libcr_c.a(__init_alloc.o)
 .comment       0x0000000000000000       0x71 /Applications/lpcxpresso_7.6.2_326/lpcxpresso/tools/bin/../lib/gcc/arm-none-eabi/4.9.3/../../../../arm-none-eabi/lib/armv7-m/libcr_c.a(_cr_sbrk.o)
 .comment       0x0000000000000000       0x71 /Applications/lpcxpresso_7.6.2_326/lpcxpresso/tools/bin/../lib/gcc/arm-none-eabi/4.9.3/../../../../arm-none-eabi/lib/armv7-m/libcr_c.a(_do_fflush.o)
 .comment       0x0000000000000000       0x71 /Applications/lpcxpresso_7.6.2_326/lpcxpresso/tools/bin/../lib/gcc/arm-none-eabi/4.9.3/../../../../arm-none-eabi/lib/armv7-m/libcr_c.a(_hugeval.o)
 .comment       0x0000000000000000       0x71 /Applications/lpcxpresso_7.6.2_326/lpcxpresso/tools/bin/../lib/gcc/arm-none-eabi/4.9.3/../../../../arm-none-eabi/lib/armv7-m/libcr_c.a(_cr_check_heap.o)
 .comment       0x0000000000000000       0x71 /Applications/lpcxpresso_7.6.2_326/lpcxpresso/tools/bin/../lib/gcc/arm-none-eabi/4.9.3/armv7-m/libcr_eabihelpers.a(double.o)
 .comment       0x0000000000000000       0x71 /Applications/lpcxpresso_7.6.2_326/lpcxpresso/tools/bin/../lib/gcc/arm-none-eabi/4.9.3/../../../../arm-none-eabi/lib/armv7-m/libcr_nohost.a(__sys_appexit.o)
 .comment       0x0000000000000000       0x71 /Applications/lpcxpresso_7.6.2_326/lpcxpresso/tools/bin/../lib/gcc/arm-none-eabi/4.9.3/../../../../arm-none-eabi/lib/armv7-m/libcr_nohost.a(__sys_close.o)
 .comment       0x0000000000000000       0x71 /Applications/lpcxpresso_7.6.2_326/lpcxpresso/tools/bin/../lib/gcc/arm-none-eabi/4.9.3/../../../../arm-none-eabi/lib/armv7-m/libcr_nohost.a(__sys_flen.o)
 .comment       0x0000000000000000       0x71 /Applications/lpcxpresso_7.6.2_326/lpcxpresso/tools/bin/../lib/gcc/arm-none-eabi/4.9.3/../../../../arm-none-eabi/lib/armv7-m/libcr_nohost.a(__sys_istty.o)
 .comment       0x0000000000000000       0x71 /Applications/lpcxpresso_7.6.2_326/lpcxpresso/tools/bin/../lib/gcc/arm-none-eabi/4.9.3/../../../../arm-none-eabi/lib/armv7-m/libcr_nohost.a(__sys_remove.o)
 .comment       0x0000000000000000       0x71 /Applications/lpcxpresso_7.6.2_326/lpcxpresso/tools/bin/../lib/gcc/arm-none-eabi/4.9.3/../../../../arm-none-eabi/lib/armv7-m/libcr_nohost.a(__sys_seek.o)
 .comment       0x0000000000000000       0x71 /Applications/lpcxpresso_7.6.2_326/lpcxpresso/tools/bin/../lib/gcc/arm-none-eabi/4.9.3/../../../../arm-none-eabi/lib/armv7-m/libcr_nohost.a(__sys_tmpnam.o)
 .comment       0x0000000000000000       0x71 /Applications/lpcxpresso_7.6.2_326/lpcxpresso/tools/bin/../lib/gcc/arm-none-eabi/4.9.3/../../../../arm-none-eabi/lib/armv7-m/libcr_nohost.a(__sys_write.o)

.ARM.attributes
                0x0000000000000000       0x31
 .ARM.attributes
                0x0000000000000000       0x33 ./cr_startup_lpc17.o
 .ARM.attributes
                0x0000000000000033       0x33 ./main.o
 .ARM.attributes
                0x0000000000000066       0x33 /Users/wavelife/Documents/UOC/TFC/pfc/LPC1769_UOC_Library/Debug/libLPC1769_UOC_Library.a(log.o)
 .ARM.attributes
                0x0000000000000099       0x33 /Users/wavelife/Documents/UOC/TFC/pfc/LPC1769_UOC_Library/Debug/libLPC1769_UOC_Library.a(printf.o)
 .ARM.attributes
                0x00000000000000cc       0x33 /Users/wavelife/Documents/UOC/TFC/pfc/LPC1769_UOC_Library/Debug/libLPC1769_UOC_Library.a(uart.o)
 .ARM.attributes
                0x00000000000000ff       0x33 /Users/wavelife/Documents/UOC/TFC/pfc/CMSISv2p00_LPC17xx/Debug/libCMSISv2p00_LPC17xx.a(system_LPC17xx.o)
 .ARM.attributes
                0x0000000000000132       0x33 /Users/wavelife/Documents/UOC/TFC/pfc/FreeRTOS_Library/Debug/libFreeRTOS_Library.a(port.o)
 .ARM.attributes
                0x0000000000000165       0x33 /Users/wavelife/Documents/UOC/TFC/pfc/FreeRTOS_Library/Debug/libFreeRTOS_Library.a(queue.o)
 .ARM.attributes
                0x0000000000000198       0x33 /Users/wavelife/Documents/UOC/TFC/pfc/FreeRTOS_Library/Debug/libFreeRTOS_Library.a(tasks.o)
 .ARM.attributes
                0x00000000000001cb       0x33 /Users/wavelife/Documents/UOC/TFC/pfc/FreeRTOS_Library/Debug/libFreeRTOS_Library.a(heap_2.o)
 .ARM.attributes
                0x00000000000001fe       0x33 /Users/wavelife/Documents/UOC/TFC/pfc/FreeRTOS_Library/Debug/libFreeRTOS_Library.a(list.o)
 .ARM.attributes
                0x0000000000000231       0x33 /Applications/lpcxpresso_7.6.2_326/lpcxpresso/tools/bin/../lib/gcc/arm-none-eabi/4.9.3/../../../../arm-none-eabi/lib/armv7-m/libcr_nohost.a(_cr__main.o)
 .ARM.attributes
                0x0000000000000264       0x33 /Applications/lpcxpresso_7.6.2_326/lpcxpresso/tools/bin/../lib/gcc/arm-none-eabi/4.9.3/../../../../arm-none-eabi/lib/armv7-m/libcr_c.a(memcpy.o)
 .ARM.attributes
                0x0000000000000297       0x33 /Applications/lpcxpresso_7.6.2_326/lpcxpresso/tools/bin/../lib/gcc/arm-none-eabi/4.9.3/../../../../arm-none-eabi/lib/armv7-m/libcr_c.a(memset.o)
 .ARM.attributes
                0x00000000000002ca       0x33 /Applications/lpcxpresso_7.6.2_326/lpcxpresso/tools/bin/../lib/gcc/arm-none-eabi/4.9.3/../../../../arm-none-eabi/lib/armv7-m/libcr_c.a(fpprintf.o)
 .ARM.attributes
                0x00000000000002fd       0x33 /Applications/lpcxpresso_7.6.2_326/lpcxpresso/tools/bin/../lib/gcc/arm-none-eabi/4.9.3/../../../../arm-none-eabi/lib/armv7-m/libcr_c.a(initio.o)
 .ARM.attributes
                0x0000000000000330       0x33 /Applications/lpcxpresso_7.6.2_326/lpcxpresso/tools/bin/../lib/gcc/arm-none-eabi/4.9.3/../../../../arm-none-eabi/lib/armv7-m/libcr_c.a(printf.o)
 .ARM.attributes
                0x0000000000000363       0x33 /Applications/lpcxpresso_7.6.2_326/lpcxpresso/tools/bin/../lib/gcc/arm-none-eabi/4.9.3/../../../../arm-none-eabi/lib/armv7-m/libcr_c.a(setvbuf.o)
 .ARM.attributes
                0x0000000000000396       0x33 /Applications/lpcxpresso_7.6.2_326/lpcxpresso/tools/bin/../lib/gcc/arm-none-eabi/4.9.3/../../../../arm-none-eabi/lib/armv7-m/libcr_c.a(stdio.o)
 .ARM.attributes
                0x00000000000003c9       0x33 /Applications/lpcxpresso_7.6.2_326/lpcxpresso/tools/bin/../lib/gcc/arm-none-eabi/4.9.3/../../../../arm-none-eabi/lib/armv7-m/libcr_c.a(strcat.o)
 .ARM.attributes
                0x00000000000003fc       0x33 /Applications/lpcxpresso_7.6.2_326/lpcxpresso/tools/bin/../lib/gcc/arm-none-eabi/4.9.3/../../../../arm-none-eabi/lib/armv7-m/libcr_c.a(strlen.o)
 .ARM.attributes
                0x000000000000042f       0x33 /Applications/lpcxpresso_7.6.2_326/lpcxpresso/tools/bin/../lib/gcc/arm-none-eabi/4.9.3/../../../../arm-none-eabi/lib/armv7-m/libcr_c.a(strncpy.o)
 .ARM.attributes
                0x0000000000000462       0x33 /Applications/lpcxpresso_7.6.2_326/lpcxpresso/tools/bin/../lib/gcc/arm-none-eabi/4.9.3/../../../../arm-none-eabi/lib/armv7-m/libcr_c.a(_deferredlazyseek.o)
 .ARM.attributes
                0x0000000000000495       0x33 /Applications/lpcxpresso_7.6.2_326/lpcxpresso/tools/bin/../lib/gcc/arm-none-eabi/4.9.3/../../../../arm-none-eabi/lib/armv7-m/libcr_c.a(_fdopen.o)
 .ARM.attributes
                0x00000000000004c8       0x33 /Applications/lpcxpresso_7.6.2_326/lpcxpresso/tools/bin/../lib/gcc/arm-none-eabi/4.9.3/../../../../arm-none-eabi/lib/armv7-m/libcr_c.a(_fflush.o)
 .ARM.attributes
                0x00000000000004fb       0x33 /Applications/lpcxpresso_7.6.2_326/lpcxpresso/tools/bin/../lib/gcc/arm-none-eabi/4.9.3/../../../../arm-none-eabi/lib/armv7-m/libcr_c.a(_frexpl.o)
 .ARM.attributes
                0x000000000000052e       0x33 /Applications/lpcxpresso_7.6.2_326/lpcxpresso/tools/bin/../lib/gcc/arm-none-eabi/4.9.3/../../../../arm-none-eabi/lib/armv7-m/libcr_c.a(_ldexpl.o)
 .ARM.attributes
                0x0000000000000561       0x33 /Applications/lpcxpresso_7.6.2_326/lpcxpresso/tools/bin/../lib/gcc/arm-none-eabi/4.9.3/../../../../arm-none-eabi/lib/armv7-m/libcr_c.a(_writebuf.o)
 .ARM.attributes
                0x0000000000000594       0x33 /Applications/lpcxpresso_7.6.2_326/lpcxpresso/tools/bin/../lib/gcc/arm-none-eabi/4.9.3/../../../../arm-none-eabi/lib/armv7-m/libcr_c.a(alloc.o)
 .ARM.attributes
                0x00000000000005c7       0x33 /Applications/lpcxpresso_7.6.2_326/lpcxpresso/tools/bin/../lib/gcc/arm-none-eabi/4.9.3/../../../../arm-none-eabi/lib/armv7-m/libcr_c.a(errno.o)
 .ARM.attributes
                0x00000000000005fa       0x33 /Applications/lpcxpresso_7.6.2_326/lpcxpresso/tools/bin/../lib/gcc/arm-none-eabi/4.9.3/../../../../arm-none-eabi/lib/armv7-m/libcr_c.a(fclose.o)
 .ARM.attributes
                0x000000000000062d       0x33 /Applications/lpcxpresso_7.6.2_326/lpcxpresso/tools/bin/../lib/gcc/arm-none-eabi/4.9.3/../../../../arm-none-eabi/lib/armv7-m/libcr_c.a(fflush.o)
 .ARM.attributes
                0x0000000000000660       0x33 /Applications/lpcxpresso_7.6.2_326/lpcxpresso/tools/bin/../lib/gcc/arm-none-eabi/4.9.3/../../../../arm-none-eabi/lib/armv7-m/libcr_c.a(fseek.o)
 .ARM.attributes
                0x0000000000000693       0x33 /Applications/lpcxpresso_7.6.2_326/lpcxpresso/tools/bin/../lib/gcc/arm-none-eabi/4.9.3/../../../../arm-none-eabi/lib/armv7-m/libcr_c.a(ftell.o)
 .ARM.attributes
                0x00000000000006c6       0x33 /Applications/lpcxpresso_7.6.2_326/lpcxpresso/tools/bin/../lib/gcc/arm-none-eabi/4.9.3/../../../../arm-none-eabi/lib/armv7-m/libcr_c.a(remove.o)
 .ARM.attributes
                0x00000000000006f9       0x33 /Applications/lpcxpresso_7.6.2_326/lpcxpresso/tools/bin/../lib/gcc/arm-none-eabi/4.9.3/../../../../arm-none-eabi/lib/armv7-m/libcr_c.a(__init_alloc.o)
 .ARM.attributes
                0x000000000000072c       0x33 /Applications/lpcxpresso_7.6.2_326/lpcxpresso/tools/bin/../lib/gcc/arm-none-eabi/4.9.3/../../../../arm-none-eabi/lib/armv7-m/libcr_c.a(_cr_sbrk.o)
 .ARM.attributes
                0x000000000000075f       0x33 /Applications/lpcxpresso_7.6.2_326/lpcxpresso/tools/bin/../lib/gcc/arm-none-eabi/4.9.3/../../../../arm-none-eabi/lib/armv7-m/libcr_c.a(_do_fflush.o)
 .ARM.attributes
                0x0000000000000792       0x33 /Applications/lpcxpresso_7.6.2_326/lpcxpresso/tools/bin/../lib/gcc/arm-none-eabi/4.9.3/../../../../arm-none-eabi/lib/armv7-m/libcr_c.a(_hugeval.o)
 .ARM.attributes
                0x00000000000007c5       0x33 /Applications/lpcxpresso_7.6.2_326/lpcxpresso/tools/bin/../lib/gcc/arm-none-eabi/4.9.3/../../../../arm-none-eabi/lib/armv7-m/libcr_c.a(_cr_check_heap.o)
 .ARM.attributes
                0x00000000000007f8       0x33 /Applications/lpcxpresso_7.6.2_326/lpcxpresso/tools/bin/../lib/gcc/arm-none-eabi/4.9.3/armv7-m/libcr_eabihelpers.a(double.o)
 .ARM.attributes
                0x000000000000082b       0x21 /Applications/lpcxpresso_7.6.2_326/lpcxpresso/tools/bin/../lib/gcc/arm-none-eabi/4.9.3/armv7-m/libcr_eabihelpers.a(memcpy.o)
 .ARM.attributes
                0x000000000000084c       0x33 /Applications/lpcxpresso_7.6.2_326/lpcxpresso/tools/bin/../lib/gcc/arm-none-eabi/4.9.3/../../../../arm-none-eabi/lib/armv7-m/libcr_nohost.a(__sys_appexit.o)
 .ARM.attributes
                0x000000000000087f       0x33 /Applications/lpcxpresso_7.6.2_326/lpcxpresso/tools/bin/../lib/gcc/arm-none-eabi/4.9.3/../../../../arm-none-eabi/lib/armv7-m/libcr_nohost.a(__sys_close.o)
 .ARM.attributes
                0x00000000000008b2       0x33 /Applications/lpcxpresso_7.6.2_326/lpcxpresso/tools/bin/../lib/gcc/arm-none-eabi/4.9.3/../../../../arm-none-eabi/lib/armv7-m/libcr_nohost.a(__sys_flen.o)
 .ARM.attributes
                0x00000000000008e5       0x33 /Applications/lpcxpresso_7.6.2_326/lpcxpresso/tools/bin/../lib/gcc/arm-none-eabi/4.9.3/../../../../arm-none-eabi/lib/armv7-m/libcr_nohost.a(__sys_istty.o)
 .ARM.attributes
                0x0000000000000918       0x33 /Applications/lpcxpresso_7.6.2_326/lpcxpresso/tools/bin/../lib/gcc/arm-none-eabi/4.9.3/../../../../arm-none-eabi/lib/armv7-m/libcr_nohost.a(__sys_remove.o)
 .ARM.attributes
                0x000000000000094b       0x33 /Applications/lpcxpresso_7.6.2_326/lpcxpresso/tools/bin/../lib/gcc/arm-none-eabi/4.9.3/../../../../arm-none-eabi/lib/armv7-m/libcr_nohost.a(__sys_seek.o)
 .ARM.attributes
                0x000000000000097e       0x33 /Applications/lpcxpresso_7.6.2_326/lpcxpresso/tools/bin/../lib/gcc/arm-none-eabi/4.9.3/../../../../arm-none-eabi/lib/armv7-m/libcr_nohost.a(__sys_tmpnam.o)
 .ARM.attributes
                0x00000000000009b1       0x33 /Applications/lpcxpresso_7.6.2_326/lpcxpresso/tools/bin/../lib/gcc/arm-none-eabi/4.9.3/../../../../arm-none-eabi/lib/armv7-m/libcr_nohost.a(__sys_write.o)

.debug_frame    0x0000000000000000      0xc40
 .debug_frame   0x0000000000000000       0xc8 ./cr_startup_lpc17.o
 .debug_frame   0x00000000000000c8      0x104 ./main.o
 .debug_frame   0x00000000000001cc       0x6c /Users/wavelife/Documents/UOC/TFC/pfc/LPC1769_UOC_Library/Debug/libLPC1769_UOC_Library.a(log.o)
 .debug_frame   0x0000000000000238      0x184 /Users/wavelife/Documents/UOC/TFC/pfc/LPC1769_UOC_Library/Debug/libLPC1769_UOC_Library.a(printf.o)
 .debug_frame   0x00000000000003bc      0x128 /Users/wavelife/Documents/UOC/TFC/pfc/LPC1769_UOC_Library/Debug/libLPC1769_UOC_Library.a(uart.o)
 .debug_frame   0x00000000000004e4       0x3c /Users/wavelife/Documents/UOC/TFC/pfc/CMSISv2p00_LPC17xx/Debug/libCMSISv2p00_LPC17xx.a(system_LPC17xx.o)
 .debug_frame   0x0000000000000520       0xc0 /Users/wavelife/Documents/UOC/TFC/pfc/FreeRTOS_Library/Debug/libFreeRTOS_Library.a(port.o)
 .debug_frame   0x00000000000005e0      0x210 /Users/wavelife/Documents/UOC/TFC/pfc/FreeRTOS_Library/Debug/libFreeRTOS_Library.a(queue.o)
 .debug_frame   0x00000000000007f0      0x374 /Users/wavelife/Documents/UOC/TFC/pfc/FreeRTOS_Library/Debug/libFreeRTOS_Library.a(tasks.o)
 .debug_frame   0x0000000000000b64       0x70 /Users/wavelife/Documents/UOC/TFC/pfc/FreeRTOS_Library/Debug/libFreeRTOS_Library.a(heap_2.o)
 .debug_frame   0x0000000000000bd4       0x6c /Users/wavelife/Documents/UOC/TFC/pfc/FreeRTOS_Library/Debug/libFreeRTOS_Library.a(list.o)
