Archive member included because of file (symbol)

/Users/Carles/Documents/pfc/LPC1769_UOC_Library/Debug/libLPC1769_UOC_Library.a(log.o)
                              ./main.o (logStart)
/Users/Carles/Documents/pfc/LPC1769_UOC_Library/Debug/libLPC1769_UOC_Library.a(printf.o)
                              ./main.o (printfStart)
/Users/Carles/Documents/pfc/LPC1769_UOC_Library/Debug/libLPC1769_UOC_Library.a(uart.o)
                              ./main.o (UART0Buffer)
/Users/Carles/Documents/pfc/CMSISv2p00_LPC17xx/Debug/libCMSISv2p00_LPC17xx.a(system_LPC17xx.o)
                              ./cr_startup_lpc17.o (SystemInit)
/Users/Carles/Documents/pfc/FreeRTOS_Library/Debug/libFreeRTOS_Library.a(queue.o)
                              /Users/Carles/Documents/pfc/LPC1769_UOC_Library/Debug/libLPC1769_UOC_Library.a(printf.o) (xQueueGenericCreate)
/Users/Carles/Documents/pfc/FreeRTOS_Library/Debug/libFreeRTOS_Library.a(tasks.o)
                              ./main.o (xTaskGenericCreate)
/Users/Carles/Documents/pfc/FreeRTOS_Library/Debug/libFreeRTOS_Library.a(heap_2.o)
                              /Users/Carles/Documents/pfc/FreeRTOS_Library/Debug/libFreeRTOS_Library.a(queue.o) (pvPortMalloc)
/Users/Carles/Documents/pfc/FreeRTOS_Library/Debug/libFreeRTOS_Library.a(port.o)
                              /Users/Carles/Documents/pfc/FreeRTOS_Library/Debug/libFreeRTOS_Library.a(tasks.o) (pxPortInitialiseStack)
/Users/Carles/Documents/pfc/FreeRTOS_Library/Debug/libFreeRTOS_Library.a(list.o)
                              /Users/Carles/Documents/pfc/FreeRTOS_Library/Debug/libFreeRTOS_Library.a(queue.o) (vListInitialise)
/Applications/lpcxpresso_7.6.2_326/lpcxpresso/tools/bin/../lib/gcc/arm-none-eabi/4.9.3/../../../../arm-none-eabi/lib/armv7-m/libcr_nohost.a(_cr__main.o)
                              ./cr_startup_lpc17.o (__main)
/Applications/lpcxpresso_7.6.2_326/lpcxpresso/tools/bin/../lib/gcc/arm-none-eabi/4.9.3/../../../../arm-none-eabi/lib/armv7-m/libcr_c.a(memcpy.o)
                              /Users/Carles/Documents/pfc/FreeRTOS_Library/Debug/libFreeRTOS_Library.a(queue.o) (memcpy)
/Applications/lpcxpresso_7.6.2_326/lpcxpresso/tools/bin/../lib/gcc/arm-none-eabi/4.9.3/../../../../arm-none-eabi/lib/armv7-m/libcr_c.a(memset.o)
                              ./main.o (memset)
/Applications/lpcxpresso_7.6.2_326/lpcxpresso/tools/bin/../lib/gcc/arm-none-eabi/4.9.3/../../../../arm-none-eabi/lib/armv7-m/libcr_c.a(fpprintf.o)
                              /Users/Carles/Documents/pfc/FreeRTOS_Library/Debug/libFreeRTOS_Library.a(tasks.o) (sprintf)
/Applications/lpcxpresso_7.6.2_326/lpcxpresso/tools/bin/../lib/gcc/arm-none-eabi/4.9.3/../../../../arm-none-eabi/lib/armv7-m/libcr_c.a(initio.o)
                              /Applications/lpcxpresso_7.6.2_326/lpcxpresso/tools/bin/../lib/gcc/arm-none-eabi/4.9.3/../../../../arm-none-eabi/lib/armv7-m/libcr_nohost.a(_cr__main.o) (_initio)
/Applications/lpcxpresso_7.6.2_326/lpcxpresso/tools/bin/../lib/gcc/arm-none-eabi/4.9.3/../../../../arm-none-eabi/lib/armv7-m/libcr_c.a(printf.o)
                              /Applications/lpcxpresso_7.6.2_326/lpcxpresso/tools/bin/../lib/gcc/arm-none-eabi/4.9.3/../../../../arm-none-eabi/lib/armv7-m/libcr_c.a(fpprintf.o) (__vfprintf)
/Applications/lpcxpresso_7.6.2_326/lpcxpresso/tools/bin/../lib/gcc/arm-none-eabi/4.9.3/../../../../arm-none-eabi/lib/armv7-m/libcr_c.a(setvbuf.o)
                              /Applications/lpcxpresso_7.6.2_326/lpcxpresso/tools/bin/../lib/gcc/arm-none-eabi/4.9.3/../../../../arm-none-eabi/lib/armv7-m/libcr_c.a(initio.o) (setvbuf)
/Applications/lpcxpresso_7.6.2_326/lpcxpresso/tools/bin/../lib/gcc/arm-none-eabi/4.9.3/../../../../arm-none-eabi/lib/armv7-m/libcr_c.a(stdio.o)
                              /Applications/lpcxpresso_7.6.2_326/lpcxpresso/tools/bin/../lib/gcc/arm-none-eabi/4.9.3/../../../../arm-none-eabi/lib/armv7-m/libcr_c.a(fpprintf.o) (__Ciob)
/Applications/lpcxpresso_7.6.2_326/lpcxpresso/tools/bin/../lib/gcc/arm-none-eabi/4.9.3/../../../../arm-none-eabi/lib/armv7-m/libcr_c.a(strcat.o)
                              /Users/Carles/Documents/pfc/FreeRTOS_Library/Debug/libFreeRTOS_Library.a(tasks.o) (strcat)
/Applications/lpcxpresso_7.6.2_326/lpcxpresso/tools/bin/../lib/gcc/arm-none-eabi/4.9.3/../../../../arm-none-eabi/lib/armv7-m/libcr_c.a(strlen.o)
                              ./main.o (strlen)
/Applications/lpcxpresso_7.6.2_326/lpcxpresso/tools/bin/../lib/gcc/arm-none-eabi/4.9.3/../../../../arm-none-eabi/lib/armv7-m/libcr_c.a(strncpy.o)
                              /Users/Carles/Documents/pfc/LPC1769_UOC_Library/Debug/libLPC1769_UOC_Library.a(printf.o) (strncpy)
/Applications/lpcxpresso_7.6.2_326/lpcxpresso/tools/bin/../lib/gcc/arm-none-eabi/4.9.3/../../../../arm-none-eabi/lib/armv7-m/libcr_c.a(__fillbuf.o)
                              /Applications/lpcxpresso_7.6.2_326/lpcxpresso/tools/bin/../lib/gcc/arm-none-eabi/4.9.3/../../../../arm-none-eabi/lib/armv7-m/libcr_c.a(stdio.o) (__filbuf)
[...]
Memory Configuration

Name             Origin             Length             Attributes
MFlash512        0x0000000000000000 0x0000000000080000 xr
RamLoc32         0x0000000010000000 0x0000000000008000 xrw
RamAHB32         0x000000002007c000 0x0000000000008000 xrw
*default*        0x0000000000000000 0xffffffffffffffff

Linker script and memory map

LOAD ./cr_startup_lpc17.o
LOAD ./main.o
LOAD ./main_OLD.o
LOAD /Users/Carles/Documents/pfc/LPC1769_UOC_Library/Debug/libLPC1769_UOC_Library.a
LOAD /Users/Carles/Documents/pfc/CMSISv2p00_LPC17xx/Debug/libCMSISv2p00_LPC17xx.a
LOAD /Users/Carles/Documents/pfc/FreeRTOS_Library/Debug/libFreeRTOS_Library.a
START GROUP
LOAD /Applications/lpcxpresso_7.6.2_326/lpcxpresso/tools/bin/../lib/gcc/arm-none-eabi/4.9.3/../../../../arm-none-eabi/lib/armv7-m/libcr_nohost.a
LOAD /Applications/lpcxpresso_7.6.2_326/lpcxpresso/tools/bin/../lib/gcc/arm-none-eabi/4.9.3/../../../../arm-none-eabi/lib/armv7-m/libcr_c.a
LOAD /Applications/lpcxpresso_7.6.2_326/lpcxpresso/tools/bin/../lib/gcc/arm-none-eabi/4.9.3/armv7-m/libcr_eabihelpers.a
END GROUP
                0x0000000000080000                __top_MFlash512 = 0x80000
                0x0000000010008000                __top_RamLoc32 = 0x10008000
                0x0000000020084000                __top_RamAHB32 = 0x20084000

.text           0x0000000000000000     0x5058
 FILL mask 0xff
                0x0000000000000000                __vectors_start__ = ABSOLUTE (.)
 *(.isr_vector)
 .isr_vector    0x0000000000000000       0xcc ./cr_startup_lpc17.o
                0x0000000000000000                g_pfnVectors
                0x00000000000000cc                . = ALIGN (0x4)
                0x00000000000000cc                __section_table_start = .
                0x00000000000000cc                __data_section_table = .
                0x00000000000000cc        0x4 LONG 0x5058 LOADADDR (.data)
                0x00000000000000d0        0x4 LONG 0x10000000 ADDR (.data)
                0x00000000000000d4        0x4 LONG 0x18 SIZEOF (.data)
                0x00000000000000d8        0x4 LONG 0x5058 LOADADDR (.data_RAM2)
                0x00000000000000dc        0x4 LONG 0x2007c000 ADDR (.data_RAM2)
                0x00000000000000e0        0x4 LONG 0x0 SIZEOF (.data_RAM2)
                0x00000000000000e4                __data_section_table_end = .
                0x00000000000000e4                __bss_section_table = .
                0x00000000000000e4        0x4 LONG 0x10000018 ADDR (.bss)
                0x00000000000000e8        0x4 LONG 0x5048 SIZEOF (.bss)
                0x00000000000000ec        0x4 LONG 0x2007c000 ADDR (.bss_RAM2)
                0x00000000000000f0        0x4 LONG 0x0 SIZEOF (.bss_RAM2)
                0x00000000000000f4                __bss_section_table_end = .
                0x00000000000000f4                __section_table_end = .
 *(.after_vectors*)
 *(.text*)
 .text.ResetISR
                0x00000000000000f4       0x58 ./cr_startup_lpc17.o
                0x00000000000000f4                ResetISR
 .text.NMI_Handler
                0x000000000000014c        0x8 ./cr_startup_lpc17.o
                0x000000000000014c                NMI_Handler
 .text.HardFault_Handler
                0x0000000000000154        0x8 ./cr_startup_lpc17.o
                0x0000000000000154                HardFault_Handler
 .text.MemManage_Handler
                0x000000000000015c        0x8 ./cr_startup_lpc17.o
                0x000000000000015c                MemManage_Handler
 .text.BusFault_Handler
                0x0000000000000164        0x8 ./cr_startup_lpc17.o
                0x0000000000000164                BusFault_Handler
 .text.UsageFault_Handler
                0x000000000000016c        0x8 ./cr_startup_lpc17.o
                0x000000000000016c                UsageFault_Handler
 .text.SVCall_Handler
                0x0000000000000174        0x8 ./cr_startup_lpc17.o
                0x0000000000000174                SVCall_Handler
 .text.DebugMon_Handler
                0x000000000000017c        0x8 ./cr_startup_lpc17.o
                0x000000000000017c                DebugMon_Handler
 .text.PendSV_Handler
                0x0000000000000184        0x8 ./cr_startup_lpc17.o
                0x0000000000000184                PendSV_Handler
 .text.SysTick_Handler
                0x000000000000018c        0x8 ./cr_startup_lpc17.o
                0x000000000000018c                SysTick_Handler
 .text.IntDefaultHandler
                0x0000000000000194        0x8 ./cr_startup_lpc17.o
                0x0000000000000194                ENET_IRQHandler
                0x0000000000000194                RIT_IRQHandler
                0x0000000000000194                I2C0_IRQHandler
                0x0000000000000194                USBActivity_IRQHandler
                0x0000000000000194                PWM1_IRQHandler
                0x0000000000000194                I2C1_IRQHandler
                0x0000000000000194                EINT2_IRQHandler
                0x0000000000000194                EINT3_IRQHandler
                0x0000000000000194                CANActivity_IRQHandler
                0x0000000000000194                TIMER3_IRQHandler
                0x0000000000000194                IntDefaultHandler
                0x0000000000000194                PLL0_IRQHandler
                0x0000000000000194                CAN_IRQHandler
                0x0000000000000194                PLL1_IRQHandler
                0x0000000000000194                SSP0_IRQHandler
                0x0000000000000194                I2S_IRQHandler
                0x0000000000000194                I2C2_IRQHandler
                0x0000000000000194                RTC_IRQHandler
                0x0000000000000194                TIMER0_IRQHandler
                0x0000000000000194                SPI_IRQHandler
                0x0000000000000194                EINT1_IRQHandler
                0x0000000000000194                TIMER1_IRQHandler
                0x0000000000000194                ADC_IRQHandler
                0x0000000000000194                SSP1_IRQHandler
                0x0000000000000194                USB_IRQHandler
                0x0000000000000194                BOD_IRQHandler
                0x0000000000000194                WDT_IRQHandler
                0x0000000000000194                QEI_IRQHandler
                0x0000000000000194                EINT0_IRQHandler
                0x0000000000000194                DMA_IRQHandler
                0x0000000000000194                MCPWM_IRQHandler
                0x0000000000000194                TIMER2_IRQHandler
 .text.main     0x000000000000019c      0x148 ./main.o
                0x000000000000019c                main
 .text.test1    0x00000000000002e4       0x98 ./main.o
                0x00000000000002e4                test1
 .text.test2    0x000000000000037c       0x68 ./main.o
                0x000000000000037c                test2
 .text.test3    0x00000000000003e4       0xec ./main.o
                0x00000000000003e4                test3
 .text.test4    0x00000000000004d0       0x68 ./main.o
                0x00000000000004d0                test4
 .text.logStart
                0x0000000000000538       0x1c /Users/Carles/Documents/pfc/LPC1769_UOC_Library/Debug/libLPC1769_UOC_Library.a(log.o)
                0x0000000000000538                logStart
 .text.logLog   0x0000000000000554       0x4c /Users/Carles/Documents/pfc/LPC1769_UOC_Library/Debug/libLPC1769_UOC_Library.a(log.o)
                0x0000000000000554                logLog
 .text.printfStart
                0x00000000000005a0      0x124 /Users/Carles/Documents/pfc/LPC1769_UOC_Library/Debug/libLPC1769_UOC_Library.a(printf.o)
                0x00000000000005a0                printfStart
 .text.printfSend
                0x00000000000006c4       0xb0 /Users/Carles/Documents/pfc/LPC1769_UOC_Library/Debug/libLPC1769_UOC_Library.a(printf.o)
                0x00000000000006c4                printfSend
 .text.printfPrint
                0x0000000000000774       0x30 /Users/Carles/Documents/pfc/LPC1769_UOC_Library/Debug/libLPC1769_UOC_Library.a(printf.o)
                0x0000000000000774                printfPrint
 .text.printfVsprint
                0x00000000000007a4       0x28 /Users/Carles/Documents/pfc/LPC1769_UOC_Library/Debug/libLPC1769_UOC_Library.a(printf.o)
                0x00000000000007a4                printfVsprint
 .text.printfScanscanf
                0x00000000000007cc       0xec /Users/Carles/Documents/pfc/LPC1769_UOC_Library/Debug/libLPC1769_UOC_Library.a(printf.o)
                0x00000000000007cc                printfScanscanf
 .text.delayMs  0x00000000000008b8       0x30 /Users/Carles/Documents/pfc/LPC1769_UOC_Library/Debug/libLPC1769_UOC_Library.a(printf.o)
                0x00000000000008b8                delayMs
 .text.NVIC_EnableIRQ
                0x00000000000008e8       0x30 /Users/Carles/Documents/pfc/LPC1769_UOC_Library/Debug/libLPC1769_UOC_Library.a(uart.o)
 .text.UART0_IRQHandler
                0x0000000000000918       0xf4 /Users/Carles/Documents/pfc/LPC1769_UOC_Library/Debug/libLPC1769_UOC_Library.a(uart.o)
                0x0000000000000918                UART0_IRQHandler
 .text.UART1_IRQHandler
                0x0000000000000a0c       0xf4 /Users/Carles/Documents/pfc/LPC1769_UOC_Library/Debug/libLPC1769_UOC_Library.a(uart.o)
                0x0000000000000a0c                UART1_IRQHandler
 .text.UART2_IRQHandler
                0x0000000000000b00       0xf4 /Users/Carles/Documents/pfc/LPC1769_UOC_Library/Debug/libLPC1769_UOC_Library.a(uart.o)
                0x0000000000000b00                UART2_IRQHandler
 .text.UART3_IRQHandler
                0x0000000000000bf4       0xf4 /Users/Carles/Documents/pfc/LPC1769_UOC_Library/Debug/libLPC1769_UOC_Library.a(uart.o)
                0x0000000000000bf4                UART3_IRQHandler
 .text.UARTInit
                0x0000000000000ce8      0x2d8 /Users/Carles/Documents/pfc/LPC1769_UOC_Library/Debug/libLPC1769_UOC_Library.a(uart.o)
                0x0000000000000ce8                UARTInit
 .text.UARTSend
                0x0000000000000fc0       0xdc /Users/Carles/Documents/pfc/LPC1769_UOC_Library/Debug/libLPC1769_UOC_Library.a(uart.o)
                0x0000000000000fc0                UARTSend
 .text.SystemInit
                0x000000000000109c       0x9c /Users/Carles/Documents/pfc/CMSISv2p00_LPC17xx/Debug/libCMSISv2p00_LPC17xx.a(system_LPC17xx.o)
                0x000000000000109c                SystemInit
 .text          0x0000000000001138      0x574 /Users/Carles/Documents/pfc/FreeRTOS_Library/Debug/libFreeRTOS_Library.a(queue.o)
                0x0000000000001234                xQueueGenericCreate
                0x000000000000129c                xQueueGenericSend
                0x0000000000001378                xQueueCreateMutex
                0x00000000000013c4                xQueueGiveMutexRecursive
                0x00000000000013f4                xQueueGenericSendFromISR
                0x000000000000144c                xQueueGenericReceive
                0x000000000000155c                xQueueTakeMutexRecursive
                0x0000000000001590                xQueueReceiveFromISR
                0x00000000000015ec                uxQueueMessagesWaiting
                0x0000000000001600                uxQueueMessagesWaitingFromISR
                0x0000000000001604                vQueueDelete
                0x0000000000001644                ucQueueGetQueueNumber
                0x000000000000164c                vQueueSetQueueNumber
                0x0000000000001654                ucQueueGetQueueType
                0x000000000000165c                xQueueIsQueueEmptyFromISR
                0x0000000000001668                xQueueIsQueueFullFromISR
                0x0000000000001678                vQueueAddToRegistry
 .text          0x00000000000016ac      0xc0c /Users/Carles/Documents/pfc/FreeRTOS_Library/Debug/libFreeRTOS_Library.a(tasks.o)
                0x000000000000177c                xTaskGenericCreate
                0x0000000000001914                vTaskDelete
                0x000000000000197c                uxTaskPriorityGet
                0x0000000000001998                vTaskPrioritySet
                0x0000000000001a30                xTaskIsTaskSuspended
                0x0000000000001a54                vTaskResume
                0x0000000000001ab8                xTaskResumeFromISR
                0x0000000000001b38                vTaskStartScheduler
                0x0000000000001b80                vTaskEndScheduler
                0x0000000000001b9c                vTaskSuspendAll
                0x0000000000001bb0                xTaskGetTickCount
                0x0000000000001bc8                xTaskGetTickCountFromISR
                0x0000000000001be4                uxTaskGetNumberOfTasks
                0x0000000000001bf0                vTaskIncrementTick
                0x0000000000001cd4                xTaskResumeAll
                0x0000000000001da8                vTaskDelayUntil
                0x0000000000001e08                vTaskDelay
                0x0000000000001e8c                vTaskList
                0x0000000000001f48                vTaskSwitchContext
                0x0000000000001fd8                vTaskSuspend
                0x0000000000002084                vTaskPlaceOnEventList
                0x00000000000020c0                xTaskRemoveFromEventList
                0x000000000000212c                vTaskSetTimeOutState
                0x0000000000002140                xTaskCheckForTimeOut
                0x00000000000021a0                vTaskMissedYield
                0x00000000000021b0                uxTaskGetTaskNumber
                0x00000000000021bc                vTaskSetTaskNumber
                0x00000000000021c4                uxTaskGetStackHighWaterMark
                0x00000000000021f0                xTaskGetCurrentTaskHandle
                0x00000000000021fc                vTaskPriorityInherit
                0x000000000000226c                vTaskPriorityDisinherit
 .text          0x00000000000022b8      0x11c /Users/Carles/Documents/pfc/FreeRTOS_Library/Debug/libFreeRTOS_Library.a(heap_2.o)
                0x00000000000022b8                pvPortMalloc
                0x0000000000002380                vPortFree
                0x00000000000023c4                xPortGetFreeHeapSize
                0x00000000000023d0                vPortInitialiseBlocks
 .text          0x00000000000023d4      0x130 /Users/Carles/Documents/pfc/FreeRTOS_Library/Debug/libFreeRTOS_Library.a(port.o)
                0x00000000000023d4                pxPortInitialiseStack
                0x00000000000023f0                vPortSVCHandler
                0x0000000000002410                vPortStartFirstTask
                0x0000000000002420                xPortStartScheduler
                0x000000000000245c                vPortEndScheduler
                0x0000000000002460                vPortYieldFromISR
                0x0000000000002470                vPortEnterCritical
                0x0000000000002488                vPortExitCritical
                0x00000000000024a0                xPortPendSVHandler
                0x00000000000024dc                xPortSysTickHandler
 .text          0x0000000000002504       0x9c /Users/Carles/Documents/pfc/FreeRTOS_Library/Debug/libFreeRTOS_Library.a(list.o)
                0x0000000000002504                vListInitialise
                0x000000000000251c                vListInitialiseItem
                0x0000000000002524                vListInsertEnd
                0x0000000000002540                vListInsert
                0x000000000000257c                vListRemove
 .text.__main   0x00000000000025a0       0x14 /Applications/lpcxpresso_7.6.2_326/lpcxpresso/tools/bin/../lib/gcc/arm-none-eabi/4.9.3/../../../../arm-none-eabi/lib/armv7-m/libcr_nohost.a(_cr__main.o)
                0x00000000000025a0                __main
 .text.memcpy   0x00000000000025b4        0x4 /Applications/lpcxpresso_7.6.2_326/lpcxpresso/tools/bin/../lib/gcc/arm-none-eabi/4.9.3/../../../../arm-none-eabi/lib/armv7-m/libcr_c.a(memcpy.o)
                0x00000000000025b4                memcpy
 .text.memset   0x00000000000025b8        0x4 /Applications/lpcxpresso_7.6.2_326/lpcxpresso/tools/bin/../lib/gcc/arm-none-eabi/4.9.3/../../../../arm-none-eabi/lib/armv7-m/libcr_c.a(memset.o)
                0x00000000000025b8                memset
 .text.fp_round
                0x00000000000025bc       0x4a /Applications/lpcxpresso_7.6.2_326/lpcxpresso/tools/bin/../lib/gcc/arm-none-eabi/4.9.3/../../../../arm-none-eabi/lib/armv7-m/libcr_c.a(fpprintf.o)
 .text.pr_dec.constprop.1
                0x0000000000002606       0x26 /Applications/lpcxpresso_7.6.2_326/lpcxpresso/tools/bin/../lib/gcc/arm-none-eabi/4.9.3/../../../../arm-none-eabi/lib/armv7-m/libcr_c.a(fpprintf.o)
 .text.sprintf  0x000000000000262c       0x6c /Applications/lpcxpresso_7.6.2_326/lpcxpresso/tools/bin/../lib/gcc/arm-none-eabi/4.9.3/../../../../arm-none-eabi/lib/armv7-m/libcr_c.a(fpprintf.o)
                0x000000000000262c                sprintf
 .text.fp_display
                0x0000000000002698      0x900 /Applications/lpcxpresso_7.6.2_326/lpcxpresso/tools/bin/../lib/gcc/arm-none-eabi/4.9.3/../../../../arm-none-eabi/lib/armv7-m/libcr_c.a(fpprintf.o)
 .text.vsprintf
                0x0000000000002f98       0x5c /Applications/lpcxpresso_7.6.2_326/lpcxpresso/tools/bin/../lib/gcc/arm-none-eabi/4.9.3/../../../../arm-none-eabi/lib/armv7-m/libcr_c.a(fpprintf.o)
                0x0000000000002f98                vsprintf
 .text.vsnprintf
                0x0000000000002ff4       0x5c /Applications/lpcxpresso_7.6.2_326/lpcxpresso/tools/bin/../lib/gcc/arm-none-eabi/4.9.3/../../../../arm-none-eabi/lib/armv7-m/libcr_c.a(fpprintf.o)
                0x0000000000002ff4                vsnprintf
 .text.printf   0x0000000000003050       0x54 /Applications/lpcxpresso_7.6.2_326/lpcxpresso/tools/bin/../lib/gcc/arm-none-eabi/4.9.3/../../../../arm-none-eabi/lib/armv7-m/libcr_c.a(fpprintf.o)
                0x0000000000003050                printf
 .text._initio  0x00000000000030a4       0xa4 /Applications/lpcxpresso_7.6.2_326/lpcxpresso/tools/bin/../lib/gcc/arm-none-eabi/4.9.3/../../../../arm-none-eabi/lib/armv7-m/libcr_c.a(initio.o)
                0x00000000000030a4                _initio
 .text.__vfprintf
                0x0000000000003148      0xca4 /Applications/lpcxpresso_7.6.2_326/lpcxpresso/tools/bin/../lib/gcc/arm-none-eabi/4.9.3/../../../../arm-none-eabi/lib/armv7-m/libcr_c.a(printf.o)
                0x0000000000003148                __vfprintf
 .text.setvbuf  0x0000000000003dec       0x40 /Applications/lpcxpresso_7.6.2_326/lpcxpresso/tools/bin/../lib/gcc/arm-none-eabi/4.9.3/../../../../arm-none-eabi/lib/armv7-m/libcr_c.a(setvbuf.o)
                0x0000000000003dec                setvbuf
 .text.strcat   0x0000000000003e2c       0x1e /Applications/lpcxpresso_7.6.2_326/lpcxpresso/tools/bin/../lib/gcc/arm-none-eabi/4.9.3/../../../../arm-none-eabi/lib/armv7-m/libcr_c.a(strcat.o)
                0x0000000000003e2c                strcat
 .text.strlen   0x0000000000003e4a       0x4a /Applications/lpcxpresso_7.6.2_326/lpcxpresso/tools/bin/../lib/gcc/arm-none-eabi/4.9.3/../../../../arm-none-eabi/lib/armv7-m/libcr_c.a(strlen.o)
                0x0000000000003e4a                strlen
 .text.strncpy  0x0000000000003e94       0x58 /Applications/lpcxpresso_7.6.2_326/lpcxpresso/tools/bin/../lib/gcc/arm-none-eabi/4.9.3/../../../../arm-none-eabi/lib/armv7-m/libcr_c.a(strncpy.o)
                0x0000000000003e94                strncpy
 .text._deferredlazyseek
                0x0000000000003eec       0x44 /Applications/lpcxpresso_7.6.2_326/lpcxpresso/tools/bin/../lib/gcc/arm-none-eabi/4.9.3/../../../../arm-none-eabi/lib/armv7-m/libcr_c.a(_deferredlazyseek.o)
                0x0000000000003eec                _deferredlazyseek
 .text.__flsbuf
                0x0000000000003f30      0x142 /Applications/lpcxpresso_7.6.2_326/lpcxpresso/tools/bin/../lib/gcc/arm-none-eabi/4.9.3/../../../../arm-none-eabi/lib/armv7-m/libcr_c.a(_deferredlazyseek.o)
                0x0000000000003f30                __flsbuf
 .text._fdopen  0x0000000000004072       0x6a /Applications/lpcxpresso_7.6.2_326/lpcxpresso/tools/bin/../lib/gcc/arm-none-eabi/4.9.3/../../../../arm-none-eabi/lib/armv7-m/libcr_c.a(_fdopen.o)
                0x0000000000004072                _fdopen
 .text._fflush  0x00000000000040dc       0x58 /Applications/lpcxpresso_7.6.2_326/lpcxpresso/tools/bin/../lib/gcc/arm-none-eabi/4.9.3/../../../../arm-none-eabi/lib/armv7-m/libcr_c.a(_fflush.o)
                0x00000000000040dc                _fflush
 .text._frexpl  0x0000000000004134       0x5a /Applications/lpcxpresso_7.6.2_326/lpcxpresso/tools/bin/../lib/gcc/arm-none-eabi/4.9.3/../../../../arm-none-eabi/lib/armv7-m/libcr_c.a(_frexpl.o)
                0x0000000000004134                _frexpl
 *fill*         0x000000000000418e        0x2 
 .text._ldexpl  0x0000000000004190       0x4c /Applications/lpcxpresso_7.6.2_326/lpcxpresso/tools/bin/../lib/gcc/arm-none-eabi/4.9.3/../../../../arm-none-eabi/lib/armv7-m/libcr_c.a(_ldexpl.o)
                0x0000000000004190                _ldexpl
 .text._Cwritebuf
                0x00000000000041dc       0x70 /Applications/lpcxpresso_7.6.2_326/lpcxpresso/tools/bin/../lib/gcc/arm-none-eabi/4.9.3/../../../../arm-none-eabi/lib/armv7-m/libcr_c.a(_writebuf.o)
                0x00000000000041dc                _Cwritebuf
 .text.malloc   0x000000000000424c       0xcc /Applications/lpcxpresso_7.6.2_326/lpcxpresso/tools/bin/../lib/gcc/arm-none-eabi/4.9.3/../../../../arm-none-eabi/lib/armv7-m/libcr_c.a(alloc.o)
                0x000000000000424c                malloc
 .text.free     0x0000000000004318       0x30 /Applications/lpcxpresso_7.6.2_326/lpcxpresso/tools/bin/../lib/gcc/arm-none-eabi/4.9.3/../../../../arm-none-eabi/lib/armv7-m/libcr_c.a(alloc.o)
                0x0000000000004318                free
 .text._Csys_alloc
                0x0000000000004348       0x20 /Applications/lpcxpresso_7.6.2_326/lpcxpresso/tools/bin/../lib/gcc/arm-none-eabi/4.9.3/../../../../arm-none-eabi/lib/armv7-m/libcr_c.a(alloc.o)
                0x0000000000004348                _Csys_alloc
 .text.fclose   0x0000000000004368       0x6c /Applications/lpcxpresso_7.6.2_326/lpcxpresso/tools/bin/../lib/gcc/arm-none-eabi/4.9.3/../../../../arm-none-eabi/lib/armv7-m/libcr_c.a(fclose.o)
                0x0000000000004368                fclose
 .text.fflush   0x00000000000043d4       0x30 /Applications/lpcxpresso_7.6.2_326/lpcxpresso/tools/bin/../lib/gcc/arm-none-eabi/4.9.3/../../../../arm-none-eabi/lib/armv7-m/libcr_c.a(fflush.o)
                0x00000000000043d4                fflush
 .text.fseek    0x0000000000004404      0x110 /Applications/lpcxpresso_7.6.2_326/lpcxpresso/tools/bin/../lib/gcc/arm-none-eabi/4.9.3/../../../../arm-none-eabi/lib/armv7-m/libcr_c.a(fseek.o)
                0x0000000000004404                fseek
 .text.ftell    0x0000000000004514       0x4c /Applications/lpcxpresso_7.6.2_326/lpcxpresso/tools/bin/../lib/gcc/arm-none-eabi/4.9.3/../../../../arm-none-eabi/lib/armv7-m/libcr_c.a(ftell.o)
                0x0000000000004514                ftell
 .text.remove   0x0000000000004560       0x14 /Applications/lpcxpresso_7.6.2_326/lpcxpresso/tools/bin/../lib/gcc/arm-none-eabi/4.9.3/../../../../arm-none-eabi/lib/armv7-m/libcr_c.a(remove.o)
                0x0000000000004560                remove
 .text._sbrk    0x0000000000004574       0x40 /Applications/lpcxpresso_7.6.2_326/lpcxpresso/tools/bin/../lib/gcc/arm-none-eabi/4.9.3/../../../../arm-none-eabi/lib/armv7-m/libcr_c.a(_cr_sbrk.o)
                0x0000000000004574                _sbrk
 .text._do_fflush
                0x00000000000045b4       0x44 /Applications/lpcxpresso_7.6.2_326/lpcxpresso/tools/bin/../lib/gcc/arm-none-eabi/4.9.3/../../../../arm-none-eabi/lib/armv7-m/libcr_c.a(_do_fflush.o)
                0x00000000000045b4                _do_fflush
 .text.__check_heap_overflow
                0x00000000000045f8       0x18 /Applications/lpcxpresso_7.6.2_326/lpcxpresso/tools/bin/../lib/gcc/arm-none-eabi/4.9.3/../../../../arm-none-eabi/lib/armv7-m/libcr_c.a(_cr_check_heap.o)
                0x00000000000045f8                __check_heap_overflow
 .text.__aeabi_dmul
                0x0000000000004610      0x120 /Applications/lpcxpresso_7.6.2_326/lpcxpresso/tools/bin/../lib/gcc/arm-none-eabi/4.9.3/armv7-m/libcr_eabihelpers.a(double.o)
                0x0000000000004610                __aeabi_dmul
 .text.__aeabi_ddiv
                0x0000000000004730      0x150 /Applications/lpcxpresso_7.6.2_326/lpcxpresso/tools/bin/../lib/gcc/arm-none-eabi/4.9.3/armv7-m/libcr_eabihelpers.a(double.o)
                0x0000000000004730                __aeabi_ddiv
 .text.__aeabi_dsub
                0x0000000000004880      0x1d8 /Applications/lpcxpresso_7.6.2_326/lpcxpresso/tools/bin/../lib/gcc/arm-none-eabi/4.9.3/armv7-m/libcr_eabihelpers.a(double.o)
                0x0000000000004880                __aeabi_dsub
 .text.__aeabi_dadd
                0x0000000000004a58      0x134 /Applications/lpcxpresso_7.6.2_326/lpcxpresso/tools/bin/../lib/gcc/arm-none-eabi/4.9.3/armv7-m/libcr_eabihelpers.a(double.o)
                0x0000000000004a58                __aeabi_dadd
 .text.__aeabi_d2iz
                0x0000000000004b8c       0x40 /Applications/lpcxpresso_7.6.2_326/lpcxpresso/tools/bin/../lib/gcc/arm-none-eabi/4.9.3/armv7-m/libcr_eabihelpers.a(double.o)
                0x0000000000004b8c                __aeabi_d2iz
 .text.__bhs_ui2d
                0x0000000000004bcc       0x48 /Applications/lpcxpresso_7.6.2_326/lpcxpresso/tools/bin/../lib/gcc/arm-none-eabi/4.9.3/armv7-m/libcr_eabihelpers.a(double.o)
                0x0000000000004bcc                __bhs_ui2d
 .text.__aeabi_i2d
                0x0000000000004c14       0x14 /Applications/lpcxpresso_7.6.2_326/lpcxpresso/tools/bin/../lib/gcc/arm-none-eabi/4.9.3/armv7-m/libcr_eabihelpers.a(double.o)
                0x0000000000004c14                __aeabi_i2d
 .text.__aeabi_dcmpeq
                0x0000000000004c28       0x2c /Applications/lpcxpresso_7.6.2_326/lpcxpresso/tools/bin/../lib/gcc/arm-none-eabi/4.9.3/armv7-m/libcr_eabihelpers.a(double.o)
                0x0000000000004c28                __aeabi_dcmpeq
 .text.__aeabi_dcmplt
                0x0000000000004c54       0x5c /Applications/lpcxpresso_7.6.2_326/lpcxpresso/tools/bin/../lib/gcc/arm-none-eabi/4.9.3/armv7-m/libcr_eabihelpers.a(double.o)
                0x0000000000004c54                __aeabi_dcmplt
 .text.__aeabi_dcmple
                0x0000000000004cb0       0x5c /Applications/lpcxpresso_7.6.2_326/lpcxpresso/tools/bin/../lib/gcc/arm-none-eabi/4.9.3/armv7-m/libcr_eabihelpers.a(double.o)
                0x0000000000004cb0                __aeabi_dcmple
 .text.__aeabi_dcmpge
                0x0000000000004d0c       0x5c /Applications/lpcxpresso_7.6.2_326/lpcxpresso/tools/bin/../lib/gcc/arm-none-eabi/4.9.3/armv7-m/libcr_eabihelpers.a(double.o)
                0x0000000000004d0c                __aeabi_dcmpge
 .text.__aeabi_memcpy
                0x0000000000004d68       0x34 /Applications/lpcxpresso_7.6.2_326/lpcxpresso/tools/bin/../lib/gcc/arm-none-eabi/4.9.3/armv7-m/libcr_eabihelpers.a(memcpy.o)
                0x0000000000004d68                __aeabi_memcpy
                0x0000000000004d72                __aeabi_memcpy4
                0x0000000000004d72                __aeabi_memcpy8
 .text.__aeabi_memset_lowlevel
                0x0000000000004d9c       0x32 /Applications/lpcxpresso_7.6.2_326/lpcxpresso/tools/bin/../lib/gcc/arm-none-eabi/4.9.3/armv7-m/libcr_eabihelpers.a(memcpy.o)
                0x0000000000004d9c                __aeabi_lowlevel_memset
 .text.__sys_appexit
                0x0000000000004dce        0x2 /Applications/lpcxpresso_7.6.2_326/lpcxpresso/tools/bin/../lib/gcc/arm-none-eabi/4.9.3/../../../../arm-none-eabi/lib/armv7-m/libcr_nohost.a(__sys_appexit.o)
                0x0000000000004dce                __exit
                0x0000000000004dce                __sys_appexit
 .text.__sys_close
                0x0000000000004dd0        0x6 /Applications/lpcxpresso_7.6.2_326/lpcxpresso/tools/bin/../lib/gcc/arm-none-eabi/4.9.3/../../../../arm-none-eabi/lib/armv7-m/libcr_nohost.a(__sys_close.o)
                0x0000000000004dd0                __sys_close
 .text.__sys_flen
                0x0000000000004dd6        0x6 /Applications/lpcxpresso_7.6.2_326/lpcxpresso/tools/bin/../lib/gcc/arm-none-eabi/4.9.3/../../../../arm-none-eabi/lib/armv7-m/libcr_nohost.a(__sys_flen.o)
                0x0000000000004dd6                __sys_flen
 .text.__sys_istty
                0x0000000000004ddc        0x6 /Applications/lpcxpresso_7.6.2_326/lpcxpresso/tools/bin/../lib/gcc/arm-none-eabi/4.9.3/../../../../arm-none-eabi/lib/armv7-m/libcr_nohost.a(__sys_istty.o)
                0x0000000000004ddc                __sys_istty
 .text.__sys_remove
                0x0000000000004de2        0x6 /Applications/lpcxpresso_7.6.2_326/lpcxpresso/tools/bin/../lib/gcc/arm-none-eabi/4.9.3/../../../../arm-none-eabi/lib/armv7-m/libcr_nohost.a(__sys_remove.o)
                0x0000000000004de2                __sys_remove
 .text.__sys_seek
                0x0000000000004de8        0x6 /Applications/lpcxpresso_7.6.2_326/lpcxpresso/tools/bin/../lib/gcc/arm-none-eabi/4.9.3/../../../../arm-none-eabi/lib/armv7-m/libcr_nohost.a(__sys_seek.o)
                0x0000000000004de8                __sys_seek
 .text.__sys_tmpnam
                0x0000000000004dee        0x6 /Applications/lpcxpresso_7.6.2_326/lpcxpresso/tools/bin/../lib/gcc/arm-none-eabi/4.9.3/../../../../arm-none-eabi/lib/armv7-m/libcr_nohost.a(__sys_tmpnam.o)
                0x0000000000004dee                __sys_tmpnam
 .text.__sys_write
                0x0000000000004df4        0x4 /Applications/lpcxpresso_7.6.2_326/lpcxpresso/tools/bin/../lib/gcc/arm-none-eabi/4.9.3/../../../../arm-none-eabi/lib/armv7-m/libcr_nohost.a(__sys_write.o)
                0x0000000000004df4                __write
                0x0000000000004df4                __sys_write
 *(.rodata .rodata.* .constdata .constdata.*)
 .rodata        0x0000000000004df8      0x154 ./main.o
 .rodata        0x0000000000004f4c       0x5c /Users/Carles/Documents/pfc/LPC1769_UOC_Library/Debug/libLPC1769_UOC_Library.a(log.o)
 .rodata.str1.4
                0x0000000000004fa8       0x20 /Users/Carles/Documents/pfc/FreeRTOS_Library/Debug/libFreeRTOS_Library.a(tasks.o)
 .rodata.str1.1
                0x0000000000004fc8       0x34 /Applications/lpcxpresso_7.6.2_326/lpcxpresso/tools/bin/../lib/gcc/arm-none-eabi/4.9.3/../../../../arm-none-eabi/lib/armv7-m/libcr_c.a(fpprintf.o)
                                         0x35 (size before relaxing)
 .rodata.str1.1
                0x0000000000004ffc        0x4 /Applications/lpcxpresso_7.6.2_326/lpcxpresso/tools/bin/../lib/gcc/arm-none-eabi/4.9.3/../../../../arm-none-eabi/lib/armv7-m/libcr_c.a(initio.o)
 .rodata.str1.1
                0x0000000000005000       0x31 /Applications/lpcxpresso_7.6.2_326/lpcxpresso/tools/bin/../lib/gcc/arm-none-eabi/4.9.3/../../../../arm-none-eabi/lib/armv7-m/libcr_c.a(printf.o)
                                         0x38 (size before relaxing)
 .rodata.str1.1
                0x0000000000005031       0x18 /Applications/lpcxpresso_7.6.2_326/lpcxpresso/tools/bin/../lib/gcc/arm-none-eabi/4.9.3/../../../../arm-none-eabi/lib/armv7-m/libcr_c.a(alloc.o)
 *fill*         0x0000000000005049        0x7 
 .rodata.__huge_vall
                0x0000000000005050        0x8 /Applications/lpcxpresso_7.6.2_326/lpcxpresso/tools/bin/../lib/gcc/arm-none-eabi/4.9.3/../../../../arm-none-eabi/lib/armv7-m/libcr_c.a(_hugeval.o)
                0x0000000000005050                __huge_vall
                0x0000000000005058                . = ALIGN (0x4)

.glue_7         0x0000000000005058        0x0
 .glue_7        0x0000000000000000        0x0 linker stubs

.glue_7t        0x0000000000005058        0x0
 .glue_7t       0x0000000000000000        0x0 linker stubs

.vfp11_veneer   0x0000000000005058        0x0
 .vfp11_veneer  0x0000000000000000        0x0 linker stubs

.v4_bx          0x0000000000005058        0x0
 .v4_bx         0x0000000000000000        0x0 linker stubs

.iplt           0x0000000000005058        0x0
 .iplt          0x0000000000000000        0x0 ./cr_startup_lpc17.o

.rel.dyn        0x0000000000005058        0x0
 .rel.iplt      0x0000000000000000        0x0 ./cr_startup_lpc17.o

.ARM.extab
 *(.ARM.extab* .gnu.linkonce.armextab.*)
                0x0000000000005058                __exidx_start = .

.ARM.exidx
 *(.ARM.exidx* .gnu.linkonce.armexidx.*)
                0x0000000000005058                __exidx_end = .
                0x0000000000005058                _etext = .

.data_RAM2      0x000000002007c000        0x0 load address 0x0000000000005058
 FILL mask 0xff
                0x000000002007c000                PROVIDE (__start_data_RAM2, .)
 *(.ramfunc.$RAM2)
 *(.ramfunc.$RamAHB32)
 *(.data.$RAM2*)
 *(.data.$RamAHB32*)
                0x000000002007c000                . = ALIGN (0x4)
                0x000000002007c000                PROVIDE (__end_data_RAM2, .)

.uninit_RESERVED
                0x0000000010000000        0x0
 *(.bss.$RESERVED*)
                0x0000000010000000                . = ALIGN (0x4)
                0x0000000010000000                _end_uninit_RESERVED = .

.data           0x0000000010000000       0x18 load address 0x0000000000005058
 FILL mask 0xff
                0x0000000010000000                _data = .
 *(vtable)
 *(.ramfunc*)
 *(.data*)
 .data          0x0000000010000000        0x4 ./main.o
                0x0000000010000000                mainBaurade
 .data.UART0TxEmpty
                0x0000000010000004        0x1 /Users/Carles/Documents/pfc/LPC1769_UOC_Library/Debug/libLPC1769_UOC_Library.a(uart.o)
                0x0000000010000004                UART0TxEmpty
 .data.UART1TxEmpty
                0x0000000010000005        0x1 /Users/Carles/Documents/pfc/LPC1769_UOC_Library/Debug/libLPC1769_UOC_Library.a(uart.o)
                0x0000000010000005                UART1TxEmpty
 .data.UART2TxEmpty
                0x0000000010000006        0x1 /Users/Carles/Documents/pfc/LPC1769_UOC_Library/Debug/libLPC1769_UOC_Library.a(uart.o)
                0x0000000010000006                UART2TxEmpty
 .data.UART3TxEmpty
                0x0000000010000007        0x1 /Users/Carles/Documents/pfc/LPC1769_UOC_Library/Debug/libLPC1769_UOC_Library.a(uart.o)
                0x0000000010000007                UART3TxEmpty
 .data.SystemCoreClock
                0x0000000010000008        0x4 /Users/Carles/Documents/pfc/CMSISv2p00_LPC17xx/Debug/libCMSISv2p00_LPC17xx.a(system_LPC17xx.o)
                0x0000000010000008                SystemCoreClock
 .data          0x000000001000000c        0x4 /Users/Carles/Documents/pfc/FreeRTOS_Library/Debug/libFreeRTOS_Library.a(tasks.o)
 .data          0x0000000010000010        0x4 /Users/Carles/Documents/pfc/FreeRTOS_Library/Debug/libFreeRTOS_Library.a(heap_2.o)
 .data          0x0000000010000014        0x4 /Users/Carles/Documents/pfc/FreeRTOS_Library/Debug/libFreeRTOS_Library.a(port.o)
                0x0000000010000018                . = ALIGN (0x4)
                0x0000000010000018                _edata = .

.igot.plt       0x0000000010000018        0x0 load address 0x0000000000005070
 .igot.plt      0x0000000000000000        0x0 ./cr_startup_lpc17.o

.bss_RAM2       0x000000002007c000        0x0
                0x000000002007c000                PROVIDE (__start_bss_RAM2, .)
 *(.bss.$RAM2*)
 *(.bss.$RamAHB32*)
                0x000000002007c000                . = ALIGN (0x4)
                0x000000002007c000                PROVIDE (__end_bss_RAM2, .)

.bss            0x0000000010000018     0x5048
                0x0000000010000018                _bss = .
 *(.bss*)
 .bss           0x0000000010000018        0x8 ./main.o
                0x0000000010000018                mainPort
                0x000000001000001c                done
 .bss.xSemUART0
                0x0000000010000020        0x4 /Users/Carles/Documents/pfc/LPC1769_UOC_Library/Debug/libLPC1769_UOC_Library.a(printf.o)
                0x0000000010000020                xSemUART0
 .bss.xSemUART1
                0x0000000010000024        0x4 /Users/Carles/Documents/pfc/LPC1769_UOC_Library/Debug/libLPC1769_UOC_Library.a(printf.o)
                0x0000000010000024                xSemUART1
 .bss.xSemUART2
                0x0000000010000028        0x4 /Users/Carles/Documents/pfc/LPC1769_UOC_Library/Debug/libLPC1769_UOC_Library.a(printf.o)
                0x0000000010000028                xSemUART2
 .bss.xSemUART3
                0x000000001000002c        0x4 /Users/Carles/Documents/pfc/LPC1769_UOC_Library/Debug/libLPC1769_UOC_Library.a(printf.o)
                0x000000001000002c                xSemUART3
 .bss.printLock
                0x0000000010000030        0x4 /Users/Carles/Documents/pfc/LPC1769_UOC_Library/Debug/libLPC1769_UOC_Library.a(printf.o)
                0x0000000010000030                printLock
 .bss.UART0Count
                0x0000000010000034        0x4 /Users/Carles/Documents/pfc/LPC1769_UOC_Library/Debug/libLPC1769_UOC_Library.a(uart.o)
                0x0000000010000034                UART0Count
 .bss.UART1Count
                0x0000000010000038        0x4 /Users/Carles/Documents/pfc/LPC1769_UOC_Library/Debug/libLPC1769_UOC_Library.a(uart.o)
                0x0000000010000038                UART1Count
 .bss.UART2Count
                0x000000001000003c        0x4 /Users/Carles/Documents/pfc/LPC1769_UOC_Library/Debug/libLPC1769_UOC_Library.a(uart.o)
                0x000000001000003c                UART2Count
 .bss.UART3Count
                0x0000000010000040        0x4 /Users/Carles/Documents/pfc/LPC1769_UOC_Library/Debug/libLPC1769_UOC_Library.a(uart.o)
                0x0000000010000040                UART3Count
 .bss           0x0000000010000044      0x134 /Users/Carles/Documents/pfc/FreeRTOS_Library/Debug/libFreeRTOS_Library.a(tasks.o)
                0x0000000010000044                pxCurrentTCB
 .bss           0x0000000010000178     0x4c18 /Users/Carles/Documents/pfc/FreeRTOS_Library/Debug/libFreeRTOS_Library.a(heap_2.o)
 .bss.errno     0x0000000010004d90        0x4 /Applications/lpcxpresso_7.6.2_326/lpcxpresso/tools/bin/../lib/gcc/arm-none-eabi/4.9.3/../../../../arm-none-eabi/lib/armv7-m/libcr_c.a(errno.o)
                0x0000000010004d90                errno
 *(COMMON)
 COMMON         0x0000000010004d94        0xc ./main.o
                0x0000000010004d94                main_uart_count
                0x0000000010004d98                main_uart_buffer
                0x0000000010004d9c                main_lpc_uart_ier
 COMMON         0x0000000010004da0       0x11 /Users/Carles/Documents/pfc/LPC1769_UOC_Library/Debug/libLPC1769_UOC_Library.a(printf.o)
                0x0000000010004da0                lpc_uart_ier
                0x0000000010004da4                xSemUART
                0x0000000010004da8                uart_buffer
                0x0000000010004dac                uart_count
                0x0000000010004db0                uart_port
 *fill*         0x0000000010004db1        0x3 
 COMMON         0x0000000010004db4      0x110 /Users/Carles/Documents/pfc/LPC1769_UOC_Library/Debug/libLPC1769_UOC_Library.a(uart.o)
                0x0000000010004db4                UART1Buffer
                0x0000000010004df4                UART2Status
                0x0000000010004df8                UART3Status
                0x0000000010004dfc                UART0Buffer
                0x0000000010004e3c                UART1Status
                0x0000000010004e40                UART3Buffer
                0x0000000010004e80                UART2Buffer
                0x0000000010004ec0                UART0Status
 COMMON         0x0000000010004ec4       0x50 /Users/Carles/Documents/pfc/FreeRTOS_Library/Debug/libFreeRTOS_Library.a(queue.o)
                0x0000000010004ec4                xQueueRegistry
 COMMON         0x0000000010004f14        0x4 /Applications/lpcxpresso_7.6.2_326/lpcxpresso/tools/bin/../lib/gcc/arm-none-eabi/4.9.3/../../../../arm-none-eabi/lib/armv7-m/libcr_c.a(initio.o)
                0x0000000010004f14                _extra
 COMMON         0x0000000010004f18      0x140 /Applications/lpcxpresso_7.6.2_326/lpcxpresso/tools/bin/../lib/gcc/arm-none-eabi/4.9.3/../../../../arm-none-eabi/lib/armv7-m/libcr_c.a(stdio.o)
                0x0000000010004f18                __Ciob
 COMMON         0x0000000010005058        0x8 /Applications/lpcxpresso_7.6.2_326/lpcxpresso/tools/bin/../lib/gcc/arm-none-eabi/4.9.3/../../../../arm-none-eabi/lib/armv7-m/libcr_c.a(__init_alloc.o)
                0x0000000010005058                __heaps
                0x000000001000505c                __end_of_heap
                0x0000000010005060                . = ALIGN (0x4)
                0x0000000010005060                _ebss = .
                0x0000000010005060                PROVIDE (end, .)

.noinit_RAM2    0x000000002007c000        0x0
 *(.noinit.$RAM2*)
 *(.noinit.$RamAHB32*)
                0x000000002007c000                . = ALIGN (0x4)

.noinit         0x0000000010005060        0x0
                0x0000000010005060                _noinit = .
 *(.noinit*)
                0x0000000010005060                . = ALIGN (0x4)
                0x0000000010005060                _end_noinit = .
                0x0000000010005060                PROVIDE (_pvHeapStart, DEFINED (__user_heap_base)?__user_heap_base:.)
                0x0000000010008000                PROVIDE (_vStackTop, DEFINED (__user_stack_top)?__user_stack_top:(__top_RamLoc32 - 0x0))
OUTPUT(SimpleDemo_usingLib.axf elf32-littlearm)

.debug_info     0x0000000000000000     0x55e3
 .debug_info    0x0000000000000000      0x1b8 ./cr_startup_lpc17.o
 .debug_info    0x00000000000001b8      0x8e2 ./main.o
 .debug_info    0x0000000000000a9a      0x146 /Users/Carles/Documents/pfc/LPC1769_UOC_Library/Debug/libLPC1769_UOC_Library.a(log.o)
 .debug_info    0x0000000000000be0      0x875 /Users/Carles/Documents/pfc/LPC1769_UOC_Library/Debug/libLPC1769_UOC_Library.a(printf.o)
 .debug_info    0x0000000000001455      0xe8f /Users/Carles/Documents/pfc/LPC1769_UOC_Library/Debug/libLPC1769_UOC_Library.a(uart.o)
 .debug_info    0x00000000000022e4      0x318 /Users/Carles/Documents/pfc/CMSISv2p00_LPC17xx/Debug/libCMSISv2p00_LPC17xx.a(system_LPC17xx.o)
 .debug_info    0x00000000000025fc      0xf91 /Users/Carles/Documents/pfc/FreeRTOS_Library/Debug/libFreeRTOS_Library.a(queue.o)
 .debug_info    0x000000000000358d     0x1932 /Users/Carles/Documents/pfc/FreeRTOS_Library/Debug/libFreeRTOS_Library.a(tasks.o)
 .debug_info    0x0000000000004ebf      0x2dd /Users/Carles/Documents/pfc/FreeRTOS_Library/Debug/libFreeRTOS_Library.a(heap_2.o)
 .debug_info    0x000000000000519c      0x1e8 /Users/Carles/Documents/pfc/FreeRTOS_Library/Debug/libFreeRTOS_Library.a(port.o)
 .debug_info    0x0000000000005384      0x25f /Users/Carles/Documents/pfc/FreeRTOS_Library/Debug/libFreeRTOS_Library.a(list.o)

.debug_abbrev   0x0000000000000000     0x113a
 .debug_abbrev  0x0000000000000000       0xb9 ./cr_startup_lpc17.o
 .debug_abbrev  0x00000000000000b9      0x1e0 ./main.o
 .debug_abbrev  0x0000000000000299       0xb9 /Users/Carles/Documents/pfc/LPC1769_UOC_Library/Debug/libLPC1769_UOC_Library.a(log.o)
 .debug_abbrev  0x0000000000000352      0x1b2 /Users/Carles/Documents/pfc/LPC1769_UOC_Library/Debug/libLPC1769_UOC_Library.a(printf.o)
 .debug_abbrev  0x0000000000000504      0x1fb /Users/Carles/Documents/pfc/LPC1769_UOC_Library/Debug/libLPC1769_UOC_Library.a(uart.o)
 .debug_abbrev  0x00000000000006ff       0xe6 /Users/Carles/Documents/pfc/CMSISv2p00_LPC17xx/Debug/libCMSISv2p00_LPC17xx.a(system_LPC17xx.o)
 .debug_abbrev  0x00000000000007e5      0x287 /Users/Carles/Documents/pfc/FreeRTOS_Library/Debug/libFreeRTOS_Library.a(queue.o)
 .debug_abbrev  0x0000000000000a6c      0x31b /Users/Carles/Documents/pfc/FreeRTOS_Library/Debug/libFreeRTOS_Library.a(tasks.o)
 .debug_abbrev  0x0000000000000d87      0x1af /Users/Carles/Documents/pfc/FreeRTOS_Library/Debug/libFreeRTOS_Library.a(heap_2.o)
 .debug_abbrev  0x0000000000000f36      0x136 /Users/Carles/Documents/pfc/FreeRTOS_Library/Debug/libFreeRTOS_Library.a(port.o)
 .debug_abbrev  0x000000000000106c       0xce /Users/Carles/Documents/pfc/FreeRTOS_Library/Debug/libFreeRTOS_Library.a(list.o)

.debug_aranges  0x0000000000000000      0x258
 .debug_aranges
                0x0000000000000000       0x70 ./cr_startup_lpc17.o
 .debug_aranges
                0x0000000000000070       0x60 ./main.o
 .debug_aranges
                0x00000000000000d0       0x28 /Users/Carles/Documents/pfc/LPC1769_UOC_Library/Debug/libLPC1769_UOC_Library.a(log.o)
 .debug_aranges
                0x00000000000000f8       0x48 /Users/Carles/Documents/pfc/LPC1769_UOC_Library/Debug/libLPC1769_UOC_Library.a(printf.o)
 .debug_aranges
                0x0000000000000140       0x50 /Users/Carles/Documents/pfc/LPC1769_UOC_Library/Debug/libLPC1769_UOC_Library.a(uart.o)
 .debug_aranges
                0x0000000000000190       0x28 /Users/Carles/Documents/pfc/CMSISv2p00_LPC17xx/Debug/libCMSISv2p00_LPC17xx.a(system_LPC17xx.o)
 .debug_aranges
                0x00000000000001b8       0x20 /Users/Carles/Documents/pfc/FreeRTOS_Library/Debug/libFreeRTOS_Library.a(queue.o)
 .debug_aranges
                0x00000000000001d8       0x20 /Users/Carles/Documents/pfc/FreeRTOS_Library/Debug/libFreeRTOS_Library.a(tasks.o)
 .debug_aranges
                0x00000000000001f8       0x20 /Users/Carles/Documents/pfc/FreeRTOS_Library/Debug/libFreeRTOS_Library.a(heap_2.o)
 .debug_aranges
                0x0000000000000218       0x20 /Users/Carles/Documents/pfc/FreeRTOS_Library/Debug/libFreeRTOS_Library.a(port.o)
 .debug_aranges
                0x0000000000000238       0x20 /Users/Carles/Documents/pfc/FreeRTOS_Library/Debug/libFreeRTOS_Library.a(list.o)

.debug_ranges   0x0000000000000000      0x1b0
 .debug_ranges  0x0000000000000000       0x60 ./cr_startup_lpc17.o
 .debug_ranges  0x0000000000000060       0x50 ./main.o
 .debug_ranges  0x00000000000000b0       0x18 /Users/Carles/Documents/pfc/LPC1769_UOC_Library/Debug/libLPC1769_UOC_Library.a(log.o)
 .debug_ranges  0x00000000000000c8       0x38 /Users/Carles/Documents/pfc/LPC1769_UOC_Library/Debug/libLPC1769_UOC_Library.a(printf.o)
 .debug_ranges  0x0000000000000100       0x40 /Users/Carles/Documents/pfc/LPC1769_UOC_Library/Debug/libLPC1769_UOC_Library.a(uart.o)
 .debug_ranges  0x0000000000000140       0x18 /Users/Carles/Documents/pfc/CMSISv2p00_LPC17xx/Debug/libCMSISv2p00_LPC17xx.a(system_LPC17xx.o)
 .debug_ranges  0x0000000000000158       0x48 /Users/Carles/Documents/pfc/FreeRTOS_Library/Debug/libFreeRTOS_Library.a(tasks.o)
 .debug_ranges  0x00000000000001a0       0x10 /Users/Carles/Documents/pfc/FreeRTOS_Library/Debug/libFreeRTOS_Library.a(port.o)

.debug_macro    0x0000000000000000     0x45cf
 .debug_macro   0x0000000000000000       0x52 ./cr_startup_lpc17.o
 .debug_macro   0x0000000000000052      0x86e ./cr_startup_lpc17.o
 .debug_macro   0x00000000000008c0       0x10 ./cr_startup_lpc17.o
 .debug_macro   0x00000000000008d0      0x12d ./cr_startup_lpc17.o
 .debug_macro   0x00000000000009fd      0x5b2 ./cr_startup_lpc17.o
 .debug_macro   0x0000000000000faf      0x112 ./main.o
 .debug_macro   0x00000000000010c1       0x16 ./main.o
 .debug_macro   0x00000000000010d7       0x46 ./main.o
 .debug_macro   0x000000000000111d      0x136 ./main.o
 .debug_macro   0x0000000000001253       0xa3 ./main.o
 .debug_macro   0x00000000000012f6       0x12 ./main.o
 .debug_macro   0x0000000000001308       0x1e ./main.o
 .debug_macro   0x0000000000001326      0x1b6 ./main.o
 .debug_macro   0x00000000000014dc       0x48 ./main.o
 .debug_macro   0x0000000000001524       0x56 ./main.o
 .debug_macro   0x000000000000157a       0x22 ./main.o
 .debug_macro   0x000000000000159c       0x2e ./main.o
 .debug_macro   0x00000000000015ca       0x18 ./main.o
 .debug_macro   0x00000000000015e2      0x7af ./main.o
 .debug_macro   0x0000000000001d91      0x2c7 ./main.o
 .debug_macro   0x0000000000002058       0x70 ./main.o
 .debug_macro   0x00000000000020c8       0x1c ./main.o
 .debug_macro   0x00000000000020e4       0x56 /Users/Carles/Documents/pfc/LPC1769_UOC_Library/Debug/libLPC1769_UOC_Library.a(log.o)
 .debug_macro   0x000000000000213a      0x87a /Users/Carles/Documents/pfc/LPC1769_UOC_Library/Debug/libLPC1769_UOC_Library.a(log.o)
 .debug_macro   0x00000000000029b4       0x16 /Users/Carles/Documents/pfc/LPC1769_UOC_Library/Debug/libLPC1769_UOC_Library.a(log.o)
 .debug_macro   0x00000000000029ca      0x13c /Users/Carles/Documents/pfc/LPC1769_UOC_Library/Debug/libLPC1769_UOC_Library.a(printf.o)
 .debug_macro   0x0000000000002b06       0xa0 /Users/Carles/Documents/pfc/LPC1769_UOC_Library/Debug/libLPC1769_UOC_Library.a(printf.o)
 .debug_macro   0x0000000000002ba6       0x10 /Users/Carles/Documents/pfc/LPC1769_UOC_Library/Debug/libLPC1769_UOC_Library.a(printf.o)
 .debug_macro   0x0000000000002bb6      0x136 /Users/Carles/Documents/pfc/LPC1769_UOC_Library/Debug/libLPC1769_UOC_Library.a(printf.o)
 .debug_macro   0x0000000000002cec       0x8f /Users/Carles/Documents/pfc/LPC1769_UOC_Library/Debug/libLPC1769_UOC_Library.a(printf.o)
 .debug_macro   0x0000000000002d7b       0x69 /Users/Carles/Documents/pfc/LPC1769_UOC_Library/Debug/libLPC1769_UOC_Library.a(printf.o)
 .debug_macro   0x0000000000002de4       0x87 /Users/Carles/Documents/pfc/LPC1769_UOC_Library/Debug/libLPC1769_UOC_Library.a(uart.o)
 .debug_macro   0x0000000000002e6b      0x12b /Users/Carles/Documents/pfc/CMSISv2p00_LPC17xx/Debug/libCMSISv2p00_LPC17xx.a(system_LPC17xx.o)
 .debug_macro   0x0000000000002f96      0x874 /Users/Carles/Documents/pfc/CMSISv2p00_LPC17xx/Debug/libCMSISv2p00_LPC17xx.a(system_LPC17xx.o)
 .debug_macro   0x000000000000380a      0x133 /Users/Carles/Documents/pfc/FreeRTOS_Library/Debug/libFreeRTOS_Library.a(queue.o)
 .debug_macro   0x000000000000393d      0x862 /Users/Carles/Documents/pfc/FreeRTOS_Library/Debug/libFreeRTOS_Library.a(queue.o)
 .debug_macro   0x000000000000419f       0x28 /Users/Carles/Documents/pfc/FreeRTOS_Library/Debug/libFreeRTOS_Library.a(queue.o)
 .debug_macro   0x00000000000041c7      0x133 /Users/Carles/Documents/pfc/FreeRTOS_Library/Debug/libFreeRTOS_Library.a(tasks.o)
 .debug_macro   0x00000000000042fa       0x22 /Users/Carles/Documents/pfc/FreeRTOS_Library/Debug/libFreeRTOS_Library.a(tasks.o)
 .debug_macro   0x000000000000431c       0x5b /Users/Carles/Documents/pfc/FreeRTOS_Library/Debug/libFreeRTOS_Library.a(tasks.o)
 .debug_macro   0x0000000000004377       0x16 /Users/Carles/Documents/pfc/FreeRTOS_Library/Debug/libFreeRTOS_Library.a(tasks.o)
 .debug_macro   0x000000000000438d       0xcb /Users/Carles/Documents/pfc/FreeRTOS_Library/Debug/libFreeRTOS_Library.a(heap_2.o)
 .debug_macro   0x0000000000004458       0xda /Users/Carles/Documents/pfc/FreeRTOS_Library/Debug/libFreeRTOS_Library.a(port.o)
 .debug_macro   0x0000000000004532       0x9d /Users/Carles/Documents/pfc/FreeRTOS_Library/Debug/libFreeRTOS_Library.a(list.o)

.debug_line     0x0000000000000000     0x1fb4
 .debug_line    0x0000000000000000      0x243 ./cr_startup_lpc17.o
 .debug_line    0x0000000000000243      0x3f3 ./main.o
 .debug_line    0x0000000000000636      0x183 /Users/Carles/Documents/pfc/LPC1769_UOC_Library/Debug/libLPC1769_UOC_Library.a(log.o)
 .debug_line    0x00000000000007b9      0x3e1 /Users/Carles/Documents/pfc/LPC1769_UOC_Library/Debug/libLPC1769_UOC_Library.a(printf.o)
 .debug_line    0x0000000000000b9a      0x350 /Users/Carles/Documents/pfc/LPC1769_UOC_Library/Debug/libLPC1769_UOC_Library.a(uart.o)
 .debug_line    0x0000000000000eea      0x1d3 /Users/Carles/Documents/pfc/CMSISv2p00_LPC17xx/Debug/libCMSISv2p00_LPC17xx.a(system_LPC17xx.o)
 .debug_line    0x00000000000010bd      0x358 /Users/Carles/Documents/pfc/FreeRTOS_Library/Debug/libFreeRTOS_Library.a(queue.o)
 .debug_line    0x0000000000001415      0x51d /Users/Carles/Documents/pfc/FreeRTOS_Library/Debug/libFreeRTOS_Library.a(tasks.o)
 .debug_line    0x0000000000001932      0x24f /Users/Carles/Documents/pfc/FreeRTOS_Library/Debug/libFreeRTOS_Library.a(heap_2.o)
 .debug_line    0x0000000000001b81      0x21f /Users/Carles/Documents/pfc/FreeRTOS_Library/Debug/libFreeRTOS_Library.a(port.o)
 .debug_line    0x0000000000001da0      0x214 /Users/Carles/Documents/pfc/FreeRTOS_Library/Debug/libFreeRTOS_Library.a(list.o)

.debug_str      0x0000000000000000     0xdcfd
 .debug_str     0x0000000000000000     0x3c8d ./cr_startup_lpc17.o
                                       0x3d18 (size before relaxing)
 .debug_str     0x0000000000003c8d     0x6155 ./main.o
                                       0x9d4a (size before relaxing)
 .debug_str     0x0000000000009de2      0x166 /Users/Carles/Documents/pfc/LPC1769_UOC_Library/Debug/libLPC1769_UOC_Library.a(log.o)
                                       0x3cc2 (size before relaxing)
 .debug_str     0x0000000000009f48     0x11a2 /Users/Carles/Documents/pfc/LPC1769_UOC_Library/Debug/libLPC1769_UOC_Library.a(printf.o)
                                       0xae0f (size before relaxing)
 .debug_str     0x000000000000b0ea      0x56c /Users/Carles/Documents/pfc/LPC1769_UOC_Library/Debug/libLPC1769_UOC_Library.a(uart.o)
                                       0x849c (size before relaxing)
 .debug_str     0x000000000000b656      0x3e9 /Users/Carles/Documents/pfc/CMSISv2p00_LPC17xx/Debug/libCMSISv2p00_LPC17xx.a(system_LPC17xx.o)
                                       0x80fd (size before relaxing)
 .debug_str     0x000000000000ba3f      0x99c /Users/Carles/Documents/pfc/FreeRTOS_Library/Debug/libFreeRTOS_Library.a(queue.o)
                                       0x5090 (size before relaxing)
 .debug_str     0x000000000000c3db     0x11b4 /Users/Carles/Documents/pfc/FreeRTOS_Library/Debug/libFreeRTOS_Library.a(tasks.o)
                                       0x5d60 (size before relaxing)
 .debug_str     0x000000000000d58f      0x442 /Users/Carles/Documents/pfc/FreeRTOS_Library/Debug/libFreeRTOS_Library.a(heap_2.o)
                                       0x4b6f (size before relaxing)
 .debug_str     0x000000000000d9d1      0x2ec /Users/Carles/Documents/pfc/FreeRTOS_Library/Debug/libFreeRTOS_Library.a(port.o)
                                       0x49d0 (size before relaxing)
 .debug_str     0x000000000000dcbd       0x40 /Users/Carles/Documents/pfc/FreeRTOS_Library/Debug/libFreeRTOS_Library.a(list.o)
                                       0x4491 (size before relaxing)

.comment        0x0000000000000000       0x70
 .comment       0x0000000000000000       0x70 ./cr_startup_lpc17.o
                                         0x71 (size before relaxing)
 .comment       0x0000000000000000       0x71 ./main.o
 .comment       0x0000000000000000       0x71 /Users/Carles/Documents/pfc/LPC1769_UOC_Library/Debug/libLPC1769_UOC_Library.a(log.o)
 .comment       0x0000000000000000       0x71 /Users/Carles/Documents/pfc/LPC1769_UOC_Library/Debug/libLPC1769_UOC_Library.a(printf.o)
 .comment       0x0000000000000000       0x71 /Users/Carles/Documents/pfc/LPC1769_UOC_Library/Debug/libLPC1769_UOC_Library.a(uart.o)
 .comment       0x0000000000000000       0x71 /Users/Carles/Documents/pfc/CMSISv2p00_LPC17xx/Debug/libCMSISv2p00_LPC17xx.a(system_LPC17xx.o)
 .comment       0x0000000000000000       0x71 /Users/Carles/Documents/pfc/FreeRTOS_Library/Debug/libFreeRTOS_Library.a(queue.o)
 .comment       0x0000000000000000       0x71 /Users/Carles/Documents/pfc/FreeRTOS_Library/Debug/libFreeRTOS_Library.a(tasks.o)
 .comment       0x0000000000000000       0x71 /Users/Carles/Documents/pfc/FreeRTOS_Library/Debug/libFreeRTOS_Library.a(heap_2.o)
 .comment       0x0000000000000000       0x71 /Users/Carles/Documents/pfc/FreeRTOS_Library/Debug/libFreeRTOS_Library.a(port.o)
 .comment       0x0000000000000000       0x71 /Users/Carles/Documents/pfc/FreeRTOS_Library/Debug/libFreeRTOS_Library.a(list.o)
 .comment       0x0000000000000000       0x71 /Applications/lpcxpresso_7.6.2_326/lpcxpresso/tools/bin/../lib/gcc/arm-none-eabi/4.9.3/../../../../arm-none-eabi/lib/armv7-m/libcr_nohost.a(_cr__main.o)
 .comment       0x0000000000000000       0x71 /Applications/lpcxpresso_7.6.2_326/lpcxpresso/tools/bin/../lib/gcc/arm-none-eabi/4.9.3/../../../../arm-none-eabi/lib/armv7-m/libcr_c.a(memcpy.o)
 .comment       0x0000000000000000       0x71 /Applications/lpcxpresso_7.6.2_326/lpcxpresso/tools/bin/../lib/gcc/arm-none-eabi/4.9.3/../../../../arm-none-eabi/lib/armv7-m/libcr_c.a(memset.o)
 .comment       0x0000000000000000       0x71 /Applications/lpcxpresso_7.6.2_326/lpcxpresso/tools/bin/../lib/gcc/arm-none-eabi/4.9.3/../../../../arm-none-eabi/lib/armv7-m/libcr_c.a(fpprintf.o)
 .comment       0x0000000000000000       0x71 /Applications/lpcxpresso_7.6.2_326/lpcxpresso/tools/bin/../lib/gcc/arm-none-eabi/4.9.3/../../../../arm-none-eabi/lib/armv7-m/libcr_c.a(initio.o)
 .comment       0x0000000000000000       0x71 /Applications/lpcxpresso_7.6.2_326/lpcxpresso/tools/bin/../lib/gcc/arm-none-eabi/4.9.3/../../../../arm-none-eabi/lib/armv7-m/libcr_c.a(printf.o)
 .comment       0x0000000000000000       0x71 /Applications/lpcxpresso_7.6.2_326/lpcxpresso/tools/bin/../lib/gcc/arm-none-eabi/4.9.3/../../../../arm-none-eabi/lib/armv7-m/libcr_c.a(setvbuf.o)
 .comment       0x0000000000000000       0x71 /Applications/lpcxpresso_7.6.2_326/lpcxpresso/tools/bin/../lib/gcc/arm-none-eabi/4.9.3/../../../../arm-none-eabi/lib/armv7-m/libcr_c.a(stdio.o)
 .comment       0x0000000000000000       0x71 /Applications/lpcxpresso_7.6.2_326/lpcxpresso/tools/bin/../lib/gcc/arm-none-eabi/4.9.3/../../../../arm-none-eabi/lib/armv7-m/libcr_c.a(strcat.o)
 .comment       0x0000000000000000       0x71 /Applications/lpcxpresso_7.6.2_326/lpcxpresso/tools/bin/../lib/gcc/arm-none-eabi/4.9.3/../../../../arm-none-eabi/lib/armv7-m/libcr_c.a(strlen.o)
 .comment       0x0000000000000000       0x71 /Applications/lpcxpresso_7.6.2_326/lpcxpresso/tools/bin/../lib/gcc/arm-none-eabi/4.9.3/../../../../arm-none-eabi/lib/armv7-m/libcr_c.a(strncpy.o)
 .comment       0x0000000000000000       0x71 /Applications/lpcxpresso_7.6.2_326/lpcxpresso/tools/bin/../lib/gcc/arm-none-eabi/4.9.3/../../../../arm-none-eabi/lib/armv7-m/libcr_c.a(_deferredlazyseek.o)
 .comment       0x0000000000000000       0x71 /Applications/lpcxpresso_7.6.2_326/lpcxpresso/tools/bin/../lib/gcc/arm-none-eabi/4.9.3/../../../../arm-none-eabi/lib/armv7-m/libcr_c.a(_fdopen.o)
 .comment       0x0000000000000000       0x71 /Applications/lpcxpresso_7.6.2_326/lpcxpresso/tools/bin/../lib/gcc/arm-none-eabi/4.9.3/../../../../arm-none-eabi/lib/armv7-m/libcr_c.a(_fflush.o)
 .comment       0x0000000000000000       0x71 /Applications/lpcxpresso_7.6.2_326/lpcxpresso/tools/bin/../lib/gcc/arm-none-eabi/4.9.3/../../../../arm-none-eabi/lib/armv7-m/libcr_c.a(_frexpl.o)
 .comment       0x0000000000000000       0x71 /Applications/lpcxpresso_7.6.2_326/lpcxpresso/tools/bin/../lib/gcc/arm-none-eabi/4.9.3/../../../../arm-none-eabi/lib/armv7-m/libcr_c.a(_ldexpl.o)
 .comment       0x0000000000000000       0x71 /Applications/lpcxpresso_7.6.2_326/lpcxpresso/tools/bin/../lib/gcc/arm-none-eabi/4.9.3/../../../../arm-none-eabi/lib/armv7-m/libcr_c.a(_writebuf.o)
 .comment       0x0000000000000000       0x71 /Applications/lpcxpresso_7.6.2_326/lpcxpresso/tools/bin/../lib/gcc/arm-none-eabi/4.9.3/../../../../arm-none-eabi/lib/armv7-m/libcr_c.a(alloc.o)
 .comment       0x0000000000000000       0x71 /Applications/lpcxpresso_7.6.2_326/lpcxpresso/tools/bin/../lib/gcc/arm-none-eabi/4.9.3/../../../../arm-none-eabi/lib/armv7-m/libcr_c.a(errno.o)
 .comment       0x0000000000000000       0x71 /Applications/lpcxpresso_7.6.2_326/lpcxpresso/tools/bin/../lib/gcc/arm-none-eabi/4.9.3/../../../../arm-none-eabi/lib/armv7-m/libcr_c.a(fclose.o)
 .comment       0x0000000000000000       0x71 /Applications/lpcxpresso_7.6.2_326/lpcxpresso/tools/bin/../lib/gcc/arm-none-eabi/4.9.3/../../../../arm-none-eabi/lib/armv7-m/libcr_c.a(fflush.o)
 .comment       0x0000000000000000       0x71 /Applications/lpcxpresso_7.6.2_326/lpcxpresso/tools/bin/../lib/gcc/arm-none-eabi/4.9.3/../../../../arm-none-eabi/lib/armv7-m/libcr_c.a(fseek.o)
 .comment       0x0000000000000000       0x71 /Applications/lpcxpresso_7.6.2_326/lpcxpresso/tools/bin/../lib/gcc/arm-none-eabi/4.9.3/../../../../arm-none-eabi/lib/armv7-m/libcr_c.a(ftell.o)
 .comment       0x0000000000000000       0x71 /Applications/lpcxpresso_7.6.2_326/lpcxpresso/tools/bin/../lib/gcc/arm-none-eabi/4.9.3/../../../../arm-none-eabi/lib/armv7-m/libcr_c.a(remove.o)
 .comment       0x0000000000000000       0x71 /Applications/lpcxpresso_7.6.2_326/lpcxpresso/tools/bin/../lib/gcc/arm-none-eabi/4.9.3/../../../../arm-none-eabi/lib/armv7-m/libcr_c.a(__init_alloc.o)
 .comment       0x0000000000000000       0x71 /Applications/lpcxpresso_7.6.2_326/lpcxpresso/tools/bin/../lib/gcc/arm-none-eabi/4.9.3/../../../../arm-none-eabi/lib/armv7-m/libcr_c.a(_cr_sbrk.o)
 .comment       0x0000000000000000       0x71 /Applications/lpcxpresso_7.6.2_326/lpcxpresso/tools/bin/../lib/gcc/arm-none-eabi/4.9.3/../../../../arm-none-eabi/lib/armv7-m/libcr_c.a(_do_fflush.o)
 .comment       0x0000000000000000       0x71 /Applications/lpcxpresso_7.6.2_326/lpcxpresso/tools/bin/../lib/gcc/arm-none-eabi/4.9.3/../../../../arm-none-eabi/lib/armv7-m/libcr_c.a(_hugeval.o)
 .comment       0x0000000000000000       0x71 /Applications/lpcxpresso_7.6.2_326/lpcxpresso/tools/bin/../lib/gcc/arm-none-eabi/4.9.3/../../../../arm-none-eabi/lib/armv7-m/libcr_c.a(_cr_check_heap.o)
 .comment       0x0000000000000000       0x71 /Applications/lpcxpresso_7.6.2_326/lpcxpresso/tools/bin/../lib/gcc/arm-none-eabi/4.9.3/armv7-m/libcr_eabihelpers.a(double.o)
 .comment       0x0000000000000000       0x71 /Applications/lpcxpresso_7.6.2_326/lpcxpresso/tools/bin/../lib/gcc/arm-none-eabi/4.9.3/../../../../arm-none-eabi/lib/armv7-m/libcr_nohost.a(__sys_appexit.o)
 .comment       0x0000000000000000       0x71 /Applications/lpcxpresso_7.6.2_326/lpcxpresso/tools/bin/../lib/gcc/arm-none-eabi/4.9.3/../../../../arm-none-eabi/lib/armv7-m/libcr_nohost.a(__sys_close.o)
 .comment       0x0000000000000000       0x71 /Applications/lpcxpresso_7.6.2_326/lpcxpresso/tools/bin/../lib/gcc/arm-none-eabi/4.9.3/../../../../arm-none-eabi/lib/armv7-m/libcr_nohost.a(__sys_flen.o)
 .comment       0x0000000000000000       0x71 /Applications/lpcxpresso_7.6.2_326/lpcxpresso/tools/bin/../lib/gcc/arm-none-eabi/4.9.3/../../../../arm-none-eabi/lib/armv7-m/libcr_nohost.a(__sys_istty.o)
 .comment       0x0000000000000000       0x71 /Applications/lpcxpresso_7.6.2_326/lpcxpresso/tools/bin/../lib/gcc/arm-none-eabi/4.9.3/../../../../arm-none-eabi/lib/armv7-m/libcr_nohost.a(__sys_remove.o)
 .comment       0x0000000000000000       0x71 /Applications/lpcxpresso_7.6.2_326/lpcxpresso/tools/bin/../lib/gcc/arm-none-eabi/4.9.3/../../../../arm-none-eabi/lib/armv7-m/libcr_nohost.a(__sys_seek.o)
 .comment       0x0000000000000000       0x71 /Applications/lpcxpresso_7.6.2_326/lpcxpresso/tools/bin/../lib/gcc/arm-none-eabi/4.9.3/../../../../arm-none-eabi/lib/armv7-m/libcr_nohost.a(__sys_tmpnam.o)
 .comment       0x0000000000000000       0x71 /Applications/lpcxpresso_7.6.2_326/lpcxpresso/tools/bin/../lib/gcc/arm-none-eabi/4.9.3/../../../../arm-none-eabi/lib/armv7-m/libcr_nohost.a(__sys_write.o)

.ARM.attributes
                0x0000000000000000       0x31
 .ARM.attributes
                0x0000000000000000       0x33 ./cr_startup_lpc17.o
 .ARM.attributes
                0x0000000000000033       0x33 ./main.o
 .ARM.attributes
                0x0000000000000066       0x33 /Users/Carles/Documents/pfc/LPC1769_UOC_Library/Debug/libLPC1769_UOC_Library.a(log.o)
 .ARM.attributes
                0x0000000000000099       0x33 /Users/Carles/Documents/pfc/LPC1769_UOC_Library/Debug/libLPC1769_UOC_Library.a(printf.o)
 .ARM.attributes
                0x00000000000000cc       0x33 /Users/Carles/Documents/pfc/LPC1769_UOC_Library/Debug/libLPC1769_UOC_Library.a(uart.o)
 .ARM.attributes
                0x00000000000000ff       0x33 /Users/Carles/Documents/pfc/CMSISv2p00_LPC17xx/Debug/libCMSISv2p00_LPC17xx.a(system_LPC17xx.o)
 .ARM.attributes
                0x0000000000000132       0x33 /Users/Carles/Documents/pfc/FreeRTOS_Library/Debug/libFreeRTOS_Library.a(queue.o)
 .ARM.attributes
                0x0000000000000165       0x33 /Users/Carles/Documents/pfc/FreeRTOS_Library/Debug/libFreeRTOS_Library.a(tasks.o)
 .ARM.attributes
                0x0000000000000198       0x33 /Users/Carles/Documents/pfc/FreeRTOS_Library/Debug/libFreeRTOS_Library.a(heap_2.o)
 .ARM.attributes
                0x00000000000001cb       0x33 /Users/Carles/Documents/pfc/FreeRTOS_Library/Debug/libFreeRTOS_Library.a(port.o)
 .ARM.attributes
                0x00000000000001fe       0x33 /Users/Carles/Documents/pfc/FreeRTOS_Library/Debug/libFreeRTOS_Library.a(list.o)
 .ARM.attributes
                0x0000000000000231       0x33 /Applications/lpcxpresso_7.6.2_326/lpcxpresso/tools/bin/../lib/gcc/arm-none-eabi/4.9.3/../../../../arm-none-eabi/lib/armv7-m/libcr_nohost.a(_cr__main.o)
 .ARM.attributes
                0x0000000000000264       0x33 /Applications/lpcxpresso_7.6.2_326/lpcxpresso/tools/bin/../lib/gcc/arm-none-eabi/4.9.3/../../../../arm-none-eabi/lib/armv7-m/libcr_c.a(memcpy.o)
 .ARM.attributes
                0x0000000000000297       0x33 /Applications/lpcxpresso_7.6.2_326/lpcxpresso/tools/bin/../lib/gcc/arm-none-eabi/4.9.3/../../../../arm-none-eabi/lib/armv7-m/libcr_c.a(memset.o)
 .ARM.attributes
                0x00000000000002ca       0x33 /Applications/lpcxpresso_7.6.2_326/lpcxpresso/tools/bin/../lib/gcc/arm-none-eabi/4.9.3/../../../../arm-none-eabi/lib/armv7-m/libcr_c.a(fpprintf.o)
 .ARM.attributes
                0x00000000000002fd       0x33 /Applications/lpcxpresso_7.6.2_326/lpcxpresso/tools/bin/../lib/gcc/arm-none-eabi/4.9.3/../../../../arm-none-eabi/lib/armv7-m/libcr_c.a(initio.o)
 .ARM.attributes
                0x0000000000000330       0x33 /Applications/lpcxpresso_7.6.2_326/lpcxpresso/tools/bin/../lib/gcc/arm-none-eabi/4.9.3/../../../../arm-none-eabi/lib/armv7-m/libcr_c.a(printf.o)
 .ARM.attributes
                0x0000000000000363       0x33 /Applications/lpcxpresso_7.6.2_326/lpcxpresso/tools/bin/../lib/gcc/arm-none-eabi/4.9.3/../../../../arm-none-eabi/lib/armv7-m/libcr_c.a(setvbuf.o)
 .ARM.attributes
                0x0000000000000396       0x33 /Applications/lpcxpresso_7.6.2_326/lpcxpresso/tools/bin/../lib/gcc/arm-none-eabi/4.9.3/../../../../arm-none-eabi/lib/armv7-m/libcr_c.a(stdio.o)
 .ARM.attributes
                0x00000000000003c9       0x33 /Applications/lpcxpresso_7.6.2_326/lpcxpresso/tools/bin/../lib/gcc/arm-none-eabi/4.9.3/../../../../arm-none-eabi/lib/armv7-m/libcr_c.a(strcat.o)
 .ARM.attributes
                0x00000000000003fc       0x33 /Applications/lpcxpresso_7.6.2_326/lpcxpresso/tools/bin/../lib/gcc/arm-none-eabi/4.9.3/../../../../arm-none-eabi/lib/armv7-m/libcr_c.a(strlen.o)
 .ARM.attributes
                0x000000000000042f       0x33 /Applications/lpcxpresso_7.6.2_326/lpcxpresso/tools/bin/../lib/gcc/arm-none-eabi/4.9.3/../../../../arm-none-eabi/lib/armv7-m/libcr_c.a(strncpy.o)
 .ARM.attributes
                0x0000000000000462       0x33 /Applications/lpcxpresso_7.6.2_326/lpcxpresso/tools/bin/../lib/gcc/arm-none-eabi/4.9.3/../../../../arm-none-eabi/lib/armv7-m/libcr_c.a(_deferredlazyseek.o)
 .ARM.attributes
                0x0000000000000495       0x33 /Applications/lpcxpresso_7.6.2_326/lpcxpresso/tools/bin/../lib/gcc/arm-none-eabi/4.9.3/../../../../arm-none-eabi/lib/armv7-m/libcr_c.a(_fdopen.o)
 .ARM.attributes
                0x00000000000004c8       0x33 /Applications/lpcxpresso_7.6.2_326/lpcxpresso/tools/bin/../lib/gcc/arm-none-eabi/4.9.3/../../../../arm-none-eabi/lib/armv7-m/libcr_c.a(_fflush.o)
 .ARM.attributes
                0x00000000000004fb       0x33 /Applications/lpcxpresso_7.6.2_326/lpcxpresso/tools/bin/../lib/gcc/arm-none-eabi/4.9.3/../../../../arm-none-eabi/lib/armv7-m/libcr_c.a(_frexpl.o)
 .ARM.attributes
                0x000000000000052e       0x33 /Applications/lpcxpresso_7.6.2_326/lpcxpresso/tools/bin/../lib/gcc/arm-none-eabi/4.9.3/../../../../arm-none-eabi/lib/armv7-m/libcr_c.a(_ldexpl.o)
 .ARM.attributes
                0x0000000000000561       0x33 /Applications/lpcxpresso_7.6.2_326/lpcxpresso/tools/bin/../lib/gcc/arm-none-eabi/4.9.3/../../../../arm-none-eabi/lib/armv7-m/libcr_c.a(_writebuf.o)
 .ARM.attributes
                0x0000000000000594       0x33 /Applications/lpcxpresso_7.6.2_326/lpcxpresso/tools/bin/../lib/gcc/arm-none-eabi/4.9.3/../../../../arm-none-eabi/lib/armv7-m/libcr_c.a(alloc.o)
 .ARM.attributes
                0x00000000000005c7       0x33 /Applications/lpcxpresso_7.6.2_326/lpcxpresso/tools/bin/../lib/gcc/arm-none-eabi/4.9.3/../../../../arm-none-eabi/lib/armv7-m/libcr_c.a(errno.o)
 .ARM.attributes
                0x00000000000005fa       0x33 /Applications/lpcxpresso_7.6.2_326/lpcxpresso/tools/bin/../lib/gcc/arm-none-eabi/4.9.3/../../../../arm-none-eabi/lib/armv7-m/libcr_c.a(fclose.o)
 .ARM.attributes
                0x000000000000062d       0x33 /Applications/lpcxpresso_7.6.2_326/lpcxpresso/tools/bin/../lib/gcc/arm-none-eabi/4.9.3/../../../../arm-none-eabi/lib/armv7-m/libcr_c.a(fflush.o)
 .ARM.attributes
                0x0000000000000660       0x33 /Applications/lpcxpresso_7.6.2_326/lpcxpresso/tools/bin/../lib/gcc/arm-none-eabi/4.9.3/../../../../arm-none-eabi/lib/armv7-m/libcr_c.a(fseek.o)
 .ARM.attributes
                0x0000000000000693       0x33 /Applications/lpcxpresso_7.6.2_326/lpcxpresso/tools/bin/../lib/gcc/arm-none-eabi/4.9.3/../../../../arm-none-eabi/lib/armv7-m/libcr_c.a(ftell.o)
 .ARM.attributes
                0x00000000000006c6       0x33 /Applications/lpcxpresso_7.6.2_326/lpcxpresso/tools/bin/../lib/gcc/arm-none-eabi/4.9.3/../../../../arm-none-eabi/lib/armv7-m/libcr_c.a(remove.o)
 .ARM.attributes
                0x00000000000006f9       0x33 /Applications/lpcxpresso_7.6.2_326/lpcxpresso/tools/bin/../lib/gcc/arm-none-eabi/4.9.3/../../../../arm-none-eabi/lib/armv7-m/libcr_c.a(__init_alloc.o)
 .ARM.attributes
                0x000000000000072c       0x33 /Applications/lpcxpresso_7.6.2_326/lpcxpresso/tools/bin/../lib/gcc/arm-none-eabi/4.9.3/../../../../arm-none-eabi/lib/armv7-m/libcr_c.a(_cr_sbrk.o)
 .ARM.attributes
                0x000000000000075f       0x33 /Applications/lpcxpresso_7.6.2_326/lpcxpresso/tools/bin/../lib/gcc/arm-none-eabi/4.9.3/../../../../arm-none-eabi/lib/armv7-m/libcr_c.a(_do_fflush.o)
 .ARM.attributes
                0x0000000000000792       0x33 /Applications/lpcxpresso_7.6.2_326/lpcxpresso/tools/bin/../lib/gcc/arm-none-eabi/4.9.3/../../../../arm-none-eabi/lib/armv7-m/libcr_c.a(_hugeval.o)
 .ARM.attributes
                0x00000000000007c5       0x33 /Applications/lpcxpresso_7.6.2_326/lpcxpresso/tools/bin/../lib/gcc/arm-none-eabi/4.9.3/../../../../arm-none-eabi/lib/armv7-m/libcr_c.a(_cr_check_heap.o)
 .ARM.attributes
                0x00000000000007f8       0x33 /Applications/lpcxpresso_7.6.2_326/lpcxpresso/tools/bin/../lib/gcc/arm-none-eabi/4.9.3/armv7-m/libcr_eabihelpers.a(double.o)
 .ARM.attributes
                0x000000000000082b       0x21 /Applications/lpcxpresso_7.6.2_326/lpcxpresso/tools/bin/../lib/gcc/arm-none-eabi/4.9.3/armv7-m/libcr_eabihelpers.a(memcpy.o)
 .ARM.attributes
                0x000000000000084c       0x33 /Applications/lpcxpresso_7.6.2_326/lpcxpresso/tools/bin/../lib/gcc/arm-none-eabi/4.9.3/../../../../arm-none-eabi/lib/armv7-m/libcr_nohost.a(__sys_appexit.o)
 .ARM.attributes
                0x000000000000087f       0x33 /Applications/lpcxpresso_7.6.2_326/lpcxpresso/tools/bin/../lib/gcc/arm-none-eabi/4.9.3/../../../../arm-none-eabi/lib/armv7-m/libcr_nohost.a(__sys_close.o)
 .ARM.attributes
                0x00000000000008b2       0x33 /Applications/lpcxpresso_7.6.2_326/lpcxpresso/tools/bin/../lib/gcc/arm-none-eabi/4.9.3/../../../../arm-none-eabi/lib/armv7-m/libcr_nohost.a(__sys_flen.o)
 .ARM.attributes
                0x00000000000008e5       0x33 /Applications/lpcxpresso_7.6.2_326/lpcxpresso/tools/bin/../lib/gcc/arm-none-eabi/4.9.3/../../../../arm-none-eabi/lib/armv7-m/libcr_nohost.a(__sys_istty.o)
 .ARM.attributes
                0x0000000000000918       0x33 /Applications/lpcxpresso_7.6.2_326/lpcxpresso/tools/bin/../lib/gcc/arm-none-eabi/4.9.3/../../../../arm-none-eabi/lib/armv7-m/libcr_nohost.a(__sys_remove.o)
 .ARM.attributes
                0x000000000000094b       0x33 /Applications/lpcxpresso_7.6.2_326/lpcxpresso/tools/bin/../lib/gcc/arm-none-eabi/4.9.3/../../../../arm-none-eabi/lib/armv7-m/libcr_nohost.a(__sys_seek.o)
 .ARM.attributes
                0x000000000000097e       0x33 /Applications/lpcxpresso_7.6.2_326/lpcxpresso/tools/bin/../lib/gcc/arm-none-eabi/4.9.3/../../../../arm-none-eabi/lib/armv7-m/libcr_nohost.a(__sys_tmpnam.o)
 .ARM.attributes
                0x00000000000009b1       0x33 /Applications/lpcxpresso_7.6.2_326/lpcxpresso/tools/bin/../lib/gcc/arm-none-eabi/4.9.3/../../../../arm-none-eabi/lib/armv7-m/libcr_nohost.a(__sys_write.o)

.debug_frame    0x0000000000000000      0xc38
 .debug_frame   0x0000000000000000      0x120 ./cr_startup_lpc17.o
 .debug_frame   0x0000000000000120      0x124 ./main.o
 .debug_frame   0x0000000000000244       0x6c /Users/Carles/Documents/pfc/LPC1769_UOC_Library/Debug/libLPC1769_UOC_Library.a(log.o)
 .debug_frame   0x00000000000002b0      0x104 /Users/Carles/Documents/pfc/LPC1769_UOC_Library/Debug/libLPC1769_UOC_Library.a(printf.o)
 .debug_frame   0x00000000000003b4      0x128 /Users/Carles/Documents/pfc/LPC1769_UOC_Library/Debug/libLPC1769_UOC_Library.a(uart.o)
 .debug_frame   0x00000000000004dc       0x3c /Users/Carles/Documents/pfc/CMSISv2p00_LPC17xx/Debug/libCMSISv2p00_LPC17xx.a(system_LPC17xx.o)
 .debug_frame   0x0000000000000518      0x210 /Users/Carles/Documents/pfc/FreeRTOS_Library/Debug/libFreeRTOS_Library.a(queue.o)
 .debug_frame   0x0000000000000728      0x374 /Users/Carles/Documents/pfc/FreeRTOS_Library/Debug/libFreeRTOS_Library.a(tasks.o)
 .debug_frame   0x0000000000000a9c       0x70 /Users/Carles/Documents/pfc/FreeRTOS_Library/Debug/libFreeRTOS_Library.a(heap_2.o)
 .debug_frame   0x0000000000000b0c       0xc0 /Users/Carles/Documents/pfc/FreeRTOS_Library/Debug/libFreeRTOS_Library.a(port.o)
 .debug_frame   0x0000000000000bcc       0x6c /Users/Carles/Documents/pfc/FreeRTOS_Library/Debug/libFreeRTOS_Library.a(list.o)

.debug_loc      0x0000000000000000     0x1a34
 .debug_loc     0x0000000000000000      0x90d /Users/Carles/Documents/pfc/FreeRTOS_Library/Debug/libFreeRTOS_Library.a(queue.o)
 .debug_loc     0x000000000000090d      0xe57 /Users/Carles/Documents/pfc/FreeRTOS_Library/Debug/libFreeRTOS_Library.a(tasks.o)
 .debug_loc     0x0000000000001764      0x22d /Users/Carles/Documents/pfc/FreeRTOS_Library/Debug/libFreeRTOS_Library.a(heap_2.o)
 .debug_loc     0x0000000000001991       0x5f /Users/Carles/Documents/pfc/FreeRTOS_Library/Debug/libFreeRTOS_Library.a(port.o)
 .debug_loc     0x00000000000019f0       0x44 /Users/Carles/Documents/pfc/FreeRTOS_Library/Debug/libFreeRTOS_Library.a(list.o)
