Archive member included because of file (symbol)

/Users/wavelife/Documents/UOC/TFC/pfc/CMSISv2p00_LPC17xx/Debug/libCMSISv2p00_LPC17xx.a(system_LPC17xx.o)
                              ./cr_startup_lpc17.o (SystemInit)
/Users/wavelife/Documents/UOC/TFC/pfc/FreeRTOS_Library/Debug/libFreeRTOS_Library.a(port.o)
                              ./cr_startup_lpc17.o (vPortSVCHandler)
/Users/wavelife/Documents/UOC/TFC/pfc/FreeRTOS_Library/Debug/libFreeRTOS_Library.a(queue.o)
                              ./printf.o (xQueueGenericCreate)
/Users/wavelife/Documents/UOC/TFC/pfc/FreeRTOS_Library/Debug/libFreeRTOS_Library.a(tasks.o)
                              ./main.o (xTaskGenericCreate)
/Users/wavelife/Documents/UOC/TFC/pfc/FreeRTOS_Library/Debug/libFreeRTOS_Library.a(heap_2.o)
                              /Users/wavelife/Documents/UOC/TFC/pfc/FreeRTOS_Library/Debug/libFreeRTOS_Library.a(queue.o) (pvPortMalloc)
/Users/wavelife/Documents/UOC/TFC/pfc/FreeRTOS_Library/Debug/libFreeRTOS_Library.a(list.o)
                              /Users/wavelife/Documents/UOC/TFC/pfc/FreeRTOS_Library/Debug/libFreeRTOS_Library.a(queue.o) (vListInitialise)
/Applications/lpcxpresso_7.6.2_326/lpcxpresso/tools/bin/../lib/gcc/arm-none-eabi/4.9.3/../../../../arm-none-eabi/lib/armv7-m/libcr_semihost.a(_cr__main.o)
                              ./cr_startup_lpc17.o (__main)
/Applications/lpcxpresso_7.6.2_326/lpcxpresso/tools/bin/../lib/gcc/arm-none-eabi/4.9.3/../../../../arm-none-eabi/lib/armv7-m/libcr_c.a(memcpy.o)
                              /Users/wavelife/Documents/UOC/TFC/pfc/FreeRTOS_Library/Debug/libFreeRTOS_Library.a(queue.o) (memcpy)
/Applications/lpcxpresso_7.6.2_326/lpcxpresso/tools/bin/../lib/gcc/arm-none-eabi/4.9.3/../../../../arm-none-eabi/lib/armv7-m/libcr_c.a(memset.o)
                              ./main.o (memset)
/Applications/lpcxpresso_7.6.2_326/lpcxpresso/tools/bin/../lib/gcc/arm-none-eabi/4.9.3/../../../../arm-none-eabi/lib/armv7-m/libcr_c.a(fpprintf.o)
                              /Users/wavelife/Documents/UOC/TFC/pfc/FreeRTOS_Library/Debug/libFreeRTOS_Library.a(tasks.o) (sprintf)
/Applications/lpcxpresso_7.6.2_326/lpcxpresso/tools/bin/../lib/gcc/arm-none-eabi/4.9.3/../../../../arm-none-eabi/lib/armv7-m/libcr_c.a(initio.o)
                              /Applications/lpcxpresso_7.6.2_326/lpcxpresso/tools/bin/../lib/gcc/arm-none-eabi/4.9.3/../../../../arm-none-eabi/lib/armv7-m/libcr_semihost.a(_cr__main.o) (_initio)
/Applications/lpcxpresso_7.6.2_326/lpcxpresso/tools/bin/../lib/gcc/arm-none-eabi/4.9.3/../../../../arm-none-eabi/lib/armv7-m/libcr_c.a(printf.o)
                              /Applications/lpcxpresso_7.6.2_326/lpcxpresso/tools/bin/../lib/gcc/arm-none-eabi/4.9.3/../../../../arm-none-eabi/lib/armv7-m/libcr_c.a(fpprintf.o) (__vfprintf)
/Applications/lpcxpresso_7.6.2_326/lpcxpresso/tools/bin/../lib/gcc/arm-none-eabi/4.9.3/../../../../arm-none-eabi/lib/armv7-m/libcr_c.a(setvbuf.o)
                              /Applications/lpcxpresso_7.6.2_326/lpcxpresso/tools/bin/../lib/gcc/arm-none-eabi/4.9.3/../../../../arm-none-eabi/lib/armv7-m/libcr_c.a(initio.o) (setvbuf)
/Applications/lpcxpresso_7.6.2_326/lpcxpresso/tools/bin/../lib/gcc/arm-none-eabi/4.9.3/../../../../arm-none-eabi/lib/armv7-m/libcr_c.a(stdio.o)
                              /Applications/lpcxpresso_7.6.2_326/lpcxpresso/tools/bin/../lib/gcc/arm-none-eabi/4.9.3/../../../../arm-none-eabi/lib/armv7-m/libcr_c.a(fpprintf.o) (__Ciob)
/Applications/lpcxpresso_7.6.2_326/lpcxpresso/tools/bin/../lib/gcc/arm-none-eabi/4.9.3/../../../../arm-none-eabi/lib/armv7-m/libcr_c.a(strcat.o)
                              /Users/wavelife/Documents/UOC/TFC/pfc/FreeRTOS_Library/Debug/libFreeRTOS_Library.a(tasks.o) (strcat)
/Applications/lpcxpresso_7.6.2_326/lpcxpresso/tools/bin/../lib/gcc/arm-none-eabi/4.9.3/../../../../arm-none-eabi/lib/armv7-m/libcr_c.a(strlen.o)
                              ./main.o (strlen)
/Applications/lpcxpresso_7.6.2_326/lpcxpresso/tools/bin/../lib/gcc/arm-none-eabi/4.9.3/../../../../arm-none-eabi/lib/armv7-m/libcr_c.a(strncpy.o)
                              ./printf.o (strncpy)
/Applications/lpcxpresso_7.6.2_326/lpcxpresso/tools/bin/../lib/gcc/arm-none-eabi/4.9.3/../../../../arm-none-eabi/lib/armv7-m/libcr_c.a(__fillbuf.o)
                              /Applications/lpcxpresso_7.6.2_326/lpcxpresso/tools/bin/../lib/gcc/arm-none-eabi/4.9.3/../../../../arm-none-eabi/lib/armv7-m/libcr_c.a(stdio.o) (__filbuf)
/Applications/lpcxpresso_7.6.2_326/lpcxpresso/tools/bin/../lib/gcc/arm-none-eabi/4.9.3/../../../../arm-none-eabi/lib/armv7-m/libcr_c.a(_deferredlazyseek.o)
                              /Applications/lpcxpresso_7.6.2_326/lpcxpresso/tools/bin/../lib/gcc/arm-none-eabi/4.9.3/../../../../arm-none-eabi/lib/armv7-m/libcr_c.a(__fillbuf.o) (_deferredlazyseek)
/Applications/lpcxpresso_7.6.2_326/lpcxpresso/tools/bin/../lib/gcc/arm-none-eabi/4.9.3/../../../../arm-none-eabi/lib/armv7-m/libcr_c.a(_fdopen.o)
[...]
Memory Configuration

Name             Origin             Length             Attributes
MFlash512        0x0000000000000000 0x0000000000080000 xr
RamLoc32         0x0000000010000000 0x0000000000008000 xrw
RamAHB32         0x000000002007c000 0x0000000000008000 xrw
*default*        0x0000000000000000 0xffffffffffffffff

Linker script and memory map

LOAD ./cr_startup_lpc17.o
LOAD ./log.o
LOAD ./main.o
LOAD ./printf.o
LOAD ./uart.o
LOAD /Users/wavelife/Documents/UOC/TFC/pfc/CMSISv2p00_LPC17xx/Debug/libCMSISv2p00_LPC17xx.a
LOAD /Users/wavelife/Documents/UOC/TFC/pfc/FreeRTOS_Library/Debug/libFreeRTOS_Library.a
START GROUP
LOAD /Applications/lpcxpresso_7.6.2_326/lpcxpresso/tools/bin/../lib/gcc/arm-none-eabi/4.9.3/../../../../arm-none-eabi/lib/armv7-m/libcr_semihost.a
LOAD /Applications/lpcxpresso_7.6.2_326/lpcxpresso/tools/bin/../lib/gcc/arm-none-eabi/4.9.3/../../../../arm-none-eabi/lib/armv7-m/libcr_c.a
LOAD /Applications/lpcxpresso_7.6.2_326/lpcxpresso/tools/bin/../lib/gcc/arm-none-eabi/4.9.3/armv7-m/libcr_eabihelpers.a
END GROUP
                0x0000000000080000                __top_MFlash512 = 0x80000
                0x0000000010008000                __top_RamLoc32 = 0x10008000
                0x0000000020084000                __top_RamAHB32 = 0x20084000

.text           0x0000000000000000     0x4960
 FILL mask 0xff
                0x0000000000000000                __vectors_start__ = ABSOLUTE (.)
 *(.isr_vector)
 .isr_vector    0x0000000000000000       0xcc ./cr_startup_lpc17.o
                0x0000000000000000                g_pfnVectors
                0x00000000000000cc                . = ALIGN (0x4)
                0x00000000000000cc                __section_table_start = .
                0x00000000000000cc                __data_section_table = .
                0x00000000000000cc        0x4 LONG 0x4960 LOADADDR (.data)
                0x00000000000000d0        0x4 LONG 0x10000000 ADDR (.data)
                0x00000000000000d4        0x4 LONG 0x2c SIZEOF (.data)
                0x00000000000000d8        0x4 LONG 0x4960 LOADADDR (.data_RAM2)
                0x00000000000000dc        0x4 LONG 0x2007c000 ADDR (.data_RAM2)
                0x00000000000000e0        0x4 LONG 0x0 SIZEOF (.data_RAM2)
                0x00000000000000e4                __data_section_table_end = .
                0x00000000000000e4                __bss_section_table = .
                0x00000000000000e4        0x4 LONG 0x10000030 ADDR (.bss)
                0x00000000000000e8        0x4 LONG 0x5044 SIZEOF (.bss)
                0x00000000000000ec        0x4 LONG 0x2007c000 ADDR (.bss_RAM2)
                0x00000000000000f0        0x4 LONG 0x0 SIZEOF (.bss_RAM2)
                0x00000000000000f4                __bss_section_table_end = .
                0x00000000000000f4                __section_table_end = .
 *(.after_vectors*)
 *(.text*)
 .text.NMI_Handler
                0x00000000000000f4        0x4 ./cr_startup_lpc17.o
                0x00000000000000f4                NMI_Handler
 .text.HardFault_Handler
                0x00000000000000f8        0x4 ./cr_startup_lpc17.o
                0x00000000000000f8                HardFault_Handler
 .text.MemManage_Handler
                0x00000000000000fc        0x4 ./cr_startup_lpc17.o
                0x00000000000000fc                MemManage_Handler
 .text.BusFault_Handler
                0x0000000000000100        0x4 ./cr_startup_lpc17.o
                0x0000000000000100                BusFault_Handler
 .text.UsageFault_Handler
                0x0000000000000104        0x4 ./cr_startup_lpc17.o
                0x0000000000000104                UsageFault_Handler
 .text.DebugMon_Handler
                0x0000000000000108        0x4 ./cr_startup_lpc17.o
                0x0000000000000108                DebugMon_Handler
 .text.IntDefaultHandler
                0x000000000000010c        0x4 ./cr_startup_lpc17.o
                0x000000000000010c                ENET_IRQHandler
                0x000000000000010c                RIT_IRQHandler
                0x000000000000010c                I2C0_IRQHandler
                0x000000000000010c                USBActivity_IRQHandler
                0x000000000000010c                PWM1_IRQHandler
                0x000000000000010c                I2C1_IRQHandler
                0x000000000000010c                EINT2_IRQHandler
                0x000000000000010c                EINT3_IRQHandler
                0x000000000000010c                CANActivity_IRQHandler
                0x000000000000010c                TIMER3_IRQHandler
                0x000000000000010c                IntDefaultHandler
                0x000000000000010c                PLL0_IRQHandler
                0x000000000000010c                CAN_IRQHandler
                0x000000000000010c                PLL1_IRQHandler
                0x000000000000010c                SSP0_IRQHandler
                0x000000000000010c                I2S_IRQHandler
                0x000000000000010c                I2C2_IRQHandler
                0x000000000000010c                RTC_IRQHandler
                0x000000000000010c                TIMER0_IRQHandler
                0x000000000000010c                SPI_IRQHandler
                0x000000000000010c                EINT1_IRQHandler
                0x000000000000010c                TIMER1_IRQHandler
                0x000000000000010c                ADC_IRQHandler
                0x000000000000010c                SSP1_IRQHandler
                0x000000000000010c                USB_IRQHandler
                0x000000000000010c                BOD_IRQHandler
                0x000000000000010c                WDT_IRQHandler
                0x000000000000010c                QEI_IRQHandler
                0x000000000000010c                EINT0_IRQHandler
                0x000000000000010c                DMA_IRQHandler
                0x000000000000010c                MCPWM_IRQHandler
                0x000000000000010c                TIMER2_IRQHandler
 .text.ResetISR
                0x0000000000000110       0x58 ./cr_startup_lpc17.o
                0x0000000000000110                ResetISR
 .text.test2    0x0000000000000168       0x4c ./main.o
                0x0000000000000168                test2
 .text.main     0x00000000000001b4       0xd0 ./main.o
                0x00000000000001b4                main
 .text.Printf_conf
                0x0000000000000284       0xe4 ./printf.o
                0x0000000000000284                Printf_conf
 .text.Printf_start
                0x0000000000000368       0x70 ./printf.o
                0x0000000000000368                Printf_start
 .text.printf_send
                0x00000000000003d8       0x8c ./printf.o
                0x00000000000003d8                printf_send
 .text.Printf_print
                0x0000000000000464       0x84 ./printf.o
                0x0000000000000464                Printf_print
 .text.UART0_IRQHandler
                0x00000000000004e8       0xb4 ./uart.o
                0x00000000000004e8                UART0_IRQHandler
 .text.UART1_IRQHandler
                0x000000000000059c       0xb4 ./uart.o
                0x000000000000059c                UART1_IRQHandler
 .text.UART2_IRQHandler
                0x0000000000000650       0xb4 ./uart.o
                0x0000000000000650                UART2_IRQHandler
 .text.UART3_IRQHandler
                0x0000000000000704       0xb4 ./uart.o
                0x0000000000000704                UART3_IRQHandler
 .text.UARTInit
                0x00000000000007b8      0x1f8 ./uart.o
                0x00000000000007b8                UARTInit
 .text.UARTSend
                0x00000000000009b0       0x80 ./uart.o
                0x00000000000009b0                UARTSend
 .text.SystemInit
                0x0000000000000a30       0x9c /Users/wavelife/Documents/UOC/TFC/pfc/CMSISv2p00_LPC17xx/Debug/libCMSISv2p00_LPC17xx.a(system_LPC17xx.o)
                0x0000000000000a30                SystemInit
 .text          0x0000000000000acc      0x130 /Users/wavelife/Documents/UOC/TFC/pfc/FreeRTOS_Library/Debug/libFreeRTOS_Library.a(port.o)
                0x0000000000000acc                pxPortInitialiseStack
                0x0000000000000ae8                vPortSVCHandler
                0x0000000000000b08                vPortStartFirstTask
                0x0000000000000b18                xPortStartScheduler
                0x0000000000000b54                vPortEndScheduler
                0x0000000000000b58                vPortYieldFromISR
                0x0000000000000b68                vPortEnterCritical
                0x0000000000000b80                vPortExitCritical
                0x0000000000000b98                xPortPendSVHandler
                0x0000000000000bd4                xPortSysTickHandler
 .text          0x0000000000000bfc      0x574 /Users/wavelife/Documents/UOC/TFC/pfc/FreeRTOS_Library/Debug/libFreeRTOS_Library.a(queue.o)
                0x0000000000000cf8                xQueueGenericCreate
                0x0000000000000d60                xQueueGenericSend
                0x0000000000000e3c                xQueueCreateMutex
                0x0000000000000e88                xQueueGiveMutexRecursive
                0x0000000000000eb8                xQueueGenericSendFromISR
                0x0000000000000f10                xQueueGenericReceive
                0x0000000000001020                xQueueTakeMutexRecursive
                0x0000000000001054                xQueueReceiveFromISR
                0x00000000000010b0                uxQueueMessagesWaiting
                0x00000000000010c4                uxQueueMessagesWaitingFromISR
                0x00000000000010c8                vQueueDelete
                0x0000000000001108                ucQueueGetQueueNumber
                0x0000000000001110                vQueueSetQueueNumber
                0x0000000000001118                ucQueueGetQueueType
                0x0000000000001120                xQueueIsQueueEmptyFromISR
                0x000000000000112c                xQueueIsQueueFullFromISR
                0x000000000000113c                vQueueAddToRegistry
 .text          0x0000000000001170      0xc0c /Users/wavelife/Documents/UOC/TFC/pfc/FreeRTOS_Library/Debug/libFreeRTOS_Library.a(tasks.o)
                0x0000000000001240                xTaskGenericCreate
                0x00000000000013d8                vTaskDelete
                0x0000000000001440                uxTaskPriorityGet
                0x000000000000145c                vTaskPrioritySet
                0x00000000000014f4                xTaskIsTaskSuspended
                0x0000000000001518                vTaskResume
                0x000000000000157c                xTaskResumeFromISR
                0x00000000000015fc                vTaskStartScheduler
                0x0000000000001644                vTaskEndScheduler
                0x0000000000001660                vTaskSuspendAll
                0x0000000000001674                xTaskGetTickCount
                0x000000000000168c                xTaskGetTickCountFromISR
                0x00000000000016a8                uxTaskGetNumberOfTasks
                0x00000000000016b4                vTaskIncrementTick
                0x0000000000001798                xTaskResumeAll
                0x000000000000186c                vTaskDelayUntil
                0x00000000000018cc                vTaskDelay
                0x0000000000001950                vTaskList
                0x0000000000001a0c                vTaskSwitchContext
                0x0000000000001a9c                vTaskSuspend
                0x0000000000001b48                vTaskPlaceOnEventList
                0x0000000000001b84                xTaskRemoveFromEventList
                0x0000000000001bf0                vTaskSetTimeOutState
                0x0000000000001c04                xTaskCheckForTimeOut
                0x0000000000001c64                vTaskMissedYield
                0x0000000000001c74                uxTaskGetTaskNumber
                0x0000000000001c80                vTaskSetTaskNumber
                0x0000000000001c88                uxTaskGetStackHighWaterMark
                0x0000000000001cb4                xTaskGetCurrentTaskHandle
                0x0000000000001cc0                vTaskPriorityInherit
                0x0000000000001d30                vTaskPriorityDisinherit
 .text          0x0000000000001d7c      0x11c /Users/wavelife/Documents/UOC/TFC/pfc/FreeRTOS_Library/Debug/libFreeRTOS_Library.a(heap_2.o)
                0x0000000000001d7c                pvPortMalloc
                0x0000000000001e44                vPortFree
                0x0000000000001e88                xPortGetFreeHeapSize
                0x0000000000001e94                vPortInitialiseBlocks
 .text          0x0000000000001e98       0x9c /Users/wavelife/Documents/UOC/TFC/pfc/FreeRTOS_Library/Debug/libFreeRTOS_Library.a(list.o)
                0x0000000000001e98                vListInitialise
                0x0000000000001eb0                vListInitialiseItem
                0x0000000000001eb8                vListInsertEnd
                0x0000000000001ed4                vListInsert
                0x0000000000001f10                vListRemove
 .text.__main   0x0000000000001f34       0x14 /Applications/lpcxpresso_7.6.2_326/lpcxpresso/tools/bin/../lib/gcc/arm-none-eabi/4.9.3/../../../../arm-none-eabi/lib/armv7-m/libcr_semihost.a(_cr__main.o)
                0x0000000000001f34                __main
                0x0000000000001f34                __CR_SEMIHOST
 .text.memcpy   0x0000000000001f48        0x4 /Applications/lpcxpresso_7.6.2_326/lpcxpresso/tools/bin/../lib/gcc/arm-none-eabi/4.9.3/../../../../arm-none-eabi/lib/armv7-m/libcr_c.a(memcpy.o)
                0x0000000000001f48                memcpy
 .text.memset   0x0000000000001f4c        0x4 /Applications/lpcxpresso_7.6.2_326/lpcxpresso/tools/bin/../lib/gcc/arm-none-eabi/4.9.3/../../../../arm-none-eabi/lib/armv7-m/libcr_c.a(memset.o)
                0x0000000000001f4c                memset
 .text.fp_round
                0x0000000000001f50       0x4a /Applications/lpcxpresso_7.6.2_326/lpcxpresso/tools/bin/../lib/gcc/arm-none-eabi/4.9.3/../../../../arm-none-eabi/lib/armv7-m/libcr_c.a(fpprintf.o)
 .text.pr_dec.constprop.1
                0x0000000000001f9a       0x26 /Applications/lpcxpresso_7.6.2_326/lpcxpresso/tools/bin/../lib/gcc/arm-none-eabi/4.9.3/../../../../arm-none-eabi/lib/armv7-m/libcr_c.a(fpprintf.o)
 .text.sprintf  0x0000000000001fc0       0x6c /Applications/lpcxpresso_7.6.2_326/lpcxpresso/tools/bin/../lib/gcc/arm-none-eabi/4.9.3/../../../../arm-none-eabi/lib/armv7-m/libcr_c.a(fpprintf.o)
                0x0000000000001fc0                sprintf
 *fill*         0x000000000000202c        0x4 
 .text.fp_display
                0x0000000000002030      0x900 /Applications/lpcxpresso_7.6.2_326/lpcxpresso/tools/bin/../lib/gcc/arm-none-eabi/4.9.3/../../../../arm-none-eabi/lib/armv7-m/libcr_c.a(fpprintf.o)
 .text.vsprintf
                0x0000000000002930       0x5c /Applications/lpcxpresso_7.6.2_326/lpcxpresso/tools/bin/../lib/gcc/arm-none-eabi/4.9.3/../../../../arm-none-eabi/lib/armv7-m/libcr_c.a(fpprintf.o)
                0x0000000000002930                vsprintf
 .text.vsnprintf
                0x000000000000298c       0x5c /Applications/lpcxpresso_7.6.2_326/lpcxpresso/tools/bin/../lib/gcc/arm-none-eabi/4.9.3/../../../../arm-none-eabi/lib/armv7-m/libcr_c.a(fpprintf.o)
                0x000000000000298c                vsnprintf
 .text.printf   0x00000000000029e8       0x54 /Applications/lpcxpresso_7.6.2_326/lpcxpresso/tools/bin/../lib/gcc/arm-none-eabi/4.9.3/../../../../arm-none-eabi/lib/armv7-m/libcr_c.a(fpprintf.o)
                0x00000000000029e8                printf
 .text._initio  0x0000000000002a3c       0xa4 /Applications/lpcxpresso_7.6.2_326/lpcxpresso/tools/bin/../lib/gcc/arm-none-eabi/4.9.3/../../../../arm-none-eabi/lib/armv7-m/libcr_c.a(initio.o)
                0x0000000000002a3c                _initio
 .text.__vfprintf
                0x0000000000002ae0      0xca4 /Applications/lpcxpresso_7.6.2_326/lpcxpresso/tools/bin/../lib/gcc/arm-none-eabi/4.9.3/../../../../arm-none-eabi/lib/armv7-m/libcr_c.a(printf.o)
                0x0000000000002ae0                __vfprintf
 .text.setvbuf  0x0000000000003784       0x40 /Applications/lpcxpresso_7.6.2_326/lpcxpresso/tools/bin/../lib/gcc/arm-none-eabi/4.9.3/../../../../arm-none-eabi/lib/armv7-m/libcr_c.a(setvbuf.o)
                0x0000000000003784                setvbuf
 .text.strcat   0x00000000000037c4       0x1e /Applications/lpcxpresso_7.6.2_326/lpcxpresso/tools/bin/../lib/gcc/arm-none-eabi/4.9.3/../../../../arm-none-eabi/lib/armv7-m/libcr_c.a(strcat.o)
                0x00000000000037c4                strcat
 .text.strlen   0x00000000000037e2       0x4a /Applications/lpcxpresso_7.6.2_326/lpcxpresso/tools/bin/../lib/gcc/arm-none-eabi/4.9.3/../../../../arm-none-eabi/lib/armv7-m/libcr_c.a(strlen.o)
                0x00000000000037e2                strlen
 .text.strncpy  0x000000000000382c       0x58 /Applications/lpcxpresso_7.6.2_326/lpcxpresso/tools/bin/../lib/gcc/arm-none-eabi/4.9.3/../../../../arm-none-eabi/lib/armv7-m/libcr_c.a(strncpy.o)
                0x000000000000382c                strncpy
 .text._deferredlazyseek
                0x0000000000003884       0x44 /Applications/lpcxpresso_7.6.2_326/lpcxpresso/tools/bin/../lib/gcc/arm-none-eabi/4.9.3/../../../../arm-none-eabi/lib/armv7-m/libcr_c.a(_deferredlazyseek.o)
                0x0000000000003884                _deferredlazyseek
 .text.__flsbuf
                0x00000000000038c8      0x142 /Applications/lpcxpresso_7.6.2_326/lpcxpresso/tools/bin/../lib/gcc/arm-none-eabi/4.9.3/../../../../arm-none-eabi/lib/armv7-m/libcr_c.a(_deferredlazyseek.o)
                0x00000000000038c8                __flsbuf
 .text._fdopen  0x0000000000003a0a       0x6a /Applications/lpcxpresso_7.6.2_326/lpcxpresso/tools/bin/../lib/gcc/arm-none-eabi/4.9.3/../../../../arm-none-eabi/lib/armv7-m/libcr_c.a(_fdopen.o)
                0x0000000000003a0a                _fdopen
 .text._fflush  0x0000000000003a74       0x58 /Applications/lpcxpresso_7.6.2_326/lpcxpresso/tools/bin/../lib/gcc/arm-none-eabi/4.9.3/../../../../arm-none-eabi/lib/armv7-m/libcr_c.a(_fflush.o)
                0x0000000000003a74                _fflush
 .text._frexpl  0x0000000000003acc       0x5a /Applications/lpcxpresso_7.6.2_326/lpcxpresso/tools/bin/../lib/gcc/arm-none-eabi/4.9.3/../../../../arm-none-eabi/lib/armv7-m/libcr_c.a(_frexpl.o)
                0x0000000000003acc                _frexpl
 *fill*         0x0000000000003b26        0x2 
 .text._ldexpl  0x0000000000003b28       0x4c /Applications/lpcxpresso_7.6.2_326/lpcxpresso/tools/bin/../lib/gcc/arm-none-eabi/4.9.3/../../../../arm-none-eabi/lib/armv7-m/libcr_c.a(_ldexpl.o)
                0x0000000000003b28                _ldexpl
 .text._Cwritebuf
                0x0000000000003b74       0x70 /Applications/lpcxpresso_7.6.2_326/lpcxpresso/tools/bin/../lib/gcc/arm-none-eabi/4.9.3/../../../../arm-none-eabi/lib/armv7-m/libcr_c.a(_writebuf.o)
                0x0000000000003b74                _Cwritebuf
 .text.malloc   0x0000000000003be4       0xcc /Applications/lpcxpresso_7.6.2_326/lpcxpresso/tools/bin/../lib/gcc/arm-none-eabi/4.9.3/../../../../arm-none-eabi/lib/armv7-m/libcr_c.a(alloc.o)
                0x0000000000003be4                malloc
 .text.free     0x0000000000003cb0       0x30 /Applications/lpcxpresso_7.6.2_326/lpcxpresso/tools/bin/../lib/gcc/arm-none-eabi/4.9.3/../../../../arm-none-eabi/lib/armv7-m/libcr_c.a(alloc.o)
                0x0000000000003cb0                free
 .text._Csys_alloc
                0x0000000000003ce0       0x20 /Applications/lpcxpresso_7.6.2_326/lpcxpresso/tools/bin/../lib/gcc/arm-none-eabi/4.9.3/../../../../arm-none-eabi/lib/armv7-m/libcr_c.a(alloc.o)
                0x0000000000003ce0                _Csys_alloc
 .text.fclose   0x0000000000003d00       0x6c /Applications/lpcxpresso_7.6.2_326/lpcxpresso/tools/bin/../lib/gcc/arm-none-eabi/4.9.3/../../../../arm-none-eabi/lib/armv7-m/libcr_c.a(fclose.o)
                0x0000000000003d00                fclose
 .text.fflush   0x0000000000003d6c       0x30 /Applications/lpcxpresso_7.6.2_326/lpcxpresso/tools/bin/../lib/gcc/arm-none-eabi/4.9.3/../../../../arm-none-eabi/lib/armv7-m/libcr_c.a(fflush.o)
                0x0000000000003d6c                fflush
 .text.fseek    0x0000000000003d9c      0x110 /Applications/lpcxpresso_7.6.2_326/lpcxpresso/tools/bin/../lib/gcc/arm-none-eabi/4.9.3/../../../../arm-none-eabi/lib/armv7-m/libcr_c.a(fseek.o)
                0x0000000000003d9c                fseek
 .text.ftell    0x0000000000003eac       0x4c /Applications/lpcxpresso_7.6.2_326/lpcxpresso/tools/bin/../lib/gcc/arm-none-eabi/4.9.3/../../../../arm-none-eabi/lib/armv7-m/libcr_c.a(ftell.o)
                0x0000000000003eac                ftell
 .text.remove   0x0000000000003ef8       0x14 /Applications/lpcxpresso_7.6.2_326/lpcxpresso/tools/bin/../lib/gcc/arm-none-eabi/4.9.3/../../../../arm-none-eabi/lib/armv7-m/libcr_c.a(remove.o)
                0x0000000000003ef8                remove
 .text._sbrk    0x0000000000003f0c       0x40 /Applications/lpcxpresso_7.6.2_326/lpcxpresso/tools/bin/../lib/gcc/arm-none-eabi/4.9.3/../../../../arm-none-eabi/lib/armv7-m/libcr_c.a(_cr_sbrk.o)
                0x0000000000003f0c                _sbrk
 .text._do_fflush
                0x0000000000003f4c       0x44 /Applications/lpcxpresso_7.6.2_326/lpcxpresso/tools/bin/../lib/gcc/arm-none-eabi/4.9.3/../../../../arm-none-eabi/lib/armv7-m/libcr_c.a(_do_fflush.o)
                0x0000000000003f4c                _do_fflush
 .text.__check_heap_overflow
                0x0000000000003f90       0x18 /Applications/lpcxpresso_7.6.2_326/lpcxpresso/tools/bin/../lib/gcc/arm-none-eabi/4.9.3/../../../../arm-none-eabi/lib/armv7-m/libcr_c.a(_cr_check_heap.o)
                0x0000000000003f90                __check_heap_overflow
 .text.__aeabi_dmul
                0x0000000000003fa8      0x120 /Applications/lpcxpresso_7.6.2_326/lpcxpresso/tools/bin/../lib/gcc/arm-none-eabi/4.9.3/armv7-m/libcr_eabihelpers.a(double.o)
                0x0000000000003fa8                __aeabi_dmul
 .text.__aeabi_ddiv
                0x00000000000040c8      0x150 /Applications/lpcxpresso_7.6.2_326/lpcxpresso/tools/bin/../lib/gcc/arm-none-eabi/4.9.3/armv7-m/libcr_eabihelpers.a(double.o)
                0x00000000000040c8                __aeabi_ddiv
 .text.__aeabi_dsub
                0x0000000000004218      0x1d8 /Applications/lpcxpresso_7.6.2_326/lpcxpresso/tools/bin/../lib/gcc/arm-none-eabi/4.9.3/armv7-m/libcr_eabihelpers.a(double.o)
                0x0000000000004218                __aeabi_dsub
 .text.__aeabi_dadd
                0x00000000000043f0      0x134 /Applications/lpcxpresso_7.6.2_326/lpcxpresso/tools/bin/../lib/gcc/arm-none-eabi/4.9.3/armv7-m/libcr_eabihelpers.a(double.o)
                0x00000000000043f0                __aeabi_dadd
 .text.__aeabi_d2iz
                0x0000000000004524       0x40 /Applications/lpcxpresso_7.6.2_326/lpcxpresso/tools/bin/../lib/gcc/arm-none-eabi/4.9.3/armv7-m/libcr_eabihelpers.a(double.o)
                0x0000000000004524                __aeabi_d2iz
 .text.__bhs_ui2d
                0x0000000000004564       0x48 /Applications/lpcxpresso_7.6.2_326/lpcxpresso/tools/bin/../lib/gcc/arm-none-eabi/4.9.3/armv7-m/libcr_eabihelpers.a(double.o)
                0x0000000000004564                __bhs_ui2d
 .text.__aeabi_i2d
                0x00000000000045ac       0x14 /Applications/lpcxpresso_7.6.2_326/lpcxpresso/tools/bin/../lib/gcc/arm-none-eabi/4.9.3/armv7-m/libcr_eabihelpers.a(double.o)
                0x00000000000045ac                __aeabi_i2d
 .text.__aeabi_dcmpeq
                0x00000000000045c0       0x2c /Applications/lpcxpresso_7.6.2_326/lpcxpresso/tools/bin/../lib/gcc/arm-none-eabi/4.9.3/armv7-m/libcr_eabihelpers.a(double.o)
                0x00000000000045c0                __aeabi_dcmpeq
 .text.__aeabi_dcmplt
                0x00000000000045ec       0x5c /Applications/lpcxpresso_7.6.2_326/lpcxpresso/tools/bin/../lib/gcc/arm-none-eabi/4.9.3/armv7-m/libcr_eabihelpers.a(double.o)
                0x00000000000045ec                __aeabi_dcmplt
 .text.__aeabi_dcmple
                0x0000000000004648       0x5c /Applications/lpcxpresso_7.6.2_326/lpcxpresso/tools/bin/../lib/gcc/arm-none-eabi/4.9.3/armv7-m/libcr_eabihelpers.a(double.o)
                0x0000000000004648                __aeabi_dcmple
 .text.__aeabi_dcmpge
                0x00000000000046a4       0x5c /Applications/lpcxpresso_7.6.2_326/lpcxpresso/tools/bin/../lib/gcc/arm-none-eabi/4.9.3/armv7-m/libcr_eabihelpers.a(double.o)
                0x00000000000046a4                __aeabi_dcmpge
 .text.__aeabi_memcpy
                0x0000000000004700       0x34 /Applications/lpcxpresso_7.6.2_326/lpcxpresso/tools/bin/../lib/gcc/arm-none-eabi/4.9.3/armv7-m/libcr_eabihelpers.a(memcpy.o)
                0x0000000000004700                __aeabi_memcpy
                0x000000000000470a                __aeabi_memcpy4
                0x000000000000470a                __aeabi_memcpy8
 .text.__aeabi_memset_lowlevel
                0x0000000000004734       0x32 /Applications/lpcxpresso_7.6.2_326/lpcxpresso/tools/bin/../lib/gcc/arm-none-eabi/4.9.3/armv7-m/libcr_eabihelpers.a(memcpy.o)
                0x0000000000004734                __aeabi_lowlevel_memset
 *fill*         0x0000000000004766        0x2 
 .text.__sys_appexit
                0x0000000000004768        0xc /Applications/lpcxpresso_7.6.2_326/lpcxpresso/tools/bin/../lib/gcc/arm-none-eabi/4.9.3/../../../../arm-none-eabi/lib/armv7-m/libcr_semihost.a(__sys_appexit.o)
                0x0000000000004768                __exit
                0x0000000000004768                __sys_appexit
 .text.__sys_close
                0x0000000000004774        0xc /Applications/lpcxpresso_7.6.2_326/lpcxpresso/tools/bin/../lib/gcc/arm-none-eabi/4.9.3/../../../../arm-none-eabi/lib/armv7-m/libcr_semihost.a(__sys_close.o)
                0x0000000000004774                __sys_close
 .text.__sys_flen
                0x0000000000004780        0xc /Applications/lpcxpresso_7.6.2_326/lpcxpresso/tools/bin/../lib/gcc/arm-none-eabi/4.9.3/../../../../arm-none-eabi/lib/armv7-m/libcr_semihost.a(__sys_flen.o)
                0x0000000000004780                __sys_flen
 .text.__sys_istty
                0x000000000000478c        0xc /Applications/lpcxpresso_7.6.2_326/lpcxpresso/tools/bin/../lib/gcc/arm-none-eabi/4.9.3/../../../../arm-none-eabi/lib/armv7-m/libcr_semihost.a(__sys_istty.o)
                0x000000000000478c                __sys_istty
 .text.__sys_remove
                0x0000000000004798        0xc /Applications/lpcxpresso_7.6.2_326/lpcxpresso/tools/bin/../lib/gcc/arm-none-eabi/4.9.3/../../../../arm-none-eabi/lib/armv7-m/libcr_semihost.a(__sys_remove.o)
                0x0000000000004798                __sys_remove
 .text.__sys_seek
                0x00000000000047a4        0xc /Applications/lpcxpresso_7.6.2_326/lpcxpresso/tools/bin/../lib/gcc/arm-none-eabi/4.9.3/../../../../arm-none-eabi/lib/armv7-m/libcr_semihost.a(__sys_seek.o)
                0x00000000000047a4                __sys_seek
 .text.__sys_tmpnam
                0x00000000000047b0        0xc /Applications/lpcxpresso_7.6.2_326/lpcxpresso/tools/bin/../lib/gcc/arm-none-eabi/4.9.3/../../../../arm-none-eabi/lib/armv7-m/libcr_semihost.a(__sys_tmpnam.o)
                0x00000000000047b0                __sys_tmpnam
 .text.__sys_write
                0x00000000000047bc        0xc /Applications/lpcxpresso_7.6.2_326/lpcxpresso/tools/bin/../lib/gcc/arm-none-eabi/4.9.3/../../../../arm-none-eabi/lib/armv7-m/libcr_semihost.a(__sys_write.o)
                0x00000000000047bc                __write
                0x00000000000047bc                __sys_write
 *(.rodata .rodata.* .constdata .constdata.*)
 .rodata.str1.4
                0x00000000000047c8       0xea ./main.o
                                         0xf0 (size before relaxing)
 *fill*         0x00000000000048b2        0x2 
 .rodata.str1.4
                0x00000000000048b4       0x20 /Users/wavelife/Documents/UOC/TFC/pfc/FreeRTOS_Library/Debug/libFreeRTOS_Library.a(tasks.o)
 .rodata.str1.1
                0x00000000000048d4       0x34 /Applications/lpcxpresso_7.6.2_326/lpcxpresso/tools/bin/../lib/gcc/arm-none-eabi/4.9.3/../../../../arm-none-eabi/lib/armv7-m/libcr_c.a(fpprintf.o)
                                         0x35 (size before relaxing)
 .rodata.str1.1
                0x0000000000004908        0x4 /Applications/lpcxpresso_7.6.2_326/lpcxpresso/tools/bin/../lib/gcc/arm-none-eabi/4.9.3/../../../../arm-none-eabi/lib/armv7-m/libcr_c.a(initio.o)
 .rodata.str1.1
                0x000000000000490c       0x31 /Applications/lpcxpresso_7.6.2_326/lpcxpresso/tools/bin/../lib/gcc/arm-none-eabi/4.9.3/../../../../arm-none-eabi/lib/armv7-m/libcr_c.a(printf.o)
                                         0x38 (size before relaxing)
 .rodata.str1.1
                0x000000000000493d       0x18 /Applications/lpcxpresso_7.6.2_326/lpcxpresso/tools/bin/../lib/gcc/arm-none-eabi/4.9.3/../../../../arm-none-eabi/lib/armv7-m/libcr_c.a(alloc.o)
 *fill*         0x0000000000004955        0x3 
 .rodata.__huge_vall
                0x0000000000004958        0x8 /Applications/lpcxpresso_7.6.2_326/lpcxpresso/tools/bin/../lib/gcc/arm-none-eabi/4.9.3/../../../../arm-none-eabi/lib/armv7-m/libcr_c.a(_hugeval.o)
                0x0000000000004958                __huge_vall
                0x0000000000004960                . = ALIGN (0x4)

.glue_7         0x0000000000004960        0x0
 .glue_7        0x0000000000000000        0x0 linker stubs

.glue_7t        0x0000000000004960        0x0
 .glue_7t       0x0000000000000000        0x0 linker stubs

.vfp11_veneer   0x0000000000004960        0x0
 .vfp11_veneer  0x0000000000000000        0x0 linker stubs

.v4_bx          0x0000000000004960        0x0
 .v4_bx         0x0000000000000000        0x0 linker stubs

.iplt           0x0000000000004960        0x0
 .iplt          0x0000000000000000        0x0 ./cr_startup_lpc17.o

.rel.dyn        0x0000000000004960        0x0
 .rel.iplt      0x0000000000000000        0x0 ./cr_startup_lpc17.o

.ARM.extab
 *(.ARM.extab* .gnu.linkonce.armextab.*)
                0x0000000000004960                __exidx_start = .

.ARM.exidx
 *(.ARM.exidx* .gnu.linkonce.armexidx.*)
                0x0000000000004960                __exidx_end = .
                0x0000000000004960                _etext = .

.data_RAM2      0x000000002007c000        0x0 load address 0x0000000000004960
 FILL mask 0xff
                0x000000002007c000                PROVIDE (__start_data_RAM2, .)
 *(.ramfunc.$RAM2)
 *(.ramfunc.$RamAHB32)
 *(.data.$RAM2*)
 *(.data.$RamAHB32*)
                0x000000002007c000                . = ALIGN (0x4)
                0x000000002007c000                PROVIDE (__end_data_RAM2, .)

.uninit_RESERVED
                0x0000000010000000        0x0
 *(.bss.$RESERVED*)
                0x0000000010000000                . = ALIGN (0x4)
                0x0000000010000000                _end_uninit_RESERVED = .

.data           0x0000000010000000       0x2c load address 0x0000000000004960
 FILL mask 0xff
                0x0000000010000000                _data = .
 *(vtable)
 *(.ramfunc*)
 *(.data*)
 .data          0x0000000010000000        0x8 ./log.o
                0x0000000010000000                uart_port
                0x0000000010000004                pxPreviousWakeTime
 .data          0x0000000010000008        0xc ./main.o
                0x0000000010000008                done
                0x000000001000000c                mainPort
                0x0000000010000010                mainBaurade
 .data          0x0000000010000014        0x1 ./printf.o
                0x0000000010000014                transaction_id
 .data          0x0000000010000015        0x4 ./uart.o
                0x0000000010000015                UART0TxEmpty
                0x0000000010000016                UART1TxEmpty
                0x0000000010000017                UART2TxEmpty
                0x0000000010000018                UART3TxEmpty
 *fill*         0x0000000010000019        0x3 
 .data.SystemCoreClock
                0x000000001000001c        0x4 /Users/wavelife/Documents/UOC/TFC/pfc/CMSISv2p00_LPC17xx/Debug/libCMSISv2p00_LPC17xx.a(system_LPC17xx.o)
                0x000000001000001c                SystemCoreClock
 .data          0x0000000010000020        0x4 /Users/wavelife/Documents/UOC/TFC/pfc/FreeRTOS_Library/Debug/libFreeRTOS_Library.a(port.o)
 .data          0x0000000010000024        0x4 /Users/wavelife/Documents/UOC/TFC/pfc/FreeRTOS_Library/Debug/libFreeRTOS_Library.a(tasks.o)
 .data          0x0000000010000028        0x4 /Users/wavelife/Documents/UOC/TFC/pfc/FreeRTOS_Library/Debug/libFreeRTOS_Library.a(heap_2.o)
                0x000000001000002c                . = ALIGN (0x4)
                0x000000001000002c                _edata = .

.igot.plt       0x000000001000002c        0x0 load address 0x000000000000498c
 .igot.plt      0x0000000000000000        0x0 ./cr_startup_lpc17.o

.bss_RAM2       0x000000002007c000        0x0
                0x000000002007c000                PROVIDE (__start_bss_RAM2, .)
 *(.bss.$RAM2*)
 *(.bss.$RamAHB32*)
                0x000000002007c000                . = ALIGN (0x4)
                0x000000002007c000                PROVIDE (__end_bss_RAM2, .)

.bss            0x0000000010000030     0x5044
                0x0000000010000030                _bss = .
 *(.bss*)
 .bss           0x0000000010000030       0x18 ./printf.o
                0x0000000010000030                xSemUART0
                0x0000000010000034                xSemUART1
                0x0000000010000038                xSemUART2
                0x000000001000003c                xSemUART3
                0x0000000010000040                transaction_sem
                0x0000000010000044                transaction_mode
 .bss           0x0000000010000048       0x10 ./uart.o
                0x0000000010000048                UART0Count
                0x000000001000004c                UART1Count
                0x0000000010000050                UART2Count
                0x0000000010000054                UART3Count
 .bss           0x0000000010000058      0x134 /Users/wavelife/Documents/UOC/TFC/pfc/FreeRTOS_Library/Debug/libFreeRTOS_Library.a(tasks.o)
                0x0000000010000058                pxCurrentTCB
 *fill*         0x000000001000018c        0x4 
 .bss           0x0000000010000190     0x4c18 /Users/wavelife/Documents/UOC/TFC/pfc/FreeRTOS_Library/Debug/libFreeRTOS_Library.a(heap_2.o)
 .bss.errno     0x0000000010004da8        0x4 /Applications/lpcxpresso_7.6.2_326/lpcxpresso/tools/bin/../lib/gcc/arm-none-eabi/4.9.3/../../../../arm-none-eabi/lib/armv7-m/libcr_c.a(errno.o)
                0x0000000010004da8                errno
 *(COMMON)
 COMMON         0x0000000010004dac        0xc ./main.o
                0x0000000010004dac                main_uart_count
                0x0000000010004db0                main_uart_buffer
                0x0000000010004db4                main_lpc_uart_ier
 COMMON         0x0000000010004db8       0x10 ./printf.o
                0x0000000010004db8                lpc_uart_ier
                0x0000000010004dbc                xSemUART
                0x0000000010004dc0                uart_buffer
                0x0000000010004dc4                uart_count
 COMMON         0x0000000010004dc8      0x110 ./uart.o
                0x0000000010004dc8                UART1Buffer
                0x0000000010004e08                UART2Status
                0x0000000010004e0c                UART3Status
                0x0000000010004e10                UART0Buffer
                0x0000000010004e50                UART1Status
                0x0000000010004e54                UART3Buffer
                0x0000000010004e94                UART2Buffer
                0x0000000010004ed4                UART0Status
 COMMON         0x0000000010004ed8       0x50 /Users/wavelife/Documents/UOC/TFC/pfc/FreeRTOS_Library/Debug/libFreeRTOS_Library.a(queue.o)
                0x0000000010004ed8                xQueueRegistry
 COMMON         0x0000000010004f28        0x4 /Applications/lpcxpresso_7.6.2_326/lpcxpresso/tools/bin/../lib/gcc/arm-none-eabi/4.9.3/../../../../arm-none-eabi/lib/armv7-m/libcr_c.a(initio.o)
                0x0000000010004f28                _extra
 COMMON         0x0000000010004f2c      0x140 /Applications/lpcxpresso_7.6.2_326/lpcxpresso/tools/bin/../lib/gcc/arm-none-eabi/4.9.3/../../../../arm-none-eabi/lib/armv7-m/libcr_c.a(stdio.o)
                0x0000000010004f2c                __Ciob
 COMMON         0x000000001000506c        0x8 /Applications/lpcxpresso_7.6.2_326/lpcxpresso/tools/bin/../lib/gcc/arm-none-eabi/4.9.3/../../../../arm-none-eabi/lib/armv7-m/libcr_c.a(__init_alloc.o)
                0x000000001000506c                __heaps
                0x0000000010005070                __end_of_heap
                0x0000000010005074                . = ALIGN (0x4)
                0x0000000010005074                _ebss = .
                0x0000000010005074                PROVIDE (end, .)

.noinit_RAM2    0x000000002007c000        0x0
 *(.noinit.$RAM2*)
 *(.noinit.$RamAHB32*)
                0x000000002007c000                . = ALIGN (0x4)

.noinit         0x0000000010005074        0x0
                0x0000000010005074                _noinit = .
 *(.noinit*)
                0x0000000010005074                . = ALIGN (0x4)
                0x0000000010005074                _end_noinit = .
                0x0000000010005074                PROVIDE (_pvHeapStart, DEFINED (__user_heap_base)?__user_heap_base:.)
                0x0000000010008000                PROVIDE (_vStackTop, DEFINED (__user_stack_top)?__user_stack_top:(__top_RamLoc32 - 0x0))
OUTPUT(Example01.axf elf32-littlearm)

.debug_info     0x0000000000000000     0x5cd6
 .debug_info    0x0000000000000000      0x1d6 ./cr_startup_lpc17.o
 .debug_info    0x00000000000001d6      0x302 ./log.o
 .debug_info    0x00000000000004d8      0xca7 ./main.o
 .debug_info    0x000000000000117f      0x95d ./printf.o
 .debug_info    0x0000000000001adc      0xefb ./uart.o
 .debug_info    0x00000000000029d7      0x318 /Users/wavelife/Documents/UOC/TFC/pfc/CMSISv2p00_LPC17xx/Debug/libCMSISv2p00_LPC17xx.a(system_LPC17xx.o)
 .debug_info    0x0000000000002cef      0x1e8 /Users/wavelife/Documents/UOC/TFC/pfc/FreeRTOS_Library/Debug/libFreeRTOS_Library.a(port.o)
 .debug_info    0x0000000000002ed7      0xf91 /Users/wavelife/Documents/UOC/TFC/pfc/FreeRTOS_Library/Debug/libFreeRTOS_Library.a(queue.o)
 .debug_info    0x0000000000003e68     0x1932 /Users/wavelife/Documents/UOC/TFC/pfc/FreeRTOS_Library/Debug/libFreeRTOS_Library.a(tasks.o)
 .debug_info    0x000000000000579a      0x2dd /Users/wavelife/Documents/UOC/TFC/pfc/FreeRTOS_Library/Debug/libFreeRTOS_Library.a(heap_2.o)
 .debug_info    0x0000000000005a77      0x25f /Users/wavelife/Documents/UOC/TFC/pfc/FreeRTOS_Library/Debug/libFreeRTOS_Library.a(list.o)

.debug_abbrev   0x0000000000000000     0x1384
 .debug_abbrev  0x0000000000000000       0xe2 ./cr_startup_lpc17.o
 .debug_abbrev  0x00000000000000e2      0x183 ./log.o
 .debug_abbrev  0x0000000000000265      0x2c0 ./main.o
 .debug_abbrev  0x0000000000000525      0x1e0 ./printf.o
 .debug_abbrev  0x0000000000000705      0x244 ./uart.o
 .debug_abbrev  0x0000000000000949       0xe6 /Users/wavelife/Documents/UOC/TFC/pfc/CMSISv2p00_LPC17xx/Debug/libCMSISv2p00_LPC17xx.a(system_LPC17xx.o)
 .debug_abbrev  0x0000000000000a2f      0x136 /Users/wavelife/Documents/UOC/TFC/pfc/FreeRTOS_Library/Debug/libFreeRTOS_Library.a(port.o)
 .debug_abbrev  0x0000000000000b65      0x287 /Users/wavelife/Documents/UOC/TFC/pfc/FreeRTOS_Library/Debug/libFreeRTOS_Library.a(queue.o)
 .debug_abbrev  0x0000000000000dec      0x31b /Users/wavelife/Documents/UOC/TFC/pfc/FreeRTOS_Library/Debug/libFreeRTOS_Library.a(tasks.o)
 .debug_abbrev  0x0000000000001107      0x1af /Users/wavelife/Documents/UOC/TFC/pfc/FreeRTOS_Library/Debug/libFreeRTOS_Library.a(heap_2.o)
 .debug_abbrev  0x00000000000012b6       0xce /Users/wavelife/Documents/UOC/TFC/pfc/FreeRTOS_Library/Debug/libFreeRTOS_Library.a(list.o)

.debug_loc      0x0000000000000000     0x21dc
 .debug_loc     0x0000000000000000       0x2b ./cr_startup_lpc17.o
 .debug_loc     0x000000000000002b       0x98 ./log.o
 .debug_loc     0x00000000000000c3      0x132 ./main.o
 .debug_loc     0x00000000000001f5      0x5b3 ./uart.o
 .debug_loc     0x00000000000007a8       0x5f /Users/wavelife/Documents/UOC/TFC/pfc/FreeRTOS_Library/Debug/libFreeRTOS_Library.a(port.o)
 .debug_loc     0x0000000000000807      0x90d /Users/wavelife/Documents/UOC/TFC/pfc/FreeRTOS_Library/Debug/libFreeRTOS_Library.a(queue.o)
 .debug_loc     0x0000000000001114      0xe57 /Users/wavelife/Documents/UOC/TFC/pfc/FreeRTOS_Library/Debug/libFreeRTOS_Library.a(tasks.o)
 .debug_loc     0x0000000000001f6b      0x22d /Users/wavelife/Documents/UOC/TFC/pfc/FreeRTOS_Library/Debug/libFreeRTOS_Library.a(heap_2.o)
 .debug_loc     0x0000000000002198       0x44 /Users/wavelife/Documents/UOC/TFC/pfc/FreeRTOS_Library/Debug/libFreeRTOS_Library.a(list.o)

.debug_aranges  0x0000000000000000      0x270
 .debug_aranges
                0x0000000000000000       0x70 ./cr_startup_lpc17.o
 .debug_aranges
                0x0000000000000070       0x28 ./log.o
 .debug_aranges
                0x0000000000000098       0x60 ./main.o
 .debug_aranges
                0x00000000000000f8       0x68 ./printf.o
 .debug_aranges
                0x0000000000000160       0x48 ./uart.o
 .debug_aranges
                0x00000000000001a8       0x28 /Users/wavelife/Documents/UOC/TFC/pfc/CMSISv2p00_LPC17xx/Debug/libCMSISv2p00_LPC17xx.a(system_LPC17xx.o)
 .debug_aranges
                0x00000000000001d0       0x20 /Users/wavelife/Documents/UOC/TFC/pfc/FreeRTOS_Library/Debug/libFreeRTOS_Library.a(port.o)
 .debug_aranges
                0x00000000000001f0       0x20 /Users/wavelife/Documents/UOC/TFC/pfc/FreeRTOS_Library/Debug/libFreeRTOS_Library.a(queue.o)
 .debug_aranges
                0x0000000000000210       0x20 /Users/wavelife/Documents/UOC/TFC/pfc/FreeRTOS_Library/Debug/libFreeRTOS_Library.a(tasks.o)
 .debug_aranges
                0x0000000000000230       0x20 /Users/wavelife/Documents/UOC/TFC/pfc/FreeRTOS_Library/Debug/libFreeRTOS_Library.a(heap_2.o)
 .debug_aranges
                0x0000000000000250       0x20 /Users/wavelife/Documents/UOC/TFC/pfc/FreeRTOS_Library/Debug/libFreeRTOS_Library.a(list.o)

.debug_ranges   0x0000000000000000      0x210
 .debug_ranges  0x0000000000000000       0x60 ./cr_startup_lpc17.o
 .debug_ranges  0x0000000000000060       0x18 ./log.o
 .debug_ranges  0x0000000000000078       0x98 ./main.o
 .debug_ranges  0x0000000000000110       0x58 ./printf.o
 .debug_ranges  0x0000000000000168       0x38 ./uart.o
 .debug_ranges  0x00000000000001a0       0x18 /Users/wavelife/Documents/UOC/TFC/pfc/CMSISv2p00_LPC17xx/Debug/libCMSISv2p00_LPC17xx.a(system_LPC17xx.o)
 .debug_ranges  0x00000000000001b8       0x10 /Users/wavelife/Documents/UOC/TFC/pfc/FreeRTOS_Library/Debug/libFreeRTOS_Library.a(port.o)
 .debug_ranges  0x00000000000001c8       0x48 /Users/wavelife/Documents/UOC/TFC/pfc/FreeRTOS_Library/Debug/libFreeRTOS_Library.a(tasks.o)

.debug_macro    0x0000000000000000     0x4672
 .debug_macro   0x0000000000000000       0x52 ./cr_startup_lpc17.o
 .debug_macro   0x0000000000000052      0x86e ./cr_startup_lpc17.o
 .debug_macro   0x00000000000008c0       0x10 ./cr_startup_lpc17.o
 .debug_macro   0x00000000000008d0      0x12d ./cr_startup_lpc17.o
 .debug_macro   0x00000000000009fd      0x5b2 ./cr_startup_lpc17.o
 .debug_macro   0x0000000000000faf       0xd7 ./log.o
 .debug_macro   0x0000000000001086       0x1c ./log.o
 .debug_macro   0x00000000000010a2       0x16 ./log.o
 .debug_macro   0x00000000000010b8       0x46 ./log.o
 .debug_macro   0x00000000000010fe      0x136 ./log.o
 .debug_macro   0x0000000000001234       0xa3 ./log.o
 .debug_macro   0x00000000000012d7       0x12 ./log.o
 .debug_macro   0x00000000000012e9       0x1e ./log.o
 .debug_macro   0x0000000000001307      0x1b6 ./log.o
 .debug_macro   0x00000000000014bd       0x48 ./log.o
 .debug_macro   0x0000000000001505       0x56 ./log.o
 .debug_macro   0x000000000000155b       0x16 ./log.o
 .debug_macro   0x0000000000001571      0x11e ./main.o
 .debug_macro   0x000000000000168f       0x22 ./main.o
 .debug_macro   0x00000000000016b1       0x2e ./main.o
 .debug_macro   0x00000000000016df       0x18 ./main.o
 .debug_macro   0x00000000000016f7      0x7af ./main.o
 .debug_macro   0x0000000000001ea6      0x2c7 ./main.o
 .debug_macro   0x000000000000216d       0x70 ./main.o
 .debug_macro   0x00000000000021dd      0x142 ./printf.o
 .debug_macro   0x000000000000231f      0x86e ./printf.o
 .debug_macro   0x0000000000002b8d       0xa0 ./printf.o
 .debug_macro   0x0000000000002c2d       0x10 ./printf.o
 .debug_macro   0x0000000000002c3d      0x136 ./printf.o
 .debug_macro   0x0000000000002d73       0x8f ./printf.o
 .debug_macro   0x0000000000002e02       0x69 ./printf.o
 .debug_macro   0x0000000000002e6b       0x87 ./uart.o
 .debug_macro   0x0000000000002ef2       0x1c ./uart.o
 .debug_macro   0x0000000000002f0e      0x12b /Users/wavelife/Documents/UOC/TFC/pfc/CMSISv2p00_LPC17xx/Debug/libCMSISv2p00_LPC17xx.a(system_LPC17xx.o)
 .debug_macro   0x0000000000003039      0x874 /Users/wavelife/Documents/UOC/TFC/pfc/CMSISv2p00_LPC17xx/Debug/libCMSISv2p00_LPC17xx.a(system_LPC17xx.o)
 .debug_macro   0x00000000000038ad       0xda /Users/wavelife/Documents/UOC/TFC/pfc/FreeRTOS_Library/Debug/libFreeRTOS_Library.a(port.o)
 .debug_macro   0x0000000000003987      0x862 /Users/wavelife/Documents/UOC/TFC/pfc/FreeRTOS_Library/Debug/libFreeRTOS_Library.a(port.o)
 .debug_macro   0x00000000000041e9      0x133 /Users/wavelife/Documents/UOC/TFC/pfc/FreeRTOS_Library/Debug/libFreeRTOS_Library.a(queue.o)
 .debug_macro   0x000000000000431c       0x28 /Users/wavelife/Documents/UOC/TFC/pfc/FreeRTOS_Library/Debug/libFreeRTOS_Library.a(queue.o)
 .debug_macro   0x0000000000004344      0x133 /Users/wavelife/Documents/UOC/TFC/pfc/FreeRTOS_Library/Debug/libFreeRTOS_Library.a(tasks.o)
 .debug_macro   0x0000000000004477       0x22 /Users/wavelife/Documents/UOC/TFC/pfc/FreeRTOS_Library/Debug/libFreeRTOS_Library.a(tasks.o)
 .debug_macro   0x0000000000004499       0x5b /Users/wavelife/Documents/UOC/TFC/pfc/FreeRTOS_Library/Debug/libFreeRTOS_Library.a(tasks.o)
 .debug_macro   0x00000000000044f4       0x16 /Users/wavelife/Documents/UOC/TFC/pfc/FreeRTOS_Library/Debug/libFreeRTOS_Library.a(tasks.o)
 .debug_macro   0x000000000000450a       0xcb /Users/wavelife/Documents/UOC/TFC/pfc/FreeRTOS_Library/Debug/libFreeRTOS_Library.a(heap_2.o)
 .debug_macro   0x00000000000045d5       0x9d /Users/wavelife/Documents/UOC/TFC/pfc/FreeRTOS_Library/Debug/libFreeRTOS_Library.a(list.o)

.debug_line     0x0000000000000000     0x21a1
 .debug_line    0x0000000000000000      0x248 ./cr_startup_lpc17.o
 .debug_line    0x0000000000000248      0x283 ./log.o
 .debug_line    0x00000000000004cb      0x406 ./main.o
 .debug_line    0x00000000000008d1      0x46d ./printf.o
 .debug_line    0x0000000000000d3e      0x335 ./uart.o
 .debug_line    0x0000000000001073      0x1d3 /Users/wavelife/Documents/UOC/TFC/pfc/CMSISv2p00_LPC17xx/Debug/libCMSISv2p00_LPC17xx.a(system_LPC17xx.o)
 .debug_line    0x0000000000001246      0x233 /Users/wavelife/Documents/UOC/TFC/pfc/FreeRTOS_Library/Debug/libFreeRTOS_Library.a(port.o)
 .debug_line    0x0000000000001479      0x36c /Users/wavelife/Documents/UOC/TFC/pfc/FreeRTOS_Library/Debug/libFreeRTOS_Library.a(queue.o)
 .debug_line    0x00000000000017e5      0x531 /Users/wavelife/Documents/UOC/TFC/pfc/FreeRTOS_Library/Debug/libFreeRTOS_Library.a(tasks.o)
 .debug_line    0x0000000000001d16      0x263 /Users/wavelife/Documents/UOC/TFC/pfc/FreeRTOS_Library/Debug/libFreeRTOS_Library.a(heap_2.o)
 .debug_line    0x0000000000001f79      0x228 /Users/wavelife/Documents/UOC/TFC/pfc/FreeRTOS_Library/Debug/libFreeRTOS_Library.a(list.o)

.debug_str      0x0000000000000000     0xdd76
 .debug_str     0x0000000000000000     0x3c9e ./cr_startup_lpc17.o
                                       0x3d29 (size before relaxing)
 .debug_str     0x0000000000003c9e     0x1e47 ./log.o
                                       0x5a18 (size before relaxing)
 .debug_str     0x0000000000005ae5     0x44f2 ./main.o
                                       0x9e70 (size before relaxing)
 .debug_str     0x0000000000009fd7     0x1252 ./printf.o
                                       0xae66 (size before relaxing)
 .debug_str     0x000000000000b229      0x556 ./uart.o
                                       0x8469 (size before relaxing)
 .debug_str     0x000000000000b77f      0x3ed /Users/wavelife/Documents/UOC/TFC/pfc/CMSISv2p00_LPC17xx/Debug/libCMSISv2p00_LPC17xx.a(system_LPC17xx.o)
                                       0x8107 (size before relaxing)
 .debug_str     0x000000000000bb6c      0x438 /Users/wavelife/Documents/UOC/TFC/pfc/FreeRTOS_Library/Debug/libFreeRTOS_Library.a(port.o)
                                       0x49da (size before relaxing)
 .debug_str     0x000000000000bfa4      0x8af /Users/wavelife/Documents/UOC/TFC/pfc/FreeRTOS_Library/Debug/libFreeRTOS_Library.a(queue.o)
                                       0x509a (size before relaxing)
 .debug_str     0x000000000000c853     0x10a1 /Users/wavelife/Documents/UOC/TFC/pfc/FreeRTOS_Library/Debug/libFreeRTOS_Library.a(tasks.o)
                                       0x5d6a (size before relaxing)
 .debug_str     0x000000000000d8f4      0x442 /Users/wavelife/Documents/UOC/TFC/pfc/FreeRTOS_Library/Debug/libFreeRTOS_Library.a(heap_2.o)
                                       0x4b79 (size before relaxing)
 .debug_str     0x000000000000dd36       0x40 /Users/wavelife/Documents/UOC/TFC/pfc/FreeRTOS_Library/Debug/libFreeRTOS_Library.a(list.o)
                                       0x449b (size before relaxing)

.comment        0x0000000000000000       0x70
 .comment       0x0000000000000000       0x70 ./cr_startup_lpc17.o
                                         0x71 (size before relaxing)
 .comment       0x0000000000000000       0x71 ./log.o
 .comment       0x0000000000000000       0x71 ./main.o
 .comment       0x0000000000000000       0x71 ./printf.o
 .comment       0x0000000000000000       0x71 ./uart.o
 .comment       0x0000000000000000       0x71 /Users/wavelife/Documents/UOC/TFC/pfc/CMSISv2p00_LPC17xx/Debug/libCMSISv2p00_LPC17xx.a(system_LPC17xx.o)
 .comment       0x0000000000000000       0x71 /Users/wavelife/Documents/UOC/TFC/pfc/FreeRTOS_Library/Debug/libFreeRTOS_Library.a(port.o)
 .comment       0x0000000000000000       0x71 /Users/wavelife/Documents/UOC/TFC/pfc/FreeRTOS_Library/Debug/libFreeRTOS_Library.a(queue.o)
 .comment       0x0000000000000000       0x71 /Users/wavelife/Documents/UOC/TFC/pfc/FreeRTOS_Library/Debug/libFreeRTOS_Library.a(tasks.o)
 .comment       0x0000000000000000       0x71 /Users/wavelife/Documents/UOC/TFC/pfc/FreeRTOS_Library/Debug/libFreeRTOS_Library.a(heap_2.o)
 .comment       0x0000000000000000       0x71 /Users/wavelife/Documents/UOC/TFC/pfc/FreeRTOS_Library/Debug/libFreeRTOS_Library.a(list.o)
 .comment       0x0000000000000000       0x71 /Applications/lpcxpresso_7.6.2_326/lpcxpresso/tools/bin/../lib/gcc/arm-none-eabi/4.9.3/../../../../arm-none-eabi/lib/armv7-m/libcr_semihost.a(_cr__main.o)
 .comment       0x0000000000000000       0x71 /Applications/lpcxpresso_7.6.2_326/lpcxpresso/tools/bin/../lib/gcc/arm-none-eabi/4.9.3/../../../../arm-none-eabi/lib/armv7-m/libcr_c.a(memcpy.o)
 .comment       0x0000000000000000       0x71 /Applications/lpcxpresso_7.6.2_326/lpcxpresso/tools/bin/../lib/gcc/arm-none-eabi/4.9.3/../../../../arm-none-eabi/lib/armv7-m/libcr_c.a(memset.o)
 .comment       0x0000000000000000       0x71 /Applications/lpcxpresso_7.6.2_326/lpcxpresso/tools/bin/../lib/gcc/arm-none-eabi/4.9.3/../../../../arm-none-eabi/lib/armv7-m/libcr_c.a(fpprintf.o)
 .comment       0x0000000000000000       0x71 /Applications/lpcxpresso_7.6.2_326/lpcxpresso/tools/bin/../lib/gcc/arm-none-eabi/4.9.3/../../../../arm-none-eabi/lib/armv7-m/libcr_c.a(initio.o)
 .comment       0x0000000000000000       0x71 /Applications/lpcxpresso_7.6.2_326/lpcxpresso/tools/bin/../lib/gcc/arm-none-eabi/4.9.3/../../../../arm-none-eabi/lib/armv7-m/libcr_c.a(printf.o)
 .comment       0x0000000000000000       0x71 /Applications/lpcxpresso_7.6.2_326/lpcxpresso/tools/bin/../lib/gcc/arm-none-eabi/4.9.3/../../../../arm-none-eabi/lib/armv7-m/libcr_c.a(setvbuf.o)
 .comment       0x0000000000000000       0x71 /Applications/lpcxpresso_7.6.2_326/lpcxpresso/tools/bin/../lib/gcc/arm-none-eabi/4.9.3/../../../../arm-none-eabi/lib/armv7-m/libcr_c.a(stdio.o)
 .comment       0x0000000000000000       0x71 /Applications/lpcxpresso_7.6.2_326/lpcxpresso/tools/bin/../lib/gcc/arm-none-eabi/4.9.3/../../../../arm-none-eabi/lib/armv7-m/libcr_c.a(strcat.o)
 .comment       0x0000000000000000       0x71 /Applications/lpcxpresso_7.6.2_326/lpcxpresso/tools/bin/../lib/gcc/arm-none-eabi/4.9.3/../../../../arm-none-eabi/lib/armv7-m/libcr_c.a(strlen.o)
 .comment       0x0000000000000000       0x71 /Applications/lpcxpresso_7.6.2_326/lpcxpresso/tools/bin/../lib/gcc/arm-none-eabi/4.9.3/../../../../arm-none-eabi/lib/armv7-m/libcr_c.a(strncpy.o)
 .comment       0x0000000000000000       0x71 /Applications/lpcxpresso_7.6.2_326/lpcxpresso/tools/bin/../lib/gcc/arm-none-eabi/4.9.3/../../../../arm-none-eabi/lib/armv7-m/libcr_c.a(_deferredlazyseek.o)
 .comment       0x0000000000000000       0x71 /Applications/lpcxpresso_7.6.2_326/lpcxpresso/tools/bin/../lib/gcc/arm-none-eabi/4.9.3/../../../../arm-none-eabi/lib/armv7-m/libcr_c.a(_fdopen.o)
 .comment       0x0000000000000000       0x71 /Applications/lpcxpresso_7.6.2_326/lpcxpresso/tools/bin/../lib/gcc/arm-none-eabi/4.9.3/../../../../arm-none-eabi/lib/armv7-m/libcr_c.a(_fflush.o)
 .comment       0x0000000000000000       0x71 /Applications/lpcxpresso_7.6.2_326/lpcxpresso/tools/bin/../lib/gcc/arm-none-eabi/4.9.3/../../../../arm-none-eabi/lib/armv7-m/libcr_c.a(_frexpl.o)
 .comment       0x0000000000000000       0x71 /Applications/lpcxpresso_7.6.2_326/lpcxpresso/tools/bin/../lib/gcc/arm-none-eabi/4.9.3/../../../../arm-none-eabi/lib/armv7-m/libcr_c.a(_ldexpl.o)
 .comment       0x0000000000000000       0x71 /Applications/lpcxpresso_7.6.2_326/lpcxpresso/tools/bin/../lib/gcc/arm-none-eabi/4.9.3/../../../../arm-none-eabi/lib/armv7-m/libcr_c.a(_writebuf.o)
 .comment       0x0000000000000000       0x71 /Applications/lpcxpresso_7.6.2_326/lpcxpresso/tools/bin/../lib/gcc/arm-none-eabi/4.9.3/../../../../arm-none-eabi/lib/armv7-m/libcr_c.a(alloc.o)
 .comment       0x0000000000000000       0x71 /Applications/lpcxpresso_7.6.2_326/lpcxpresso/tools/bin/../lib/gcc/arm-none-eabi/4.9.3/../../../../arm-none-eabi/lib/armv7-m/libcr_c.a(errno.o)
 .comment       0x0000000000000000       0x71 /Applications/lpcxpresso_7.6.2_326/lpcxpresso/tools/bin/../lib/gcc/arm-none-eabi/4.9.3/../../../../arm-none-eabi/lib/armv7-m/libcr_c.a(fclose.o)
 .comment       0x0000000000000000       0x71 /Applications/lpcxpresso_7.6.2_326/lpcxpresso/tools/bin/../lib/gcc/arm-none-eabi/4.9.3/../../../../arm-none-eabi/lib/armv7-m/libcr_c.a(fflush.o)
 .comment       0x0000000000000000       0x71 /Applications/lpcxpresso_7.6.2_326/lpcxpresso/tools/bin/../lib/gcc/arm-none-eabi/4.9.3/../../../../arm-none-eabi/lib/armv7-m/libcr_c.a(fseek.o)
 .comment       0x0000000000000000       0x71 /Applications/lpcxpresso_7.6.2_326/lpcxpresso/tools/bin/../lib/gcc/arm-none-eabi/4.9.3/../../../../arm-none-eabi/lib/armv7-m/libcr_c.a(ftell.o)
 .comment       0x0000000000000000       0x71 /Applications/lpcxpresso_7.6.2_326/lpcxpresso/tools/bin/../lib/gcc/arm-none-eabi/4.9.3/../../../../arm-none-eabi/lib/armv7-m/libcr_c.a(remove.o)
 .comment       0x0000000000000000       0x71 /Applications/lpcxpresso_7.6.2_326/lpcxpresso/tools/bin/../lib/gcc/arm-none-eabi/4.9.3/../../../../arm-none-eabi/lib/armv7-m/libcr_c.a(__init_alloc.o)
 .comment       0x0000000000000000       0x71 /Applications/lpcxpresso_7.6.2_326/lpcxpresso/tools/bin/../lib/gcc/arm-none-eabi/4.9.3/../../../../arm-none-eabi/lib/armv7-m/libcr_c.a(_cr_sbrk.o)
 .comment       0x0000000000000000       0x71 /Applications/lpcxpresso_7.6.2_326/lpcxpresso/tools/bin/../lib/gcc/arm-none-eabi/4.9.3/../../../../arm-none-eabi/lib/armv7-m/libcr_c.a(_do_fflush.o)
 .comment       0x0000000000000000       0x71 /Applications/lpcxpresso_7.6.2_326/lpcxpresso/tools/bin/../lib/gcc/arm-none-eabi/4.9.3/../../../../arm-none-eabi/lib/armv7-m/libcr_c.a(_hugeval.o)
 .comment       0x0000000000000000       0x71 /Applications/lpcxpresso_7.6.2_326/lpcxpresso/tools/bin/../lib/gcc/arm-none-eabi/4.9.3/../../../../arm-none-eabi/lib/armv7-m/libcr_c.a(_cr_check_heap.o)
 .comment       0x0000000000000000       0x71 /Applications/lpcxpresso_7.6.2_326/lpcxpresso/tools/bin/../lib/gcc/arm-none-eabi/4.9.3/armv7-m/libcr_eabihelpers.a(double.o)

.ARM.attributes
                0x0000000000000000       0x31
 .ARM.attributes
                0x0000000000000000       0x33 ./cr_startup_lpc17.o
 .ARM.attributes
                0x0000000000000033       0x33 ./log.o
 .ARM.attributes
                0x0000000000000066       0x33 ./main.o
 .ARM.attributes
                0x0000000000000099       0x33 ./printf.o
 .ARM.attributes
                0x00000000000000cc       0x33 ./uart.o
 .ARM.attributes
                0x00000000000000ff       0x33 /Users/wavelife/Documents/UOC/TFC/pfc/CMSISv2p00_LPC17xx/Debug/libCMSISv2p00_LPC17xx.a(system_LPC17xx.o)
 .ARM.attributes
                0x0000000000000132       0x33 /Users/wavelife/Documents/UOC/TFC/pfc/FreeRTOS_Library/Debug/libFreeRTOS_Library.a(port.o)
 .ARM.attributes
                0x0000000000000165       0x33 /Users/wavelife/Documents/UOC/TFC/pfc/FreeRTOS_Library/Debug/libFreeRTOS_Library.a(queue.o)
 .ARM.attributes
                0x0000000000000198       0x33 /Users/wavelife/Documents/UOC/TFC/pfc/FreeRTOS_Library/Debug/libFreeRTOS_Library.a(tasks.o)
 .ARM.attributes
                0x00000000000001cb       0x33 /Users/wavelife/Documents/UOC/TFC/pfc/FreeRTOS_Library/Debug/libFreeRTOS_Library.a(heap_2.o)
 .ARM.attributes
                0x00000000000001fe       0x33 /Users/wavelife/Documents/UOC/TFC/pfc/FreeRTOS_Library/Debug/libFreeRTOS_Library.a(list.o)
 .ARM.attributes
                0x0000000000000231       0x33 /Applications/lpcxpresso_7.6.2_326/lpcxpresso/tools/bin/../lib/gcc/arm-none-eabi/4.9.3/../../../../arm-none-eabi/lib/armv7-m/libcr_semihost.a(_cr__main.o)
 .ARM.attributes
                0x0000000000000264       0x33 /Applications/lpcxpresso_7.6.2_326/lpcxpresso/tools/bin/../lib/gcc/arm-none-eabi/4.9.3/../../../../arm-none-eabi/lib/armv7-m/libcr_c.a(memcpy.o)
 .ARM.attributes
                0x0000000000000297       0x33 /Applications/lpcxpresso_7.6.2_326/lpcxpresso/tools/bin/../lib/gcc/arm-none-eabi/4.9.3/../../../../arm-none-eabi/lib/armv7-m/libcr_c.a(memset.o)
 .ARM.attributes
                0x00000000000002ca       0x33 /Applications/lpcxpresso_7.6.2_326/lpcxpresso/tools/bin/../lib/gcc/arm-none-eabi/4.9.3/../../../../arm-none-eabi/lib/armv7-m/libcr_c.a(fpprintf.o)
 .ARM.attributes
                0x00000000000002fd       0x33 /Applications/lpcxpresso_7.6.2_326/lpcxpresso/tools/bin/../lib/gcc/arm-none-eabi/4.9.3/../../../../arm-none-eabi/lib/armv7-m/libcr_c.a(initio.o)
 .ARM.attributes
                0x0000000000000330       0x33 /Applications/lpcxpresso_7.6.2_326/lpcxpresso/tools/bin/../lib/gcc/arm-none-eabi/4.9.3/../../../../arm-none-eabi/lib/armv7-m/libcr_c.a(printf.o)
 .ARM.attributes
                0x0000000000000363       0x33 /Applications/lpcxpresso_7.6.2_326/lpcxpresso/tools/bin/../lib/gcc/arm-none-eabi/4.9.3/../../../../arm-none-eabi/lib/armv7-m/libcr_c.a(setvbuf.o)
 .ARM.attributes
                0x0000000000000396       0x33 /Applications/lpcxpresso_7.6.2_326/lpcxpresso/tools/bin/../lib/gcc/arm-none-eabi/4.9.3/../../../../arm-none-eabi/lib/armv7-m/libcr_c.a(stdio.o)
 .ARM.attributes
                0x00000000000003c9       0x33 /Applications/lpcxpresso_7.6.2_326/lpcxpresso/tools/bin/../lib/gcc/arm-none-eabi/4.9.3/../../../../arm-none-eabi/lib/armv7-m/libcr_c.a(strcat.o)
 .ARM.attributes
                0x00000000000003fc       0x33 /Applications/lpcxpresso_7.6.2_326/lpcxpresso/tools/bin/../lib/gcc/arm-none-eabi/4.9.3/../../../../arm-none-eabi/lib/armv7-m/libcr_c.a(strlen.o)
 .ARM.attributes
                0x000000000000042f       0x33 /Applications/lpcxpresso_7.6.2_326/lpcxpresso/tools/bin/../lib/gcc/arm-none-eabi/4.9.3/../../../../arm-none-eabi/lib/armv7-m/libcr_c.a(strncpy.o)
 .ARM.attributes
                0x0000000000000462       0x33 /Applications/lpcxpresso_7.6.2_326/lpcxpresso/tools/bin/../lib/gcc/arm-none-eabi/4.9.3/../../../../arm-none-eabi/lib/armv7-m/libcr_c.a(_deferredlazyseek.o)
 .ARM.attributes
                0x0000000000000495       0x33 /Applications/lpcxpresso_7.6.2_326/lpcxpresso/tools/bin/../lib/gcc/arm-none-eabi/4.9.3/../../../../arm-none-eabi/lib/armv7-m/libcr_c.a(_fdopen.o)
 .ARM.attributes
                0x00000000000004c8       0x33 /Applications/lpcxpresso_7.6.2_326/lpcxpresso/tools/bin/../lib/gcc/arm-none-eabi/4.9.3/../../../../arm-none-eabi/lib/armv7-m/libcr_c.a(_fflush.o)
 .ARM.attributes
                0x00000000000004fb       0x33 /Applications/lpcxpresso_7.6.2_326/lpcxpresso/tools/bin/../lib/gcc/arm-none-eabi/4.9.3/../../../../arm-none-eabi/lib/armv7-m/libcr_c.a(_frexpl.o)
 .ARM.attributes
                0x000000000000052e       0x33 /Applications/lpcxpresso_7.6.2_326/lpcxpresso/tools/bin/../lib/gcc/arm-none-eabi/4.9.3/../../../../arm-none-eabi/lib/armv7-m/libcr_c.a(_ldexpl.o)
 .ARM.attributes
                0x0000000000000561       0x33 /Applications/lpcxpresso_7.6.2_326/lpcxpresso/tools/bin/../lib/gcc/arm-none-eabi/4.9.3/../../../../arm-none-eabi/lib/armv7-m/libcr_c.a(_writebuf.o)
 .ARM.attributes
                0x0000000000000594       0x33 /Applications/lpcxpresso_7.6.2_326/lpcxpresso/tools/bin/../lib/gcc/arm-none-eabi/4.9.3/../../../../arm-none-eabi/lib/armv7-m/libcr_c.a(alloc.o)
 .ARM.attributes
                0x00000000000005c7       0x33 /Applications/lpcxpresso_7.6.2_326/lpcxpresso/tools/bin/../lib/gcc/arm-none-eabi/4.9.3/../../../../arm-none-eabi/lib/armv7-m/libcr_c.a(errno.o)
 .ARM.attributes
                0x00000000000005fa       0x33 /Applications/lpcxpresso_7.6.2_326/lpcxpresso/tools/bin/../lib/gcc/arm-none-eabi/4.9.3/../../../../arm-none-eabi/lib/armv7-m/libcr_c.a(fclose.o)
 .ARM.attributes
                0x000000000000062d       0x33 /Applications/lpcxpresso_7.6.2_326/lpcxpresso/tools/bin/../lib/gcc/arm-none-eabi/4.9.3/../../../../arm-none-eabi/lib/armv7-m/libcr_c.a(fflush.o)
 .ARM.attributes
                0x0000000000000660       0x33 /Applications/lpcxpresso_7.6.2_326/lpcxpresso/tools/bin/../lib/gcc/arm-none-eabi/4.9.3/../../../../arm-none-eabi/lib/armv7-m/libcr_c.a(fseek.o)
 .ARM.attributes
                0x0000000000000693       0x33 /Applications/lpcxpresso_7.6.2_326/lpcxpresso/tools/bin/../lib/gcc/arm-none-eabi/4.9.3/../../../../arm-none-eabi/lib/armv7-m/libcr_c.a(ftell.o)
 .ARM.attributes
                0x00000000000006c6       0x33 /Applications/lpcxpresso_7.6.2_326/lpcxpresso/tools/bin/../lib/gcc/arm-none-eabi/4.9.3/../../../../arm-none-eabi/lib/armv7-m/libcr_c.a(remove.o)
 .ARM.attributes
                0x00000000000006f9       0x33 /Applications/lpcxpresso_7.6.2_326/lpcxpresso/tools/bin/../lib/gcc/arm-none-eabi/4.9.3/../../../../arm-none-eabi/lib/armv7-m/libcr_c.a(__init_alloc.o)
 .ARM.attributes
                0x000000000000072c       0x33 /Applications/lpcxpresso_7.6.2_326/lpcxpresso/tools/bin/../lib/gcc/arm-none-eabi/4.9.3/../../../../arm-none-eabi/lib/armv7-m/libcr_c.a(_cr_sbrk.o)
 .ARM.attributes
                0x000000000000075f       0x33 /Applications/lpcxpresso_7.6.2_326/lpcxpresso/tools/bin/../lib/gcc/arm-none-eabi/4.9.3/../../../../arm-none-eabi/lib/armv7-m/libcr_c.a(_do_fflush.o)
 .ARM.attributes
                0x0000000000000792       0x33 /Applications/lpcxpresso_7.6.2_326/lpcxpresso/tools/bin/../lib/gcc/arm-none-eabi/4.9.3/../../../../arm-none-eabi/lib/armv7-m/libcr_c.a(_hugeval.o)
 .ARM.attributes
                0x00000000000007c5       0x33 /Applications/lpcxpresso_7.6.2_326/lpcxpresso/tools/bin/../lib/gcc/arm-none-eabi/4.9.3/../../../../arm-none-eabi/lib/armv7-m/libcr_c.a(_cr_check_heap.o)
 .ARM.attributes
                0x00000000000007f8       0x33 /Applications/lpcxpresso_7.6.2_326/lpcxpresso/tools/bin/../lib/gcc/arm-none-eabi/4.9.3/armv7-m/libcr_eabihelpers.a(double.o)
 .ARM.attributes
                0x000000000000082b       0x21 /Applications/lpcxpresso_7.6.2_326/lpcxpresso/tools/bin/../lib/gcc/arm-none-eabi/4.9.3/armv7-m/libcr_eabihelpers.a(memcpy.o)
 .ARM.attributes
                0x000000000000084c       0x21 /Applications/lpcxpresso_7.6.2_326/lpcxpresso/tools/bin/../lib/gcc/arm-none-eabi/4.9.3/../../../../arm-none-eabi/lib/armv7-m/libcr_semihost.a(__sys_appexit.o)
 .ARM.attributes
                0x000000000000086d       0x21 /Applications/lpcxpresso_7.6.2_326/lpcxpresso/tools/bin/../lib/gcc/arm-none-eabi/4.9.3/../../../../arm-none-eabi/lib/armv7-m/libcr_semihost.a(__sys_close.o)
 .ARM.attributes
                0x000000000000088e       0x21 /Applications/lpcxpresso_7.6.2_326/lpcxpresso/tools/bin/../lib/gcc/arm-none-eabi/4.9.3/../../../../arm-none-eabi/lib/armv7-m/libcr_semihost.a(__sys_flen.o)
 .ARM.attributes
                0x00000000000008af       0x21 /Applications/lpcxpresso_7.6.2_326/lpcxpresso/tools/bin/../lib/gcc/arm-none-eabi/4.9.3/../../../../arm-none-eabi/lib/armv7-m/libcr_semihost.a(__sys_istty.o)
 .ARM.attributes
                0x00000000000008d0       0x21 /Applications/lpcxpresso_7.6.2_326/lpcxpresso/tools/bin/../lib/gcc/arm-none-eabi/4.9.3/../../../../arm-none-eabi/lib/armv7-m/libcr_semihost.a(__sys_remove.o)
 .ARM.attributes
                0x00000000000008f1       0x21 /Applications/lpcxpresso_7.6.2_326/lpcxpresso/tools/bin/../lib/gcc/arm-none-eabi/4.9.3/../../../../arm-none-eabi/lib/armv7-m/libcr_semihost.a(__sys_seek.o)
 .ARM.attributes
                0x0000000000000912       0x21 /Applications/lpcxpresso_7.6.2_326/lpcxpresso/tools/bin/../lib/gcc/arm-none-eabi/4.9.3/../../../../arm-none-eabi/lib/armv7-m/libcr_semihost.a(__sys_tmpnam.o)
 .ARM.attributes
                0x0000000000000933       0x21 /Applications/lpcxpresso_7.6.2_326/lpcxpresso/tools/bin/../lib/gcc/arm-none-eabi/4.9.3/../../../../arm-none-eabi/lib/armv7-m/libcr_semihost.a(__sys_write.o)

.debug_frame    0x0000000000000000      0xb7c
 .debug_frame   0x0000000000000000       0xc8 ./cr_startup_lpc17.o
 .debug_frame   0x00000000000000c8       0x68 ./log.o
 .debug_frame   0x0000000000000130       0xf0 ./main.o
 .debug_frame   0x0000000000000220      0x184 ./printf.o
 .debug_frame   0x00000000000003a4       0x7c ./uart.o
 .debug_frame   0x0000000000000420       0x3c /Users/wavelife/Documents/UOC/TFC/pfc/CMSISv2p00_LPC17xx/Debug/libCMSISv2p00_LPC17xx.a(system_LPC17xx.o)
 .debug_frame   0x000000000000045c       0xc0 /Users/wavelife/Documents/UOC/TFC/pfc/FreeRTOS_Library/Debug/libFreeRTOS_Library.a(port.o)
 .debug_frame   0x000000000000051c      0x210 /Users/wavelife/Documents/UOC/TFC/pfc/FreeRTOS_Library/Debug/libFreeRTOS_Library.a(queue.o)
 .debug_frame   0x000000000000072c      0x374 /Users/wavelife/Documents/UOC/TFC/pfc/FreeRTOS_Library/Debug/libFreeRTOS_Library.a(tasks.o)
 .debug_frame   0x0000000000000aa0       0x70 /Users/wavelife/Documents/UOC/TFC/pfc/FreeRTOS_Library/Debug/libFreeRTOS_Library.a(heap_2.o)
 .debug_frame   0x0000000000000b10       0x6c /Users/wavelife/Documents/UOC/TFC/pfc/FreeRTOS_Library/Debug/libFreeRTOS_Library.a(list.o)
