09:07:47 **** Build of configuration Debug for project FreeRTOS_Library ****
make -r all 
Building file: ../portable/heap_2.c
Invoking: MCU C Compiler
arm-none-eabi-gcc -D__REDLIB__ -I"/Users/wavelife/Documents/UOC/TFC/pfc/FreeRTOS_Library/include" -I"/Users/wavelife/Documents/UOC/TFC/pfc/FreeRTOS_Library/portable" -I"/Users/wavelife/Documents/UOC/TFC/pfc/CMSISv2p00_LPC17xx/inc" -I"/Users/wavelife/Documents/UOC/TFC/pfc/FreeRTOS_Library/demo_code" -O1 -g3 -Wall -c -fmessage-length=0 -mcpu=cortex-m3 -mthumb -D__REDLIB__ -specs=redlib.specs -MMD -MP -MF"portable/heap_2.d" -MT"portable/heap_2.o" -MT"portable/heap_2.d" -o "portable/heap_2.o" "../portable/heap_2.c"
Finished building: ../portable/heap_2.c
 
Building file: ../portable/port.c
Invoking: MCU C Compiler
arm-none-eabi-gcc -D__REDLIB__ -I"/Users/wavelife/Documents/UOC/TFC/pfc/FreeRTOS_Library/include" -I"/Users/wavelife/Documents/UOC/TFC/pfc/FreeRTOS_Library/portable" -I"/Users/wavelife/Documents/UOC/TFC/pfc/CMSISv2p00_LPC17xx/inc" -I"/Users/wavelife/Documents/UOC/TFC/pfc/FreeRTOS_Library/demo_code" -O1 -g3 -Wall -c -fmessage-length=0 -mcpu=cortex-m3 -mthumb -D__REDLIB__ -specs=redlib.specs -MMD -MP -MF"portable/port.d" -MT"portable/port.o" -MT"portable/port.d" -o "portable/port.o" "../portable/port.c"
Finished building: ../portable/port.c
 
Building file: ../demo_code/basic_io.c
Invoking: MCU C Compiler
arm-none-eabi-gcc -D__REDLIB__ -I"/Users/wavelife/Documents/UOC/TFC/pfc/FreeRTOS_Library/include" -I"/Users/wavelife/Documents/UOC/TFC/pfc/FreeRTOS_Library/portable" -I"/Users/wavelife/Documents/UOC/TFC/pfc/CMSISv2p00_LPC17xx/inc" -I"/Users/wavelife/Documents/UOC/TFC/pfc/FreeRTOS_Library/demo_code" -O1 -g3 -Wall -c -fmessage-length=0 -mcpu=cortex-m3 -mthumb -D__REDLIB__ -specs=redlib.specs -MMD -MP -MF"demo_code/basic_io.d" -MT"demo_code/basic_io.o" -MT"demo_code/basic_io.d" -o "demo_code/basic_io.o" "../demo_code/basic_io.c"
Finished building: ../demo_code/basic_io.c
 
Building file: ../demo_code/consoleprint.c
Invoking: MCU C Compiler
arm-none-eabi-gcc -D__REDLIB__ -I"/Users/wavelife/Documents/UOC/TFC/pfc/FreeRTOS_Library/include" -I"/Users/wavelife/Documents/UOC/TFC/pfc/FreeRTOS_Library/portable" -I"/Users/wavelife/Documents/UOC/TFC/pfc/CMSISv2p00_LPC17xx/inc" -I"/Users/wavelife/Documents/UOC/TFC/pfc/FreeRTOS_Library/demo_code" -O1 -g3 -Wall -c -fmessage-length=0 -mcpu=cortex-m3 -mthumb -D__REDLIB__ -specs=redlib.specs -MMD -MP -MF"demo_code/consoleprint.d" -MT"demo_code/consoleprint.o" -MT"demo_code/consoleprint.d" -o "demo_code/consoleprint.o" "../demo_code/consoleprint.c"
Finished building: ../demo_code/consoleprint.c
 
Building file: ../croutine.c
Invoking: MCU C Compiler
arm-none-eabi-gcc -D__REDLIB__ -I"/Users/wavelife/Documents/UOC/TFC/pfc/FreeRTOS_Library/include" -I"/Users/wavelife/Documents/UOC/TFC/pfc/FreeRTOS_Library/portable" -I"/Users/wavelife/Documents/UOC/TFC/pfc/CMSISv2p00_LPC17xx/inc" -I"/Users/wavelife/Documents/UOC/TFC/pfc/FreeRTOS_Library/demo_code" -O1 -g3 -Wall -c -fmessage-length=0 -mcpu=cortex-m3 -mthumb -D__REDLIB__ -specs=redlib.specs -MMD -MP -MF"croutine.d" -MT"croutine.o" -MT"croutine.d" -o "croutine.o" "../croutine.c"
Finished building: ../croutine.c
 
Building file: ../list.c
Invoking: MCU C Compiler
arm-none-eabi-gcc -D__REDLIB__ -I"/Users/wavelife/Documents/UOC/TFC/pfc/FreeRTOS_Library/include" -I"/Users/wavelife/Documents/UOC/TFC/pfc/FreeRTOS_Library/portable" -I"/Users/wavelife/Documents/UOC/TFC/pfc/CMSISv2p00_LPC17xx/inc" -I"/Users/wavelife/Documents/UOC/TFC/pfc/FreeRTOS_Library/demo_code" -O1 -g3 -Wall -c -fmessage-length=0 -mcpu=cortex-m3 -mthumb -D__REDLIB__ -specs=redlib.specs -MMD -MP -MF"list.d" -MT"list.o" -MT"list.d" -o "list.o" "../list.c"
Finished building: ../list.c
 
Building file: ../queue.c
Invoking: MCU C Compiler
arm-none-eabi-gcc -D__REDLIB__ -I"/Users/wavelife/Documents/UOC/TFC/pfc/FreeRTOS_Library/include" -I"/Users/wavelife/Documents/UOC/TFC/pfc/FreeRTOS_Library/portable" -I"/Users/wavelife/Documents/UOC/TFC/pfc/CMSISv2p00_LPC17xx/inc" -I"/Users/wavelife/Documents/UOC/TFC/pfc/FreeRTOS_Library/demo_code" -O1 -g3 -Wall -c -fmessage-length=0 -mcpu=cortex-m3 -mthumb -D__REDLIB__ -specs=redlib.specs -MMD -MP -MF"queue.d" -MT"queue.o" -MT"queue.d" -o "queue.o" "../queue.c"
Finished building: ../queue.c
 
Building file: ../tasks.c
Invoking: MCU C Compiler
arm-none-eabi-gcc -D__REDLIB__ -I"/Users/wavelife/Documents/UOC/TFC/pfc/FreeRTOS_Library/include" -I"/Users/wavelife/Documents/UOC/TFC/pfc/FreeRTOS_Library/portable" -I"/Users/wavelife/Documents/UOC/TFC/pfc/CMSISv2p00_LPC17xx/inc" -I"/Users/wavelife/Documents/UOC/TFC/pfc/FreeRTOS_Library/demo_code" -O1 -g3 -Wall -c -fmessage-length=0 -mcpu=cortex-m3 -mthumb -D__REDLIB__ -specs=redlib.specs -MMD -MP -MF"tasks.d" -MT"tasks.o" -MT"tasks.d" -o "tasks.o" "../tasks.c"
Finished building: ../tasks.c
 
Building file: ../timers.c
Invoking: MCU C Compiler
arm-none-eabi-gcc -D__REDLIB__ -I"/Users/wavelife/Documents/UOC/TFC/pfc/FreeRTOS_Library/include" -I"/Users/wavelife/Documents/UOC/TFC/pfc/FreeRTOS_Library/portable" -I"/Users/wavelife/Documents/UOC/TFC/pfc/CMSISv2p00_LPC17xx/inc" -I"/Users/wavelife/Documents/UOC/TFC/pfc/FreeRTOS_Library/demo_code" -O1 -g3 -Wall -c -fmessage-length=0 -mcpu=cortex-m3 -mthumb -D__REDLIB__ -specs=redlib.specs -MMD -MP -MF"timers.d" -MT"timers.o" -MT"timers.d" -o "timers.o" "../timers.c"
Finished building: ../timers.c
 
Building target: libFreeRTOS_Library.a
Invoking: MCU Archiver
arm-none-eabi-ar -r  "libFreeRTOS_Library.a"  ./portable/heap_2.o ./portable/port.o  ./demo_code/basic_io.o ./demo_code/consoleprint.o  ./croutine.o ./list.o ./queue.o ./tasks.o ./timers.o   
arm-none-eabi-ar: creating libFreeRTOS_Library.a
Finished building target: libFreeRTOS_Library.a
 
make --no-print-directory post-build
Performing post-build steps
arm-none-eabi-size libFreeRTOS_Library.a ; # arm-none-eabi-objdump -h -S libFreeRTOS_Library.a >libFreeRTOS_Library.lss
   text	   data	    bss	    dec	    hex	filename
    284	      4	  19480	  19768	   4d38	heap_2.o (ex libFreeRTOS_Library.a)
    308	      4	      0	    312	    138	port.o (ex libFreeRTOS_Library.a)
     88	      0	     52	    140	     8c	basic_io.o (ex libFreeRTOS_Library.a)
     20	      0	      0	     20	     14	consoleprint.o (ex libFreeRTOS_Library.a)
    668	      0	    128	    796	    31c	croutine.o (ex libFreeRTOS_Library.a)
    156	      0	      0	    156	     9c	list.o (ex libFreeRTOS_Library.a)
   1396	      0	      0	   1396	    574	queue.o (ex libFreeRTOS_Library.a)
   3116	      4	    308	   3428	    d64	tasks.o (ex libFreeRTOS_Library.a)
      0	      0	      0	      0	      0	timers.o (ex libFreeRTOS_Library.a)
 

09:07:49 Build Finished (took 1s.509ms)

