13:08:08 **** Incremental Build of configuration Debug for project CMSISv2p00_LPC17xx ****
make -r all 
make: Nothing to be done for `all'.
13:08:08 **** Incremental Build of configuration Debug for project FreeRTOS_Library ****
make -r all 
make: Nothing to be done for `all'.
13:08:08 **** Incremental Build of configuration Debug for project LPC1769_UOC_Library ****
make -r all 
make: Nothing to be done for `all'.
13:08:09 **** Incremental Build of configuration Debug for project SimpleDemo_usingLib ****
make -r all 
make: Nothing to be done for `all'.
13:08:54 **** Incremental Build of configuration Debug for project Example01 ****
make -r all 
Building target: Example01.axf
Invoking: MCU Linker
arm-none-eabi-gcc -nostdlib -L"/Users/Carles/Documents/pfc/CMSISv2p00_LPC17xx/Debug" -L"/Users/Carles/Documents/pfc/FreeRTOS_Library/Debug" -Xlinker --gc-sections -Xlinker -Map=Example01.map -mcpu=cortex-m3 -mthumb -T "Example01_0_Debug.ld" -o "Example01.axf"  ./cr_startup_lpc17.o ./log.o ./main.o ./printf.o ./uart.o   -lCMSISv2p00_LPC17xx -lFreeRTOS_Library
Finished building target: Example01.axf
 
make --no-print-directory post-build
Performing post-build steps
arm-none-eabi-size Example01.axf; # arm-none-eabi-objcopy -O ihex Example01.axf Example01.hex ;
   text	   data	    bss	    dec	    hex	filename
  19512	     28	  20552	  40092	   9c9c	Example01.axf
 
