09:07:49 **** Build of configuration Debug for project LPC1769_UOC_Library ****
make -r all 
Building file: ../src/gpio.c
Invoking: MCU C Compiler
arm-none-eabi-gcc -D__REDLIB__ -DDEBUG -D__CODE_RED -DCORE_M3 -D__USE_CMSIS=CMSISv2p00_LPC17xx -D__LPC17XX__ -I"/Users/wavelife/Documents/UOC/TFC/pfc/LPC1769_UOC_Library/inc" -I"/Users/wavelife/Documents/UOC/TFC/pfc/CMSISv2p00_LPC17xx/inc" -I"/Users/wavelife/Documents/UOC/TFC/pfc/FreeRTOS_Library/include" -I"/Users/wavelife/Documents/UOC/TFC/pfc/FreeRTOS_Library/portable" -O0 -g3 -Wall -c -fmessage-length=0 -fno-builtin -ffunction-sections -fdata-sections -mcpu=cortex-m3 -mthumb -specs=redlib.specs -MMD -MP -MF"src/gpio.d" -MT"src/gpio.o" -MT"src/gpio.d" -o "src/gpio.o" "../src/gpio.c"
Finished building: ../src/gpio.c
 
Building file: ../src/led.c
Invoking: MCU C Compiler
arm-none-eabi-gcc -D__REDLIB__ -DDEBUG -D__CODE_RED -DCORE_M3 -D__USE_CMSIS=CMSISv2p00_LPC17xx -D__LPC17XX__ -I"/Users/wavelife/Documents/UOC/TFC/pfc/LPC1769_UOC_Library/inc" -I"/Users/wavelife/Documents/UOC/TFC/pfc/CMSISv2p00_LPC17xx/inc" -I"/Users/wavelife/Documents/UOC/TFC/pfc/FreeRTOS_Library/include" -I"/Users/wavelife/Documents/UOC/TFC/pfc/FreeRTOS_Library/portable" -O0 -g3 -Wall -c -fmessage-length=0 -fno-builtin -ffunction-sections -fdata-sections -mcpu=cortex-m3 -mthumb -specs=redlib.specs -MMD -MP -MF"src/led.d" -MT"src/led.o" -MT"src/led.d" -o "src/led.o" "../src/led.c"
Finished building: ../src/led.c
 
Building file: ../src/log.c
Invoking: MCU C Compiler
arm-none-eabi-gcc -D__REDLIB__ -DDEBUG -D__CODE_RED -DCORE_M3 -D__USE_CMSIS=CMSISv2p00_LPC17xx -D__LPC17XX__ -I"/Users/wavelife/Documents/UOC/TFC/pfc/LPC1769_UOC_Library/inc" -I"/Users/wavelife/Documents/UOC/TFC/pfc/CMSISv2p00_LPC17xx/inc" -I"/Users/wavelife/Documents/UOC/TFC/pfc/FreeRTOS_Library/include" -I"/Users/wavelife/Documents/UOC/TFC/pfc/FreeRTOS_Library/portable" -O0 -g3 -Wall -c -fmessage-length=0 -fno-builtin -ffunction-sections -fdata-sections -mcpu=cortex-m3 -mthumb -specs=redlib.specs -MMD -MP -MF"src/log.d" -MT"src/log.o" -MT"src/log.d" -o "src/log.o" "../src/log.c"
Finished building: ../src/log.c
 
Building file: ../src/printf.c
Invoking: MCU C Compiler
arm-none-eabi-gcc -D__REDLIB__ -DDEBUG -D__CODE_RED -DCORE_M3 -D__USE_CMSIS=CMSISv2p00_LPC17xx -D__LPC17XX__ -I"/Users/wavelife/Documents/UOC/TFC/pfc/LPC1769_UOC_Library/inc" -I"/Users/wavelife/Documents/UOC/TFC/pfc/CMSISv2p00_LPC17xx/inc" -I"/Users/wavelife/Documents/UOC/TFC/pfc/FreeRTOS_Library/include" -I"/Users/wavelife/Documents/UOC/TFC/pfc/FreeRTOS_Library/portable" -O0 -g3 -Wall -c -fmessage-length=0 -fno-builtin -ffunction-sections -fdata-sections -mcpu=cortex-m3 -mthumb -specs=redlib.specs -MMD -MP -MF"src/printf.d" -MT"src/printf.o" -MT"src/printf.d" -o "src/printf.o" "../src/printf.c"
Finished building: ../src/printf.c
 
Building file: ../src/uart.c
Invoking: MCU C Compiler
arm-none-eabi-gcc -D__REDLIB__ -DDEBUG -D__CODE_RED -DCORE_M3 -D__USE_CMSIS=CMSISv2p00_LPC17xx -D__LPC17XX__ -I"/Users/wavelife/Documents/UOC/TFC/pfc/LPC1769_UOC_Library/inc" -I"/Users/wavelife/Documents/UOC/TFC/pfc/CMSISv2p00_LPC17xx/inc" -I"/Users/wavelife/Documents/UOC/TFC/pfc/FreeRTOS_Library/include" -I"/Users/wavelife/Documents/UOC/TFC/pfc/FreeRTOS_Library/portable" -O0 -g3 -Wall -c -fmessage-length=0 -fno-builtin -ffunction-sections -fdata-sections -mcpu=cortex-m3 -mthumb -specs=redlib.specs -MMD -MP -MF"src/uart.d" -MT"src/uart.o" -MT"src/uart.d" -o "src/uart.o" "../src/uart.c"
Finished building: ../src/uart.c
 
Building target: libLPC1769_UOC_Library.a
Invoking: MCU Archiver
arm-none-eabi-ar -r  "libLPC1769_UOC_Library.a"  ./src/gpio.o ./src/led.o ./src/log.o ./src/printf.o ./src/uart.o   
arm-none-eabi-ar: creating libLPC1769_UOC_Library.a
Finished building target: libLPC1769_UOC_Library.a
 
make --no-print-directory post-build
Performing post-build steps
arm-none-eabi-size "libLPC1769_UOC_Library.a" ; # arm-none-eabi-objdump -h -S "libLPC1769_UOC_Library.a" >"libLPC1769_UOC_Library.lss"
   text	   data	    bss	    dec	    hex	filename
    112	      0	      0	    112	     70	gpio.o (ex libLPC1769_UOC_Library.a)
     96	      0	      0	     96	     60	led.o (ex libLPC1769_UOC_Library.a)
    228	      1	      0	    229	     e5	log.o (ex libLPC1769_UOC_Library.a)
    884	      4	     16	    904	    388	printf.o (ex libLPC1769_UOC_Library.a)
   1972	      4	     16	   1992	    7c8	uart.o (ex libLPC1769_UOC_Library.a)
 

09:07:50 Build Finished (took 689ms)

