13:44:43 **** Build of configuration Debug for project SimpleDemo ****
make -r all 
Building target: SimpleDemo.axf
Invoking: MCU Linker
arm-none-eabi-gcc -nostdlib -L"/Users/wavelife/LPCXpresso/pfc/CMSISv2p00_LPC17xx/Debug" -L"/Users/wavelife/LPCXpresso/pfc/FreeRTOS_Library/Debug" -Xlinker --gc-sections -Xlinker -Map=SimpleDemo.map -mcpu=cortex-m3 -mthumb -T "SimpleDemo_Debug.ld" -o "SimpleDemo.axf"  ./cr_startup_lpc17.o ./main.o   -lCMSISv2p00_LPC17xx -lFreeRTOS_Library
Finished building target: SimpleDemo.axf
 
make --no-print-directory post-build
Performing post-build steps
arm-none-eabi-size SimpleDemo.axf; # arm-none-eabi-objcopy -O ihex SimpleDemo.axf SimpleDemo.hex ;
   text	   data	    bss	    dec	    hex	filename
  16312	     12	  20208	  36532	   8eb4	SimpleDemo.axf
 

13:44:43 Build Finished (took 205ms)

